Component: Arm Compiler for Embedded 6.24 Tool: armlink [5f371500]

==============================================================================

Section Cross References

    startup_stm32h723xx.o(STACK) refers (Special) to heapauxi.o(.text) for __use_two_region_memory
    startup_stm32h723xx.o(HEAP) refers (Special) to heapauxi.o(.text) for __use_two_region_memory
    startup_stm32h723xx.o(RESET) refers (Special) to heapauxi.o(.text) for __use_two_region_memory
    startup_stm32h723xx.o(RESET) refers to startup_stm32h723xx.o(STACK) for __initial_sp
    startup_stm32h723xx.o(RESET) refers to startup_stm32h723xx.o(.text) for Reset_Handler
    startup_stm32h723xx.o(RESET) refers to stm32h7xx_it.o(.text.NMI_Handler) for NMI_Handler
    startup_stm32h723xx.o(RESET) refers to stm32h7xx_it.o(.text.HardFault_Handler) for HardFault_Handler
    startup_stm32h723xx.o(RESET) refers to stm32h7xx_it.o(.text.MemManage_Handler) for MemManage_Handler
    startup_stm32h723xx.o(RESET) refers to stm32h7xx_it.o(.text.BusFault_Handler) for BusFault_Handler
    startup_stm32h723xx.o(RESET) refers to stm32h7xx_it.o(.text.UsageFault_Handler) for UsageFault_Handler
    startup_stm32h723xx.o(RESET) refers to stm32h7xx_it.o(.text.SVC_Handler) for SVC_Handler
    startup_stm32h723xx.o(RESET) refers to stm32h7xx_it.o(.text.DebugMon_Handler) for DebugMon_Handler
    startup_stm32h723xx.o(RESET) refers to stm32h7xx_it.o(.text.PendSV_Handler) for PendSV_Handler
    startup_stm32h723xx.o(RESET) refers to stm32h7xx_it.o(.text.SysTick_Handler) for SysTick_Handler
    startup_stm32h723xx.o(RESET) refers to stm32h7xx_it.o(.text.DMA1_Stream0_IRQHandler) for DMA1_Stream0_IRQHandler
    startup_stm32h723xx.o(RESET) refers to stm32h7xx_it.o(.text.DMA1_Stream1_IRQHandler) for DMA1_Stream1_IRQHandler
    startup_stm32h723xx.o(RESET) refers to stm32h7xx_it.o(.text.DMA1_Stream2_IRQHandler) for DMA1_Stream2_IRQHandler
    startup_stm32h723xx.o(RESET) refers to stm32h7xx_it.o(.text.DMA1_Stream3_IRQHandler) for DMA1_Stream3_IRQHandler
    startup_stm32h723xx.o(RESET) refers to stm32h7xx_it.o(.text.DMA1_Stream4_IRQHandler) for DMA1_Stream4_IRQHandler
    startup_stm32h723xx.o(RESET) refers to stm32h7xx_it.o(.text.DMA1_Stream5_IRQHandler) for DMA1_Stream5_IRQHandler
    startup_stm32h723xx.o(RESET) refers to stm32h7xx_it.o(.text.DMA1_Stream6_IRQHandler) for DMA1_Stream6_IRQHandler
    startup_stm32h723xx.o(RESET) refers to stm32h7xx_it.o(.text.USART2_IRQHandler) for USART2_IRQHandler
    startup_stm32h723xx.o(RESET) refers to stm32h7xx_it.o(.text.TIM8_TRG_COM_TIM14_IRQHandler) for TIM8_TRG_COM_TIM14_IRQHandler
    startup_stm32h723xx.o(RESET) refers to stm32h7xx_it.o(.text.DMA1_Stream7_IRQHandler) for DMA1_Stream7_IRQHandler
    startup_stm32h723xx.o(RESET) refers to stm32h7xx_it.o(.text.TIM5_IRQHandler) for TIM5_IRQHandler
    startup_stm32h723xx.o(RESET) refers to stm32h7xx_it.o(.text.DMA2_Stream0_IRQHandler) for DMA2_Stream0_IRQHandler
    startup_stm32h723xx.o(RESET) refers to stm32h7xx_it.o(.text.DMA2_Stream1_IRQHandler) for DMA2_Stream1_IRQHandler
    startup_stm32h723xx.o(RESET) refers to stm32h7xx_it.o(.text.DMA2_Stream2_IRQHandler) for DMA2_Stream2_IRQHandler
    startup_stm32h723xx.o(RESET) refers to stm32h7xx_it.o(.text.DMA2_Stream3_IRQHandler) for DMA2_Stream3_IRQHandler
    startup_stm32h723xx.o(RESET) refers to stm32h7xx_it.o(.text.DMA2_Stream4_IRQHandler) for DMA2_Stream4_IRQHandler
    startup_stm32h723xx.o(RESET) refers to stm32h7xx_it.o(.text.DMA2_Stream5_IRQHandler) for DMA2_Stream5_IRQHandler
    startup_stm32h723xx.o(RESET) refers to stm32h7xx_it.o(.text.DMA2_Stream6_IRQHandler) for DMA2_Stream6_IRQHandler
    startup_stm32h723xx.o(RESET) refers to stm32h7xx_it.o(.text.DMA2_Stream7_IRQHandler) for DMA2_Stream7_IRQHandler
    startup_stm32h723xx.o(.text) refers (Special) to heapauxi.o(.text) for __use_two_region_memory
    startup_stm32h723xx.o(.text) refers to system_stm32h7xx.o(.text.ExitRun0Mode) for ExitRun0Mode
    startup_stm32h723xx.o(.text) refers to system_stm32h7xx.o(.text.SystemInit) for SystemInit
    startup_stm32h723xx.o(.text) refers to __main.o(!!!main) for __main
    startup_stm32h723xx.o(.text) refers to startup_stm32h723xx.o(HEAP) for Heap_Mem
    startup_stm32h723xx.o(.text) refers to startup_stm32h723xx.o(STACK) for Stack_Mem
    main.o(.text.main) refers to main.o(.text._ZL10MPU_Configv) for MPU_Config()
    main.o(.text.main) refers to stm32h7xx_hal.o(.text.HAL_Init) for HAL_Init
    main.o(.text.main) refers to stm32h7xx_hal.o(.text.HAL_InitTick) for HAL_InitTick
    main.o(.text.main) refers to main.o(.text.Error_Handler) for Error_Handler
    main.o(.text.main) refers to main.o(.text._Z18SystemClock_Configv) for SystemClock_Config()
    main.o(.text.main) refers to gpio.o(.text.MX_GPIO_Init) for MX_GPIO_Init
    main.o(.text.main) refers to dma.o(.text.MX_DMA_Init) for MX_DMA_Init
    main.o(.text.main) refers to tim.o(.text.MX_TIM4_Init) for MX_TIM4_Init
[...]
    __scatterload_rt2                        0x080002d5   Thumb Code    84  __scatter.o(!!!scatter)
    __scatterload_rt2_thumb_only             0x080002d5   Thumb Code     0  __scatter.o(!!!scatter)
    __scatterload_loop                       0x080002df   Thumb Code     0  __scatter.o(!!!scatter)
    __scatterload_copy                       0x08000331   Thumb Code    26  __scatter_copy.o(!!handler_copy)
    __scatterload_null                       0x0800034d   Thumb Code     2  __scatter.o(!!handler_null)
    __scatterload_zeroinit                   0x08000351   Thumb Code    28  __scatter_zi.o(!!handler_zi)
    __rt_lib_init                            0x0800036d   Thumb Code     0  libinit.o(.ARM.Collect$$libinit$$00000000)
    __rt_lib_init_fp_1                       0x0800036f   Thumb Code     0  libinit2.o(.ARM.Collect$$libinit$$00000001)
    __rt_lib_init_alloca_1                   0x08000373   Thumb Code     0  libinit2.o(.ARM.Collect$$libinit$$00000030)
    __rt_lib_init_argv_1                     0x08000373   Thumb Code     0  libinit2.o(.ARM.Collect$$libinit$$0000002E)
    __rt_lib_init_atexit_1                   0x08000373   Thumb Code     0  libinit2.o(.ARM.Collect$$libinit$$0000001D)
    __rt_lib_init_clock_1                    0x08000373   Thumb Code     0  libinit2.o(.ARM.Collect$$libinit$$00000023)
    __rt_lib_init_cpp_1                      0x08000373   Thumb Code     0  libinit2.o(.ARM.Collect$$libinit$$00000034)
    __rt_lib_init_exceptions_1               0x08000373   Thumb Code     0  libinit2.o(.ARM.Collect$$libinit$$00000032)
    __rt_lib_init_fp_trap_1                  0x08000373   Thumb Code     0  libinit2.o(.ARM.Collect$$libinit$$00000021)
    __rt_lib_init_getenv_1                   0x08000373   Thumb Code     0  libinit2.o(.ARM.Collect$$libinit$$00000025)
    __rt_lib_init_heap_1                     0x08000373   Thumb Code     0  libinit2.o(.ARM.Collect$$libinit$$0000000C)
    __rt_lib_init_lc_collate_1               0x08000373   Thumb Code     0  libinit2.o(.ARM.Collect$$libinit$$00000013)
    __rt_lib_init_lc_ctype_1                 0x08000373   Thumb Code     0  libinit2.o(.ARM.Collect$$libinit$$00000015)
    __rt_lib_init_lc_monetary_1              0x08000373   Thumb Code     0  libinit2.o(.ARM.Collect$$libinit$$00000017)
    __rt_lib_init_lc_numeric_1               0x08000373   Thumb Code     0  libinit2.o(.ARM.Collect$$libinit$$00000019)
    __rt_lib_init_lc_time_1                  0x08000373   Thumb Code     0  libinit2.o(.ARM.Collect$$libinit$$0000001B)
    __rt_lib_init_preinit_1                  0x08000373   Thumb Code     0  libinit2.o(.ARM.Collect$$libinit$$00000006)
    __rt_lib_init_rand_1                     0x08000373   Thumb Code     0  libinit2.o(.ARM.Collect$$libinit$$00000010)
    __rt_lib_init_relocate_pie_1             0x08000373   Thumb Code     0  libinit2.o(.ARM.Collect$$libinit$$00000004)
    __rt_lib_init_return                     0x08000373   Thumb Code     0  libinit2.o(.ARM.Collect$$libinit$$00000035)
    __rt_lib_init_signal_1                   0x08000373   Thumb Code     0  libinit2.o(.ARM.Collect$$libinit$$0000001F)
    __rt_lib_init_stdio_1                    0x08000373   Thumb Code     0  libinit2.o(.ARM.Collect$$libinit$$00000027)
    __rt_lib_init_user_alloc_1               0x08000373   Thumb Code     0  libinit2.o(.ARM.Collect$$libinit$$0000000E)
    __rt_lib_shutdown                        0x08000375   Thumb Code     0  libshutdown.o(.ARM.Collect$$libshutdown$$00000000)
    __rt_lib_shutdown_cpp_1                  0x08000377   Thumb Code     0  libshutdown2.o(.ARM.Collect$$libshutdown$$00000002)
    __rt_lib_shutdown_fp_trap_1              0x08000377   Thumb Code     0  libshutdown2.o(.ARM.Collect$$libshutdown$$00000007)
    __rt_lib_shutdown_heap_1                 0x08000377   Thumb Code     0  libshutdown2.o(.ARM.Collect$$libshutdown$$0000000F)
    __rt_lib_shutdown_return                 0x08000377   Thumb Code     0  libshutdown2.o(.ARM.Collect$$libshutdown$$00000010)
    __rt_lib_shutdown_signal_1               0x08000377   Thumb Code     0  libshutdown2.o(.ARM.Collect$$libshutdown$$0000000A)
    __rt_lib_shutdown_stdio_1                0x08000377   Thumb Code     0  libshutdown2.o(.ARM.Collect$$libshutdown$$00000004)
    __rt_lib_shutdown_user_alloc_1           0x08000377   Thumb Code     0  libshutdown2.o(.ARM.Collect$$libshutdown$$0000000C)
    __rt_entry                               0x08000379   Thumb Code     0  __rtentry.o(.ARM.Collect$$rtentry$$00000000)
    __rt_entry_presh_1                       0x08000379   Thumb Code     0  __rtentry2.o(.ARM.Collect$$rtentry$$00000002)
    __rt_entry_sh                            0x08000379   Thumb Code     0  __rtentry4.o(.ARM.Collect$$rtentry$$00000004)
    __rt_entry_li                            0x0800037f   Thumb Code     0  __rtentry2.o(.ARM.Collect$$rtentry$$0000000A)
    __rt_entry_postsh_1                      0x0800037f   Thumb Code     0  __rtentry2.o(.ARM.Collect$$rtentry$$00000009)
    __rt_entry_main                          0x08000383   Thumb Code     0  __rtentry2.o(.ARM.Collect$$rtentry$$0000000D)
    __rt_entry_postli_1                      0x08000383   Thumb Code     0  __rtentry2.o(.ARM.Collect$$rtentry$$0000000C)
    __rt_exit                                0x0800038b   Thumb Code     0  rtexit.o(.ARM.Collect$$rtexit$$00000000)
    __rt_exit_ls                             0x0800038d   Thumb Code     0  rtexit2.o(.ARM.Collect$$rtexit$$00000003)
    __rt_exit_prels_1                        0x0800038d   Thumb Code     0  rtexit2.o(.ARM.Collect$$rtexit$$00000002)
    __rt_exit_exit                           0x08000391   Thumb Code     0  rtexit2.o(.ARM.Collect$$rtexit$$00000004)
    Reset_Handler                            0x08000399   Thumb Code    12  startup_stm32h723xx.o(.text)
    ADC3_IRQHandler                          0x080003b7   Thumb Code     0  startup_stm32h723xx.o(.text)
    ADC_IRQHandler                           0x080003b7   Thumb Code     0  startup_stm32h723xx.o(.text)
    BDMA_Channel0_IRQHandler                 0x080003b7   Thumb Code     0  startup_stm32h723xx.o(.text)
    BDMA_Channel1_IRQHandler                 0x080003b7   Thumb Code     0  startup_stm32h723xx.o(.text)
    BDMA_Channel2_IRQHandler                 0x080003b7   Thumb Code     0  startup_stm32h723xx.o(.text)
    BDMA_Channel3_IRQHandler                 0x080003b7   Thumb Code     0  startup_stm32h723xx.o(.text)
    BDMA_Channel4_IRQHandler                 0x080003b7   Thumb Code     0  startup_stm32h723xx.o(.text)
    BDMA_Channel5_IRQHandler                 0x080003b7   Thumb Code     0  startup_stm32h723xx.o(.text)
    BDMA_Channel6_IRQHandler                 0x080003b7   Thumb Code     0  startup_stm32h723xx.o(.text)
    BDMA_Channel7_IRQHandler                 0x080003b7   Thumb Code     0  startup_stm32h723xx.o(.text)
    CEC_IRQHandler                           0x080003b7   Thumb Code     0  startup_stm32h723xx.o(.text)
    COMP1_IRQHandler                         0x080003b7   Thumb Code     0  startup_stm32h723xx.o(.text)
    CORDIC_IRQHandler                        0x080003b7   Thumb Code     0  startup_stm32h723xx.o(.text)
    CRS_IRQHandler                           0x080003b7   Thumb Code     0  startup_stm32h723xx.o(.text)
    DCMI_PSSI_IRQHandler                     0x080003b7   Thumb Code     0  startup_stm32h723xx.o(.text)
    DFSDM1_FLT0_IRQHandler                   0x080003b7   Thumb Code     0  startup_stm32h723xx.o(.text)
    DFSDM1_FLT1_IRQHandler                   0x080003b7   Thumb Code     0  startup_stm32h723xx.o(.text)
    DFSDM1_FLT2_IRQHandler                   0x080003b7   Thumb Code     0  startup_stm32h723xx.o(.text)
    DFSDM1_FLT3_IRQHandler                   0x080003b7   Thumb Code     0  startup_stm32h723xx.o(.text)
    DMA2D_IRQHandler                         0x080003b7   Thumb Code     0  startup_stm32h723xx.o(.text)
    DMAMUX1_OVR_IRQHandler                   0x080003b7   Thumb Code     0  startup_stm32h723xx.o(.text)
    DMAMUX2_OVR_IRQHandler                   0x080003b7   Thumb Code     0  startup_stm32h723xx.o(.text)
    DTS_IRQHandler                           0x080003b7   Thumb Code     0  startup_stm32h723xx.o(.text)
    ECC_IRQHandler                           0x080003b7   Thumb Code     0  startup_stm32h723xx.o(.text)
    ETH_IRQHandler                           0x080003b7   Thumb Code     0  startup_stm32h723xx.o(.text)
    ETH_WKUP_IRQHandler                      0x080003b7   Thumb Code     0  startup_stm32h723xx.o(.text)
    EXTI0_IRQHandler                         0x080003b7   Thumb Code     0  startup_stm32h723xx.o(.text)
    EXTI15_10_IRQHandler                     0x080003b7   Thumb Code     0  startup_stm32h723xx.o(.text)
    EXTI1_IRQHandler                         0x080003b7   Thumb Code     0  startup_stm32h723xx.o(.text)
    EXTI2_IRQHandler                         0x080003b7   Thumb Code     0  startup_stm32h723xx.o(.text)
    EXTI3_IRQHandler                         0x080003b7   Thumb Code     0  startup_stm32h723xx.o(.text)
    EXTI4_IRQHandler                         0x080003b7   Thumb Code     0  startup_stm32h723xx.o(.text)
    EXTI9_5_IRQHandler                       0x080003b7   Thumb Code     0  startup_stm32h723xx.o(.text)
    FDCAN1_IT0_IRQHandler                    0x080003b7   Thumb Code     0  startup_stm32h723xx.o(.text)
    FDCAN1_IT1_IRQHandler                    0x080003b7   Thumb Code     0  startup_stm32h723xx.o(.text)
    FDCAN2_IT0_IRQHandler                    0x080003b7   Thumb Code     0  startup_stm32h723xx.o(.text)
    FDCAN2_IT1_IRQHandler                    0x080003b7   Thumb Code     0  startup_stm32h723xx.o(.text)
    FDCAN3_IT0_IRQHandler                    0x080003b7   Thumb Code     0  startup_stm32h723xx.o(.text)
    FDCAN3_IT1_IRQHandler                    0x080003b7   Thumb Code     0  startup_stm32h723xx.o(.text)
    FDCAN_CAL_IRQHandler                     0x080003b7   Thumb Code     0  startup_stm32h723xx.o(.text)
    FLASH_IRQHandler                         0x080003b7   Thumb Code     0  startup_stm32h723xx.o(.text)
    FMAC_IRQHandler                          0x080003b7   Thumb Code     0  startup_stm32h723xx.o(.text)
    FMC_IRQHandler                           0x080003b7   Thumb Code     0  startup_stm32h723xx.o(.text)
    FPU_IRQHandler                           0x080003b7   Thumb Code     0  startup_stm32h723xx.o(.text)
    HSEM1_IRQHandler                         0x080003b7   Thumb Code     0  startup_stm32h723xx.o(.text)
    I2C1_ER_IRQHandler                       0x080003b7   Thumb Code     0  startup_stm32h723xx.o(.text)
    I2C1_EV_IRQHandler                       0x080003b7   Thumb Code     0  startup_stm32h723xx.o(.text)
    I2C2_ER_IRQHandler                       0x080003b7   Thumb Code     0  startup_stm32h723xx.o(.text)
    I2C2_EV_IRQHandler                       0x080003b7   Thumb Code     0  startup_stm32h723xx.o(.text)
    I2C3_ER_IRQHandler                       0x080003b7   Thumb Code     0  startup_stm32h723xx.o(.text)
    I2C3_EV_IRQHandler                       0x080003b7   Thumb Code     0  startup_stm32h723xx.o(.text)
    I2C4_ER_IRQHandler                       0x080003b7   Thumb Code     0  startup_stm32h723xx.o(.text)
    I2C4_EV_IRQHandler                       0x080003b7   Thumb Code     0  startup_stm32h723xx.o(.text)
    I2C5_ER_IRQHandler                       0x080003b7   Thumb Code     0  startup_stm32h723xx.o(.text)
    I2C5_EV_IRQHandler                       0x080003b7   Thumb Code     0  startup_stm32h723xx.o(.text)
    LPTIM1_IRQHandler                        0x080003b7   Thumb Code     0  startup_stm32h723xx.o(.text)
    LPTIM2_IRQHandler                        0x080003b7   Thumb Code     0  startup_stm32h723xx.o(.text)
    LPTIM3_IRQHandler                        0x080003b7   Thumb Code     0  startup_stm32h723xx.o(.text)
    LPTIM4_IRQHandler                        0x080003b7   Thumb Code     0  startup_stm32h723xx.o(.text)
    LPTIM5_IRQHandler                        0x080003b7   Thumb Code     0  startup_stm32h723xx.o(.text)
    LPUART1_IRQHandler                       0x080003b7   Thumb Code     0  startup_stm32h723xx.o(.text)
    LTDC_ER_IRQHandler                       0x080003b7   Thumb Code     0  startup_stm32h723xx.o(.text)
    LTDC_IRQHandler                          0x080003b7   Thumb Code     0  startup_stm32h723xx.o(.text)
    MDIOS_IRQHandler                         0x080003b7   Thumb Code     0  startup_stm32h723xx.o(.text)
    MDIOS_WKUP_IRQHandler                    0x080003b7   Thumb Code     0  startup_stm32h723xx.o(.text)
    MDMA_IRQHandler                          0x080003b7   Thumb Code     0  startup_stm32h723xx.o(.text)
    OCTOSPI1_IRQHandler                      0x080003b7   Thumb Code     0  startup_stm32h723xx.o(.text)
    OCTOSPI2_IRQHandler                      0x080003b7   Thumb Code     0  startup_stm32h723xx.o(.text)
    OTG_HS_EP1_IN_IRQHandler                 0x080003b7   Thumb Code     0  startup_stm32h723xx.o(.text)
    OTG_HS_EP1_OUT_IRQHandler                0x080003b7   Thumb Code     0  startup_stm32h723xx.o(.text)
    OTG_HS_IRQHandler                        0x080003b7   Thumb Code     0  startup_stm32h723xx.o(.text)
    OTG_HS_WKUP_IRQHandler                   0x080003b7   Thumb Code     0  startup_stm32h723xx.o(.text)
    PVD_AVD_IRQHandler                       0x080003b7   Thumb Code     0  startup_stm32h723xx.o(.text)
    RCC_IRQHandler                           0x080003b7   Thumb Code     0  startup_stm32h723xx.o(.text)
    RNG_IRQHandler                           0x080003b7   Thumb Code     0  startup_stm32h723xx.o(.text)
    RTC_Alarm_IRQHandler                     0x080003b7   Thumb Code     0  startup_stm32h723xx.o(.text)
    RTC_WKUP_IRQHandler                      0x080003b7   Thumb Code     0  startup_stm32h723xx.o(.text)
    SAI1_IRQHandler                          0x080003b7   Thumb Code     0  startup_stm32h723xx.o(.text)
    SAI4_IRQHandler                          0x080003b7   Thumb Code     0  startup_stm32h723xx.o(.text)
    SDMMC1_IRQHandler                        0x080003b7   Thumb Code     0  startup_stm32h723xx.o(.text)
    SDMMC2_IRQHandler                        0x080003b7   Thumb Code     0  startup_stm32h723xx.o(.text)
    SPDIF_RX_IRQHandler                      0x080003b7   Thumb Code     0  startup_stm32h723xx.o(.text)
    SPI1_IRQHandler                          0x080003b7   Thumb Code     0  startup_stm32h723xx.o(.text)
    SPI2_IRQHandler                          0x080003b7   Thumb Code     0  startup_stm32h723xx.o(.text)
    SPI3_IRQHandler                          0x080003b7   Thumb Code     0  startup_stm32h723xx.o(.text)
    SPI4_IRQHandler                          0x080003b7   Thumb Code     0  startup_stm32h723xx.o(.text)
    SPI5_IRQHandler                          0x080003b7   Thumb Code     0  startup_stm32h723xx.o(.text)
    SPI6_IRQHandler                          0x080003b7   Thumb Code     0  startup_stm32h723xx.o(.text)
    SWPMI1_IRQHandler                        0x080003b7   Thumb Code     0  startup_stm32h723xx.o(.text)
    TAMP_STAMP_IRQHandler                    0x080003b7   Thumb Code     0  startup_stm32h723xx.o(.text)
    TIM15_IRQHandler                         0x080003b7   Thumb Code     0  startup_stm32h723xx.o(.text)
    TIM16_IRQHandler                         0x080003b7   Thumb Code     0  startup_stm32h723xx.o(.text)
    TIM17_IRQHandler                         0x080003b7   Thumb Code     0  startup_stm32h723xx.o(.text)
    TIM1_BRK_IRQHandler                      0x080003b7   Thumb Code     0  startup_stm32h723xx.o(.text)
    TIM1_CC_IRQHandler                       0x080003b7   Thumb Code     0  startup_stm32h723xx.o(.text)
    TIM1_TRG_COM_IRQHandler                  0x080003b7   Thumb Code     0  startup_stm32h723xx.o(.text)
    TIM1_UP_IRQHandler                       0x080003b7   Thumb Code     0  startup_stm32h723xx.o(.text)
    TIM23_IRQHandler                         0x080003b7   Thumb Code     0  startup_stm32h723xx.o(.text)
    TIM24_IRQHandler                         0x080003b7   Thumb Code     0  startup_stm32h723xx.o(.text)
    TIM2_IRQHandler                          0x080003b7   Thumb Code     0  startup_stm32h723xx.o(.text)
    TIM3_IRQHandler                          0x080003b7   Thumb Code     0  startup_stm32h723xx.o(.text)
    TIM4_IRQHandler                          0x080003b7   Thumb Code     0  startup_stm32h723xx.o(.text)
    TIM6_DAC_IRQHandler                      0x080003b7   Thumb Code     0  startup_stm32h723xx.o(.text)
    TIM7_IRQHandler                          0x080003b7   Thumb Code     0  startup_stm32h723xx.o(.text)
    TIM8_BRK_TIM12_IRQHandler                0x080003b7   Thumb Code     0  startup_stm32h723xx.o(.text)
    TIM8_CC_IRQHandler                       0x080003b7   Thumb Code     0  startup_stm32h723xx.o(.text)
    TIM8_UP_TIM13_IRQHandler                 0x080003b7   Thumb Code     0  startup_stm32h723xx.o(.text)
    UART4_IRQHandler                         0x080003b7   Thumb Code     0  startup_stm32h723xx.o(.text)
    UART5_IRQHandler                         0x080003b7   Thumb Code     0  startup_stm32h723xx.o(.text)
    UART7_IRQHandler                         0x080003b7   Thumb Code     0  startup_stm32h723xx.o(.text)
    UART8_IRQHandler                         0x080003b7   Thumb Code     0  startup_stm32h723xx.o(.text)
    UART9_IRQHandler                         0x080003b7   Thumb Code     0  startup_stm32h723xx.o(.text)
    USART10_IRQHandler                       0x080003b7   Thumb Code     0  startup_stm32h723xx.o(.text)
    USART1_IRQHandler                        0x080003b7   Thumb Code     0  startup_stm32h723xx.o(.text)
    USART3_IRQHandler                        0x080003b7   Thumb Code     0  startup_stm32h723xx.o(.text)
    USART6_IRQHandler                        0x080003b7   Thumb Code     0  startup_stm32h723xx.o(.text)
    WAKEUP_PIN_IRQHandler                    0x080003b7   Thumb Code     0  startup_stm32h723xx.o(.text)
    WWDG_IRQHandler                          0x080003b7   Thumb Code     0  startup_stm32h723xx.o(.text)
    __user_initial_stackheap                 0x080003b9   Thumb Code     0  startup_stm32h723xx.o(.text)
    __aeabi_uldivmod                         0x080003e1   Thumb Code     0  lludivv7m.o(.text)
    _ll_udiv                                 0x080003e1   Thumb Code   240  lludivv7m.o(.text)
    __aeabi_memclr4                          0x080004d1   Thumb Code     0  rt_memclr_w.o(.text)
    __aeabi_memclr8                          0x080004d1   Thumb Code     0  rt_memclr_w.o(.text)
    __rt_memclr_w                            0x080004d1   Thumb Code     0  rt_memclr_w.o(.text)
    _memset_w                                0x080004d5   Thumb Code    74  rt_memclr_w.o(.text)
    __use_two_region_memory                  0x0800051f   Thumb Code     2  heapauxi.o(.text)
    __rt_heap_escrow$2region                 0x08000521   Thumb Code     2  heapauxi.o(.text)
    __rt_heap_expand$2region                 0x08000523   Thumb Code     2  heapauxi.o(.text)
    abort                                    0x08000525   Thumb Code    22  abort.o(.text)
    _sys_exit                                0x0800053d   Thumb Code     8  sys_exit.o(.text)
    __user_setup_stackheap                   0x08000549   Thumb Code    74  sys_stackheap_outer.o(.text)
    exit                                     0x08000593   Thumb Code    18  exit.o(.text)
    __rt_SIGABRT                             0x080005a5   Thumb Code    14  defsig_abrt_outer.o(.text)
    __user_libspace                          0x080005b5   Thumb Code     8  libspace.o(.text)
    __user_perproc_libspace                  0x080005b5   Thumb Code     0  libspace.o(.text)
    __user_perthread_libspace                0x080005b5   Thumb Code     0  libspace.o(.text)
    __I$use$semihosting                      0x080005bd   Thumb Code     0  use_no_semi.o(.text)
    __use_no_semihosting_swi                 0x080005bd   Thumb Code     2  use_no_semi.o(.text)
    __semihosting_library_function           0x080005bf   Thumb Code     0  indicate_semi.o(.text)
    __sig_exit                               0x080005bf   Thumb Code    10  defsig_exit.o(.text)
    __rt_SIGABRT_inner                       0x080005c9   Thumb Code    14  defsig_abrt_inner.o(.text)
    __default_signal_display                 0x080005f9   Thumb Code    50  defsig_general.o(.text)
    _ttywrch                                 0x0800062b   Thumb Code    14  sys_wrch.o(.text)
    BusFault_Handler                         0x08000639   Thumb Code     4  stm32h7xx_it.o(.text.BusFault_Handler)
    DMA1_Stream0_IRQHandler                  0x08000641   Thumb Code    16  stm32h7xx_it.o(.text.DMA1_Stream0_IRQHandler)
    DMA1_Stream1_IRQHandler                  0x08000651   Thumb Code    16  stm32h7xx_it.o(.text.DMA1_Stream1_IRQHandler)
    DMA1_Stream2_IRQHandler                  0x08000661   Thumb Code    16  stm32h7xx_it.o(.text.DMA1_Stream2_IRQHandler)
    DMA1_Stream3_IRQHandler                  0x08000671   Thumb Code    16  stm32h7xx_it.o(.text.DMA1_Stream3_IRQHandler)
    DMA1_Stream4_IRQHandler                  0x08000681   Thumb Code    16  stm32h7xx_it.o(.text.DMA1_Stream4_IRQHandler)
    DMA1_Stream5_IRQHandler                  0x08000691   Thumb Code    16  stm32h7xx_it.o(.text.DMA1_Stream5_IRQHandler)
    DMA1_Stream6_IRQHandler                  0x080006a1   Thumb Code    16  stm32h7xx_it.o(.text.DMA1_Stream6_IRQHandler)
    DMA1_Stream7_IRQHandler                  0x080006b1   Thumb Code    66  stm32h7xx_it.o(.text.DMA1_Stream7_IRQHandler)
    DMA2_Stream0_IRQHandler                  0x080006f9   Thumb Code    16  stm32h7xx_it.o(.text.DMA2_Stream0_IRQHandler)
    DMA2_Stream1_IRQHandler                  0x08000709   Thumb Code    16  stm32h7xx_it.o(.text.DMA2_Stream1_IRQHandler)
    DMA2_Stream2_IRQHandler                  0x08000719   Thumb Code    16  stm32h7xx_it.o(.text.DMA2_Stream2_IRQHandler)
    DMA2_Stream3_IRQHandler                  0x08000729   Thumb Code    16  stm32h7xx_it.o(.text.DMA2_Stream3_IRQHandler)
    DMA2_Stream4_IRQHandler                  0x08000739   Thumb Code    16  stm32h7xx_it.o(.text.DMA2_Stream4_IRQHandler)
    DMA2_Stream5_IRQHandler                  0x08000749   Thumb Code    16  stm32h7xx_it.o(.text.DMA2_Stream5_IRQHandler)
    DMA2_Stream6_IRQHandler                  0x08000759   Thumb Code    16  stm32h7xx_it.o(.text.DMA2_Stream6_IRQHandler)
    DMA2_Stream7_IRQHandler                  0x08000769   Thumb Code    16  stm32h7xx_it.o(.text.DMA2_Stream7_IRQHandler)
    DebugMon_Handler                         0x080011f9   Thumb Code     2  stm32h7xx_it.o(.text.DebugMon_Handler)
    Disable_Capture_And_DMA                  0x08001201   Thumb Code   214  main.o(.text.Disable_Capture_And_DMA)
    Enable_Capture_And_DMA                   0x080012d9   Thumb Code   500  main.o(.text.Enable_Capture_And_DMA)
    Error_Handler                            0x080014d1   Thumb Code    14  main.o(.text.Error_Handler)
    ExitRun0Mode                             0x080014e1   Thumb Code    40  system_stm32h7xx.o(.text.ExitRun0Mode)
    HAL_DMA_Abort                            0x08001509   Thumb Code  2424  stm32h7xx_hal_dma.o(.text.HAL_DMA_Abort)
    HAL_DMA_Abort_IT                         0x08001e81   Thumb Code  1706  stm32h7xx_hal_dma.o(.text.HAL_DMA_Abort_IT)
    HAL_DMA_IRQHandler                       0x08002531   Thumb Code  4544  stm32h7xx_hal_dma.o(.text.HAL_DMA_IRQHandler)
    HAL_DMA_Init                             0x080036f1   Thumb Code  2400  stm32h7xx_hal_dma.o(.text.HAL_DMA_Init)
    HAL_DMA_Start_IT                         0x08004051   Thumb Code  1794  stm32h7xx_hal_dma.o(.text.HAL_DMA_Start_IT)
    HAL_GPIO_Init                            0x08004759   Thumb Code   936  stm32h7xx_hal_gpio.o(.text.HAL_GPIO_Init)
    HAL_GPIO_WritePin                        0x08004b01   Thumb Code    46  stm32h7xx_hal_gpio.o(.text.HAL_GPIO_WritePin)
    HAL_GetTick                              0x08004b31   Thumb Code    12  stm32h7xx_hal.o(.text.HAL_GetTick)
    HAL_IncTick                              0x08004b41   Thumb Code    26  stm32h7xx_hal.o(.text.HAL_IncTick)
    HAL_Init                                 0x08004b61   Thumb Code   122  stm32h7xx_hal.o(.text.HAL_Init)
    HAL_InitTick                             0x08004be1   Thumb Code   134  stm32h7xx_hal.o(.text.HAL_InitTick)
    HAL_MPU_ConfigRegion                     0x08004c69   Thumb Code   128  stm32h7xx_hal_cortex.o(.text.HAL_MPU_ConfigRegion)
    HAL_MPU_Disable                          0x08004ce9   Thumb Code    34  stm32h7xx_hal_cortex.o(.text.HAL_MPU_Disable)
    HAL_MPU_Enable                           0x08004d11   Thumb Code    48  stm32h7xx_hal_cortex.o(.text.HAL_MPU_Enable)
    HAL_MspInit                              0x08004d41   Thumb Code    36  stm32h7xx_hal_msp.o(.text.HAL_MspInit)
    HAL_NVIC_DisableIRQ                      0x08004d69   Thumb Code    20  stm32h7xx_hal_cortex.o(.text.HAL_NVIC_DisableIRQ)
    HAL_NVIC_EnableIRQ                       0x08004d81   Thumb Code    20  stm32h7xx_hal_cortex.o(.text.HAL_NVIC_EnableIRQ)
    HAL_NVIC_SetPriority                     0x08004d99   Thumb Code    46  stm32h7xx_hal_cortex.o(.text.HAL_NVIC_SetPriority)
    HAL_NVIC_SetPriorityGrouping             0x08004dc9   Thumb Code    16  stm32h7xx_hal_cortex.o(.text.HAL_NVIC_SetPriorityGrouping)
    HAL_PWREx_ConfigSupply                   0x08004dd9   Thumb Code   162  stm32h7xx_hal_pwr_ex.o(.text.HAL_PWREx_ConfigSupply)
    HAL_RCCEx_GetD3PCLK1Freq                 0x08004e81   Thumb Code    38  stm32h7xx_hal_rcc_ex.o(.text.HAL_RCCEx_GetD3PCLK1Freq)
    HAL_RCCEx_GetPLL2ClockFreq               0x08004ea9   Thumb Code   648  stm32h7xx_hal_rcc_ex.o(.text.HAL_RCCEx_GetPLL2ClockFreq)
    HAL_RCCEx_GetPLL3ClockFreq               0x08005141   Thumb Code   648  stm32h7xx_hal_rcc_ex.o(.text.HAL_RCCEx_GetPLL3ClockFreq)
    HAL_RCCEx_PeriphCLKConfig                0x080053d9   Thumb Code  4076  stm32h7xx_hal_rcc_ex.o(.text.HAL_RCCEx_PeriphCLKConfig)
    HAL_RCC_ClockConfig                      0x080063c9   Thumb Code  1176  stm32h7xx_hal_rcc.o(.text.HAL_RCC_ClockConfig)
    HAL_RCC_GetHCLKFreq                      0x08006861   Thumb Code    86  stm32h7xx_hal_rcc.o(.text.HAL_RCC_GetHCLKFreq)
    HAL_RCC_GetPCLK1Freq                     0x080068b9   Thumb Code    38  stm32h7xx_hal_rcc.o(.text.HAL_RCC_GetPCLK1Freq)
    HAL_RCC_GetPCLK2Freq                     0x080068e1   Thumb Code    38  stm32h7xx_hal_rcc.o(.text.HAL_RCC_GetPCLK2Freq)
    HAL_RCC_GetSysClockFreq                  0x08006909   Thumb Code   748  stm32h7xx_hal_rcc.o(.text.HAL_RCC_GetSysClockFreq)
    HAL_RCC_OscConfig                        0x08006c09   Thumb Code  2592  stm32h7xx_hal_rcc.o(.text.HAL_RCC_OscConfig)
    HAL_SYSTICK_Config                       0x08007629   Thumb Code    16  stm32h7xx_hal_cortex.o(.text.HAL_SYSTICK_Config)
    HAL_TIMEx_Break2Callback                 0x08007639   Thumb Code     8  stm32h7xx_hal_tim_ex.o(.text.HAL_TIMEx_Break2Callback)
    HAL_TIMEx_BreakCallback                  0x08007641   Thumb Code     8  stm32h7xx_hal_tim_ex.o(.text.HAL_TIMEx_BreakCallback)
    HAL_TIMEx_CommutCallback                 0x08007649   Thumb Code     8  stm32h7xx_hal_tim_ex.o(.text.HAL_TIMEx_CommutCallback)
    HAL_TIMEx_MasterConfigSynchronization    0x08007651   Thumb Code   380  stm32h7xx_hal_tim_ex.o(.text.HAL_TIMEx_MasterConfigSynchronization)
    HAL_TIM_Base_Init                        0x080077d1   Thumb Code   168  stm32h7xx_hal_tim.o(.text.HAL_TIM_Base_Init)
    HAL_TIM_Base_MspInit                     0x08007879   Thumb Code  2024  tim.o(.text.HAL_TIM_Base_MspInit)
    HAL_TIM_Base_Start_IT                    0x08008061   Thumb Code   296  stm32h7xx_hal_tim.o(.text.HAL_TIM_Base_Start_IT)
    HAL_TIM_ConfigClockSource                0x08008189   Thumb Code   464  stm32h7xx_hal_tim.o(.text.HAL_TIM_ConfigClockSource)
    HAL_TIM_ErrorCallback                    0x08008359   Thumb Code     8  stm32h7xx_hal_tim.o(.text.HAL_TIM_ErrorCallback)
    HAL_TIM_IC_CaptureCallback               0x08008361   Thumb Code     8  stm32h7xx_hal_tim.o(.text.HAL_TIM_IC_CaptureCallback)
    HAL_TIM_IC_CaptureHalfCpltCallback       0x08008369   Thumb Code     8  stm32h7xx_hal_tim.o(.text.HAL_TIM_IC_CaptureHalfCpltCallback)
    HAL_TIM_IC_ConfigChannel                 0x08008371   Thumb Code   304  stm32h7xx_hal_tim.o(.text.HAL_TIM_IC_ConfigChannel)
    HAL_TIM_IC_Init                          0x080084a1   Thumb Code   168  stm32h7xx_hal_tim.o(.text.HAL_TIM_IC_Init)
    HAL_TIM_IC_MspInit                       0x08008549   Thumb Code     8  stm32h7xx_hal_tim.o(.text.HAL_TIM_IC_MspInit)
    HAL_TIM_IC_Start_DMA                     0x08008551   Thumb Code  1168  stm32h7xx_hal_tim.o(.text.HAL_TIM_IC_Start_DMA)
    HAL_TIM_IC_Stop_DMA                      0x080089e1   Thumb Code   430  stm32h7xx_hal_tim.o(.text.HAL_TIM_IC_Stop_DMA)
    HAL_TIM_IRQHandler                       0x08008b91   Thumb Code   592  stm32h7xx_hal_tim.o(.text.HAL_TIM_IRQHandler)
    HAL_TIM_MspPostInit                      0x08008de1   Thumb Code    96  tim.o(.text.HAL_TIM_MspPostInit)
    HAL_TIM_OC_DelayElapsedCallback          0x08008e41   Thumb Code     8  stm32h7xx_hal_tim.o(.text.HAL_TIM_OC_DelayElapsedCallback)
    HAL_TIM_PWM_ConfigChannel                0x08008e49   Thumb Code   432  stm32h7xx_hal_tim.o(.text.HAL_TIM_PWM_ConfigChannel)
    HAL_TIM_PWM_Init                         0x08008ff9   Thumb Code   168  stm32h7xx_hal_tim.o(.text.HAL_TIM_PWM_Init)
    HAL_TIM_PWM_MspInit                      0x080090a1   Thumb Code     8  stm32h7xx_hal_tim.o(.text.HAL_TIM_PWM_MspInit)
    HAL_TIM_PWM_PulseFinishedCallback        0x080090a9   Thumb Code     8  stm32h7xx_hal_tim.o(.text.HAL_TIM_PWM_PulseFinishedCallback)
    HAL_TIM_PWM_Start                        0x080090b1   Thumb Code   674  stm32h7xx_hal_tim.o(.text.HAL_TIM_PWM_Start)
    HAL_TIM_PWM_Stop                         0x08009359   Thumb Code   380  stm32h7xx_hal_tim.o(.text.HAL_TIM_PWM_Stop)
    HAL_TIM_PeriodElapsedCallback            0x080094d9   Thumb Code    34  main.o(.text.HAL_TIM_PeriodElapsedCallback)
    HAL_TIM_TriggerCallback                  0x08009501   Thumb Code     8  stm32h7xx_hal_tim.o(.text.HAL_TIM_TriggerCallback)
    HAL_UARTEx_DisableFifoMode               0x08009509   Thumb Code   124  stm32h7xx_hal_uart_ex.o(.text.HAL_UARTEx_DisableFifoMode)
    HAL_UARTEx_ReceiveToIdle_DMA             0x08009589   Thumb Code   176  stm32h7xx_hal_uart_ex.o(.text.HAL_UARTEx_ReceiveToIdle_DMA)
    HAL_UARTEx_RxEventCallback               0x08009639   Thumb Code    74  main.o(.text.HAL_UARTEx_RxEventCallback)
    HAL_UARTEx_RxFifoFullCallback            0x08009689   Thumb Code     8  stm32h7xx_hal_uart_ex.o(.text.HAL_UARTEx_RxFifoFullCallback)
    HAL_UARTEx_SetRxFifoThreshold            0x08009691   Thumb Code   140  stm32h7xx_hal_uart_ex.o(.text.HAL_UARTEx_SetRxFifoThreshold)
    HAL_UARTEx_SetTxFifoThreshold            0x08009721   Thumb Code   140  stm32h7xx_hal_uart_ex.o(.text.HAL_UARTEx_SetTxFifoThreshold)
    HAL_UARTEx_TxFifoEmptyCallback           0x080097b1   Thumb Code     8  stm32h7xx_hal_uart_ex.o(.text.HAL_UARTEx_TxFifoEmptyCallback)
    HAL_UARTEx_WakeupCallback                0x080097b9   Thumb Code     8  stm32h7xx_hal_uart_ex.o(.text.HAL_UARTEx_WakeupCallback)
    HAL_UART_ErrorCallback                   0x080097c1   Thumb Code     8  stm32h7xx_hal_uart.o(.text.HAL_UART_ErrorCallback)
    HAL_UART_IRQHandler                      0x080097c9   Thumb Code  1790  stm32h7xx_hal_uart.o(.text.HAL_UART_IRQHandler)
    HAL_UART_Init                            0x08009ec9   Thumb Code   170  stm32h7xx_hal_uart.o(.text.HAL_UART_Init)
    HAL_UART_MspInit                         0x08009f79   Thumb Code   432  usart.o(.text.HAL_UART_MspInit)
    HAL_UART_RxCpltCallback                  0x0800a129   Thumb Code     8  stm32h7xx_hal_uart.o(.text.HAL_UART_RxCpltCallback)
    HAL_UART_RxHalfCpltCallback              0x0800a131   Thumb Code     8  stm32h7xx_hal_uart.o(.text.HAL_UART_RxHalfCpltCallback)
    HAL_UART_Transmit_DMA                    0x0800a139   Thumb Code   264  stm32h7xx_hal_uart.o(.text.HAL_UART_Transmit_DMA)
    HAL_UART_TxCpltCallback                  0x0800a241   Thumb Code     8  stm32h7xx_hal_uart.o(.text.HAL_UART_TxCpltCallback)
    HAL_UART_TxHalfCpltCallback              0x0800a249   Thumb Code     8  stm32h7xx_hal_uart.o(.text.HAL_UART_TxHalfCpltCallback)
    HardFault_Handler                        0x0800a251   Thumb Code     4  stm32h7xx_it.o(.text.HardFault_Handler)
    IR_Send                                  0x0800a259   Thumb Code   172  main.o(.text.IR_Send)
    MX_DMA_Init                              0x0800a309   Thumb Code   358  dma.o(.text.MX_DMA_Init)
    MX_GPIO_Init                             0x0800a471   Thumb Code   264  gpio.o(.text.MX_GPIO_Init)
    MX_TIM1_Init                             0x0800a579   Thumb Code   282  tim.o(.text.MX_TIM1_Init)
    MX_TIM2_Init                             0x0800a699   Thumb Code   220  tim.o(.text.MX_TIM2_Init)
    MX_TIM3_Init                             0x0800a779   Thumb Code   252  tim.o(.text.MX_TIM3_Init)
    MX_TIM4_Init                             0x0800a879   Thumb Code   258  tim.o(.text.MX_TIM4_Init)
    MX_TIM5_Init                             0x0800a981   Thumb Code   134  tim.o(.text.MX_TIM5_Init)
    MX_TIM8_Init                             0x0800aa09   Thumb Code   284  tim.o(.text.MX_TIM8_Init)
    MX_USART2_UART_Init                      0x0800ab29   Thumb Code   148  usart.o(.text.MX_USART2_UART_Init)
    MemManage_Handler                        0x0800abc1   Thumb Code     4  stm32h7xx_it.o(.text.MemManage_Handler)
    NMI_Handler                              0x0800abc9   Thumb Code     4  stm32h7xx_it.o(.text.NMI_Handler)
    PendSV_Handler                           0x0800ac41   Thumb Code     2  stm32h7xx_it.o(.text.PendSV_Handler)
    SVC_Handler                              0x0800afe9   Thumb Code     2  stm32h7xx_it.o(.text.SVC_Handler)
    SysTick_Handler                          0x0800b049   Thumb Code     8  stm32h7xx_it.o(.text.SysTick_Handler)
    SystemCoreClockUpdate                    0x0800b051   Thumb Code   728  system_stm32h7xx.o(.text.SystemCoreClockUpdate)
    SystemInit                               0x0800b339   Thumb Code   358  system_stm32h7xx.o(.text.SystemInit)
    TIM5_IRQHandler                          0x0800b4a1   Thumb Code    16  stm32h7xx_it.o(.text.TIM5_IRQHandler)
    TIM8_TRG_COM_TIM14_IRQHandler            0x0800b4b1   Thumb Code    16  stm32h7xx_it.o(.text.TIM8_TRG_COM_TIM14_IRQHandler)
    TIM_Base_SetConfig                       0x0800b4c1   Thumb Code   452  stm32h7xx_hal_tim.o(.text.TIM_Base_SetConfig)
    TIM_CCxChannelCmd                        0x0800b689   Thumb Code    54  stm32h7xx_hal_tim.o(.text.TIM_CCxChannelCmd)
    TIM_DMACaptureCplt                       0x0800b6c1   Thumb Code   212  stm32h7xx_hal_tim.o(.text.TIM_DMACaptureCplt)
    TIM_DMACaptureHalfCplt                   0x0800b799   Thumb Code   116  stm32h7xx_hal_tim.o(.text.TIM_DMACaptureHalfCplt)
    TIM_DMAError                             0x0800b811   Thumb Code   154  stm32h7xx_hal_tim.o(.text.TIM_DMAError)
    TIM_ETR_SetConfig                        0x0800b8b1   Thumb Code    52  stm32h7xx_hal_tim.o(.text.TIM_ETR_SetConfig)
    TIM_OC2_SetConfig                        0x0800ba69   Thumb Code   364  stm32h7xx_hal_tim.o(.text.TIM_OC2_SetConfig)
    TIM_TI1_SetConfig                        0x0800c021   Thumb Code   318  stm32h7xx_hal_tim.o(.text.TIM_TI1_SetConfig)
    UART_AdvFeatureConfig                    0x0800c391   Thumb Code   328  stm32h7xx_hal_uart.o(.text.UART_AdvFeatureConfig)
    UART_CheckIdleState                      0x0800c4d9   Thumb Code   326  stm32h7xx_hal_uart.o(.text.UART_CheckIdleState)
    UART_SetConfig                           0x0800c9d1   Thumb Code  2638  stm32h7xx_hal_uart.o(.text.UART_SetConfig)
    UART_Start_Receive_DMA                   0x0800d421   Thumb Code   302  stm32h7xx_hal_uart.o(.text.UART_Start_Receive_DMA)
    UART_WaitOnFlagUntilTimeout              0x0800d551   Thumb Code   268  stm32h7xx_hal_uart.o(.text.UART_WaitOnFlagUntilTimeout)
    USART2_IRQHandler                        0x0800d661   Thumb Code    16  stm32h7xx_it.o(.text.USART2_IRQHandler)
    UsageFault_Handler                       0x0800d671   Thumb Code     4  stm32h7xx_it.o(.text.UsageFault_Handler)
    IR_SendBit(unsigned char)                0x0800d679   Thumb Code   136  main.o(.text._Z10IR_SendBith)
    Callback_Fuc(unsigned char*, unsigned short) 0x0800d701   Thumb Code   496  main.o(.text._Z12Callback_FucPht)
    IR_WriteByte(unsigned char)              0x0800d8f1   Thumb Code    70  main.o(.text._Z12IR_WriteByteh)
    IR_SendLeader()                          0x0800d939   Thumb Code    50  main.o(.text._Z13IR_SendLeaderv)
    SystemClock_Config()                     0x0800d971   Thumb Code   204  main.o(.text._Z18SystemClock_Configv)
    TimeStamp::getInstance()                 0x0800db11   Thumb Code    74  bsp_timestamp.o(.text._ZN9TimeStamp11getInstanceEv)
    TimeStamp::overflowCallback()            0x0800db61   Thumb Code    80  bsp_timestamp.o(.text._ZN9TimeStamp16overflowCallbackEv)
    TimeStamp::init(TIM_HandleTypeDef*)      0x0800dbb1   Thumb Code    52  bsp_timestamp.o(.text._ZN9TimeStamp4initEP17TIM_HandleTypeDef)
    TimeStamp::TimeStamp()                   0x0800dbe9   Thumb Code    10  bsp_timestamp.o(.text._ZN9TimeStampC2Ev)
    TimeStamp::TimeStamp__sub_object()       0x0800dbe9   Thumb Code    10  bsp_timestamp.o(.text._ZN9TimeStampC2Ev)
    TimeStamp::getMicroseconds() const       0x0800dbf9   Thumb Code   186  bsp_timestamp.o(.text._ZNK9TimeStamp15getMicrosecondsEv)
    main                                     0x0800ddb9   Thumb Code  1008  main.o(.text.main)
    __cxa_guard_acquire                      0x0800e1b9   Thumb Code    44  cxa_guard.cpp.o(.text.unlikely.__cxa_guard_acquire)
    __cxa_guard_release                      0x0800e1e5   Thumb Code     8  cxa_guard.cpp.o(.text.unlikely.__cxa_guard_release)
    abort_message                            0x0800e1ed   Thumb Code     4  abort_message.cpp.o(.text.unlikely.abort_message)
    __aeabi_ul2d                             0x0800e1f1   Thumb Code     0  dfltll_clz.o(x$fpl$dfltull)
    _ll_uto_d                                0x0800e1f1   Thumb Code   138  dfltll_clz.o(x$fpl$dfltull)
    _fp_init                                 0x0800e27b   Thumb Code    26  fpinit.o(x$fpl$fpinit)
    __fplib_config_fpu_vfp                   0x0800e293   Thumb Code     0  fpinit.o(x$fpl$fpinit)
    __fplib_config_pureend_doubles           0x0800e293   Thumb Code     0  fpinit.o(x$fpl$fpinit)
    D1CorePrescTable                         0x0800e294   Data          16  system_stm32h7xx.o(.rodata.D1CorePrescTable)
    __I$use$fp                               0x0800e294   Number         0  usenofp.o(x$fpl$usenofp)
    UARTPrescTable                           0x0800e2bc   Data          24  stm32h7xx_hal_uart.o(.rodata.UARTPrescTable)
    Region$$Table$$Base                      0x0800e368   Number         0  anon$$obj.o(Region$$Table)
    Region$$Table$$Limit                     0x0800e388   Number         0  anon$$obj.o(Region$$Table)
    Send_Data                                0x24000000   Data           3  main.o(.data.Send_Data)
    SystemCoreClock                          0x24000004   Data           4  system_stm32h7xx.o(.data.SystemCoreClock)
    SystemD2Clock                            0x24000008   Data           4  system_stm32h7xx.o(.data.SystemD2Clock)
    uwTickFreq                               0x2400000e   Data           1  stm32h7xx_hal.o(.data.uwTickFreq)
    uwTickPrio                               0x24000010   Data           4  stm32h7xx_hal.o(.data.uwTickPrio)
    __libspace_start                         0x24000018   Data          96  libspace.o(.bss)
    Data_T1_ch1                              0x24000078   Data           8  main.o(.bss.Data_T1_ch1)
    __temporary_stack_top$libspace           0x24000078   Data           0  libspace.o(.bss)
    Data_T1_ch2                              0x24000080   Data           8  main.o(.bss.Data_T1_ch2)
    Data_T1_ch3                              0x24000088   Data           8  main.o(.bss.Data_T1_ch3)
    Data_T1_ch4                              0x24000090   Data           8  main.o(.bss.Data_T1_ch4)
    Data_T3_ch1                              0x24000098   Data           8  main.o(.bss.Data_T3_ch1)
    Data_T3_ch2                              0x240000a0   Data           8  main.o(.bss.Data_T3_ch2)
    Data_T3_ch3                              0x240000a8   Data           8  main.o(.bss.Data_T3_ch3)
    Data_T4_ch1                              0x240000b0   Data           8  main.o(.bss.Data_T4_ch1)
    Data_T4_ch2                              0x240000b8   Data           8  main.o(.bss.Data_T4_ch2)
    Data_T4_ch3                              0x240000c0   Data           8  main.o(.bss.Data_T4_ch3)
    Data_T8_ch1                              0x240000c8   Data           8  main.o(.bss.Data_T8_ch1)
    Data_T8_ch2                              0x240000d0   Data           8  main.o(.bss.Data_T8_ch2)
    Data_T8_ch3                              0x240000d8   Data           8  main.o(.bss.Data_T8_ch3)
    Data_T8_ch4                              0x240000e0   Data           8  main.o(.bss.Data_T8_ch4)
    Respon_Data                              0x240000e8   Data           3  main.o(.bss.Respon_Data)
    Send_Data_cnt                            0x240000eb   Data           1  main.o(.bss.Send_Data_cnt)
    Start_Send_delay                         0x240000ec   Data           1  main.o(.bss.Start_Send_delay)
    TYPE                                     0x240000ed   Data           1  main.o(.bss.TYPE)
    TimeStamp::s_overflow_count_             0x24000118   Data           8  bsp_timestamp.o(.bss._ZN9TimeStamp17s_overflow_count_E)
    TimeStamp::s_htim_                       0x24000120   Data           4  bsp_timestamp.o(.bss._ZN9TimeStamp7s_htim_E)
    eslap                                    0x24000128   Data           8  main.o(.bss.eslap)
    eslap1                                   0x24000130   Data           8  main.o(.bss.eslap1)
    hdma_tim1_ch1                            0x24000138   Data         120  tim.o(.bss.hdma_tim1_ch1)
    hdma_tim1_ch2                            0x240001b0   Data         120  tim.o(.bss.hdma_tim1_ch2)
    hdma_tim1_ch3                            0x24000228   Data         120  tim.o(.bss.hdma_tim1_ch3)
    hdma_tim1_ch4                            0x240002a0   Data         120  tim.o(.bss.hdma_tim1_ch4)
    hdma_tim3_ch1                            0x24000318   Data         120  tim.o(.bss.hdma_tim3_ch1)
    hdma_tim3_ch2                            0x24000390   Data         120  tim.o(.bss.hdma_tim3_ch2)
    hdma_tim3_ch3                            0x24000408   Data         120  tim.o(.bss.hdma_tim3_ch3)
    hdma_tim4_ch1                            0x24000480   Data         120  tim.o(.bss.hdma_tim4_ch1)
    hdma_tim4_ch2                            0x240004f8   Data         120  tim.o(.bss.hdma_tim4_ch2)
    hdma_tim4_ch3                            0x24000570   Data         120  tim.o(.bss.hdma_tim4_ch3)
    hdma_tim8_ch1                            0x240005e8   Data         120  tim.o(.bss.hdma_tim8_ch1)
    hdma_tim8_ch2                            0x24000660   Data         120  tim.o(.bss.hdma_tim8_ch2)
    hdma_tim8_ch3                            0x240006d8   Data         120  tim.o(.bss.hdma_tim8_ch3)
    hdma_tim8_ch4                            0x24000750   Data         120  tim.o(.bss.hdma_tim8_ch4)
    hdma_usart2_rx                           0x240007c8   Data         120  usart.o(.bss.hdma_usart2_rx)
    hdma_usart2_tx                           0x24000840   Data         120  usart.o(.bss.hdma_usart2_tx)
    htim1                                    0x240008b8   Data          76  tim.o(.bss.htim1)
    htim2                                    0x24000904   Data          76  tim.o(.bss.htim2)
    htim3                                    0x24000950   Data          76  tim.o(.bss.htim3)
    htim4                                    0x2400099c   Data          76  tim.o(.bss.htim4)
    htim5                                    0x240009e8   Data          76  tim.o(.bss.htim5)
    htim8                                    0x24000a34   Data          76  tim.o(.bss.htim8)
    huart2                                   0x24000a80   Data         148  usart.o(.bss.huart2)
    send_cnt                                 0x24000b14   Data           1  main.o(.bss.send_cnt)
    sum                                      0x24000b18   Data           4  main.o(.bss.sum)
    uart2_data_rec                           0x24000b1c   Data          30  main.o(.bss.uart2_data_rec)
    uart2_data_snd                           0x24000b3a   Data          30  main.o(.bss.uart2_data_snd)
    uwTick                                   0x24000b58   Data           4  stm32h7xx_hal.o(.bss.uwTick)



==============================================================================

Memory Map of the image

  Image Entry point : 0x080002cd

  Load Region LR_IROM1 (Base: 0x08000000, Size: 0x0000e3a0, Max: 0x00100000, ABSOLUTE)

    Execution Region ER_IROM1 (Exec base: 0x08000000, Load base: 0x08000000, Size: 0x0000e388, Max: 0x00100000, ABSOLUTE)

    Exec Addr    Load Addr    Size         Type   Attr      Idx    E Section Name        Object

    0x08000000   0x08000000   0x000002cc   Data   RO            3    RESET               startup_stm32h723xx.o
    0x080002cc   0x080002cc   0x00000008   Code   RO         1786  * !!!main             c_w.l(__main.o)
    0x080002d4   0x080002d4   0x0000005c   Code   RO         1987    !!!scatter          c_w.l(__scatter.o)
    0x08000330   0x08000330   0x0000001a   Code   RO         1991    !!handler_copy      c_w.l(__scatter_copy.o)
    0x0800034a   0x0800034a   0x00000002   PAD
    0x0800034c   0x0800034c   0x00000002   Code   RO         1988    !!handler_null      c_w.l(__scatter.o)
    0x0800034e   0x0800034e   0x00000002   PAD
    0x08000350   0x08000350   0x0000001c   Code   RO         1993    !!handler_zi        c_w.l(__scatter_zi.o)
    0x0800036c   0x0800036c   0x00000002   Code   RO         1853    .ARM.Collect$$libinit$$00000000  c_w.l(libinit.o)
    0x0800036e   0x0800036e   0x00000004   Code   RO         1870    .ARM.Collect$$libinit$$00000001  c_w.l(libinit2.o)
    0x08000372   0x08000372   0x00000000   Code   RO         1873    .ARM.Collect$$libinit$$00000004  c_w.l(libinit2.o)
    0x08000372   0x08000372   0x00000000   Code   RO         1875    .ARM.Collect$$libinit$$00000006  c_w.l(libinit2.o)
    0x08000372   0x08000372   0x00000000   Code   RO         1878    .ARM.Collect$$libinit$$0000000C  c_w.l(libinit2.o)
    0x08000372   0x08000372   0x00000000   Code   RO         1880    .ARM.Collect$$libinit$$0000000E  c_w.l(libinit2.o)
    0x08000372   0x08000372   0x00000000   Code   RO         1882    .ARM.Collect$$libinit$$00000010  c_w.l(libinit2.o)
    0x08000372   0x08000372   0x00000000   Code   RO         1885    .ARM.Collect$$libinit$$00000013  c_w.l(libinit2.o)
    0x08000372   0x08000372   0x00000000   Code   RO         1887    .ARM.Collect$$libinit$$00000015  c_w.l(libinit2.o)
    0x08000372   0x08000372   0x00000000   Code   RO         1889    .ARM.Collect$$libinit$$00000017  c_w.l(libinit2.o)
    0x08000372   0x08000372   0x00000000   Code   RO         1891    .ARM.Collect$$libinit$$00000019  c_w.l(libinit2.o)
    0x08000372   0x08000372   0x00000000   Code   RO         1893    .ARM.Collect$$libinit$$0000001B  c_w.l(libinit2.o)
    0x08000372   0x08000372   0x00000000   Code   RO         1895    .ARM.Collect$$libinit$$0000001D  c_w.l(libinit2.o)
    0x08000372   0x08000372   0x00000000   Code   RO         1897    .ARM.Collect$$libinit$$0000001F  c_w.l(libinit2.o)
    0x08000372   0x08000372   0x00000000   Code   RO         1899    .ARM.Collect$$libinit$$00000021  c_w.l(libinit2.o)
    0x08000372   0x08000372   0x00000000   Code   RO         1901    .ARM.Collect$$libinit$$00000023  c_w.l(libinit2.o)
    0x08000372   0x08000372   0x00000000   Code   RO         1903    .ARM.Collect$$libinit$$00000025  c_w.l(libinit2.o)
    0x08000372   0x08000372   0x00000000   Code   RO         1905    .ARM.Collect$$libinit$$00000027  c_w.l(libinit2.o)
    0x08000372   0x08000372   0x00000000   Code   RO         1909    .ARM.Collect$$libinit$$0000002E  c_w.l(libinit2.o)
    0x08000372   0x08000372   0x00000000   Code   RO         1911    .ARM.Collect$$libinit$$00000030  c_w.l(libinit2.o)
    0x08000372   0x08000372   0x00000000   Code   RO         1913    .ARM.Collect$$libinit$$00000032  c_w.l(libinit2.o)
    0x08000372   0x08000372   0x00000000   Code   RO         1915    .ARM.Collect$$libinit$$00000034  c_w.l(libinit2.o)
    0x08000372   0x08000372   0x00000002   Code   RO         1916    .ARM.Collect$$libinit$$00000035  c_w.l(libinit2.o)
    0x08000374   0x08000374   0x00000002   Code   RO         1944    .ARM.Collect$$libshutdown$$00000000  c_w.l(libshutdown.o)
    0x08000376   0x08000376   0x00000000   Code   RO         1970    .ARM.Collect$$libshutdown$$00000002  c_w.l(libshutdown2.o)
    0x08000376   0x08000376   0x00000000   Code   RO         1972    .ARM.Collect$$libshutdown$$00000004  c_w.l(libshutdown2.o)
    0x08000376   0x08000376   0x00000000   Code   RO         1975    .ARM.Collect$$libshutdown$$00000007  c_w.l(libshutdown2.o)
    0x08000376   0x08000376   0x00000000   Code   RO         1978    .ARM.Collect$$libshutdown$$0000000A  c_w.l(libshutdown2.o)
    0x08000376   0x08000376   0x00000000   Code   RO         1980    .ARM.Collect$$libshutdown$$0000000C  c_w.l(libshutdown2.o)
    0x08000376   0x08000376   0x00000000   Code   RO         1983    .ARM.Collect$$libshutdown$$0000000F  c_w.l(libshutdown2.o)
    0x08000376   0x08000376   0x00000002   Code   RO         1984    .ARM.Collect$$libshutdown$$00000010  c_w.l(libshutdown2.o)
    0x08000378   0x08000378   0x00000000   Code   RO         1803    .ARM.Collect$$rtentry$$00000000  c_w.l(__rtentry.o)
    0x08000378   0x08000378   0x00000000   Code   RO         1814    .ARM.Collect$$rtentry$$00000002  c_w.l(__rtentry2.o)
    0x08000378   0x08000378   0x00000006   Code   RO         1826    .ARM.Collect$$rtentry$$00000004  c_w.l(__rtentry4.o)
    0x0800037e   0x0800037e   0x00000000   Code   RO         1816    .ARM.Collect$$rtentry$$00000009  c_w.l(__rtentry2.o)
    0x0800037e   0x0800037e   0x00000004   Code   RO         1817    .ARM.Collect$$rtentry$$0000000A  c_w.l(__rtentry2.o)
    0x08000382   0x08000382   0x00000000   Code   RO         1819    .ARM.Collect$$rtentry$$0000000C  c_w.l(__rtentry2.o)
    0x08000382   0x08000382   0x00000008   Code   RO         1820    .ARM.Collect$$rtentry$$0000000D  c_w.l(__rtentry2.o)
    0x0800038a   0x0800038a   0x00000002   Code   RO         1860    .ARM.Collect$$rtexit$$00000000  c_w.l(rtexit.o)
    0x0800038c   0x0800038c   0x00000000   Code   RO         1918    .ARM.Collect$$rtexit$$00000002  c_w.l(rtexit2.o)
    0x0800038c   0x0800038c   0x00000004   Code   RO         1919    .ARM.Collect$$rtexit$$00000003  c_w.l(rtexit2.o)
    0x08000390   0x08000390   0x00000006   Code   RO         1920    .ARM.Collect$$rtexit$$00000004  c_w.l(rtexit2.o)
    0x08000396   0x08000396   0x00000002   PAD
    0x08000398   0x08000398   0x00000048   Code   RO            4    .text               startup_stm32h723xx.o
    0x080003e0   0x080003e0   0x000000f0   Code   RO         1780    .text               c_w.l(lludivv7m.o)
    0x080004d0   0x080004d0   0x0000004e   Code   RO         1782    .text               c_w.l(rt_memclr_w.o)
    0x0800051e   0x0800051e   0x00000006   Code   RO         1784    .text               c_w.l(heapauxi.o)
    0x08000524   0x08000524   0x00000016   Code   RO         1830    .text               c_w.l(abort.o)
    0x0800053a   0x0800053a   0x00000002   PAD
    0x0800053c   0x0800053c   0x0000000c   Code   RO         1832    .text               c_w.l(sys_exit.o)
    0x08000548   0x08000548   0x0000004a   Code   RO         1836    .text               c_w.l(sys_stackheap_outer.o)
    0x08000592   0x08000592   0x00000012   Code   RO         1838    .text               c_w.l(exit.o)
    0x080005a4   0x080005a4   0x0000000e   Code   RO         1840    .text               c_w.l(defsig_abrt_outer.o)
    0x080005b2   0x080005b2   0x00000002   PAD
    0x080005b4   0x080005b4   0x00000008   Code   RO         1854    .text               c_w.l(libspace.o)
    0x080005bc   0x080005bc   0x00000002   Code   RO         1857    .text               c_w.l(use_no_semi.o)
    0x080005be   0x080005be   0x00000000   Code   RO         1859    .text               c_w.l(indicate_semi.o)
    0x080005be   0x080005be   0x0000000a   Code   RO         1864    .text               c_w.l(defsig_exit.o)
    0x080005c8   0x080005c8   0x00000030   Code   RO         1866    .text               c_w.l(defsig_abrt_inner.o)
    0x080005f8   0x080005f8   0x00000032   Code   RO         1926    .text               c_w.l(defsig_general.o)
    0x0800062a   0x0800062a   0x0000000e   Code   RO         1932    .text               c_w.l(sys_wrch.o)
    0x08000638   0x08000638   0x00000004   Code   RO          180    .text.BusFault_Handler  stm32h7xx_it.o
    0x0800063c   0x0800063c   0x00000004   PAD
    0x08000640   0x08000640   0x00000010   Code   RO          192    .text.DMA1_Stream0_IRQHandler  stm32h7xx_it.o
    0x08000650   0x08000650   0x00000010   Code   RO          194    .text.DMA1_Stream1_IRQHandler  stm32h7xx_it.o
    0x08000660   0x08000660   0x00000010   Code   RO          196    .text.DMA1_Stream2_IRQHandler  stm32h7xx_it.o
    0x08000670   0x08000670   0x00000010   Code   RO          198    .text.DMA1_Stream3_IRQHandler  stm32h7xx_it.o
    0x08000680   0x08000680   0x00000010   Code   RO          200    .text.DMA1_Stream4_IRQHandler  stm32h7xx_it.o
    0x08000690   0x08000690   0x00000010   Code   RO          202    .text.DMA1_Stream5_IRQHandler  stm32h7xx_it.o
    0x080006a0   0x080006a0   0x00000010   Code   RO          204    .text.DMA1_Stream6_IRQHandler  stm32h7xx_it.o
    0x080006b0   0x080006b0   0x00000042   Code   RO          210    .text.DMA1_Stream7_IRQHandler  stm32h7xx_it.o
    0x080006f2   0x080006f2   0x00000006   PAD
    0x080006f8   0x080006f8   0x00000010   Code   RO          214    .text.DMA2_Stream0_IRQHandler  stm32h7xx_it.o
    0x08000708   0x08000708   0x00000010   Code   RO          216    .text.DMA2_Stream1_IRQHandler  stm32h7xx_it.o
    0x08000718   0x08000718   0x00000010   Code   RO          218    .text.DMA2_Stream2_IRQHandler  stm32h7xx_it.o
    0x08000728   0x08000728   0x00000010   Code   RO          220    .text.DMA2_Stream3_IRQHandler  stm32h7xx_it.o
    0x08000738   0x08000738   0x00000010   Code   RO          222    .text.DMA2_Stream4_IRQHandler  stm32h7xx_it.o
    0x08000748   0x08000748   0x00000010   Code   RO          224    .text.DMA2_Stream5_IRQHandler  stm32h7xx_it.o
    0x08000758   0x08000758   0x00000010   Code   RO          226    .text.DMA2_Stream6_IRQHandler  stm32h7xx_it.o
    0x08000768   0x08000768   0x00000010   Code   RO          228    .text.DMA2_Stream7_IRQHandler  stm32h7xx_it.o
    0x08000778   0x08000778   0x000001ca   Code   RO          579    .text.DMA_CalcBaseAndBitshift  stm32h7xx_hal_dma.o
    0x08000942   0x08000942   0x00000006   PAD
    0x08000948   0x08000948   0x00000178   Code   RO          581    .text.DMA_CalcDMAMUXChannelBaseAndMask  stm32h7xx_hal_dma.o
    0x08000ac0   0x08000ac0   0x0000012a   Code   RO          583    .text.DMA_CalcDMAMUXRequestGenBaseAndMask  stm32h7xx_hal_dma.o
    0x08000bea   0x08000bea   0x00000006   PAD
    0x08000bf0   0x08000bf0   0x000000f0   Code   RO          577    .text.DMA_CheckFifoParam  stm32h7xx_hal_dma.o
    0x08000ce0   0x08000ce0   0x00000514   Code   RO          589    .text.DMA_SetConfig  stm32h7xx_hal_dma.o
    0x080011f4   0x080011f4   0x00000004   PAD
    0x080011f8   0x080011f8   0x00000002   Code   RO          186    .text.DebugMon_Handler  stm32h7xx_it.o
    0x080011fa   0x080011fa   0x00000006   PAD
    0x08001200   0x08001200   0x000000d6   Code   RO           21    .text.Disable_Capture_And_DMA  main.o
    0x080012d6   0x080012d6   0x00000002   PAD
    0x080012d8   0x080012d8   0x000001f4   Code   RO           27    .text.Enable_Capture_And_DMA  main.o
    0x080014cc   0x080014cc   0x00000004   PAD
    0x080014d0   0x080014d0   0x0000000e   Code   RO           15    .text.Error_Handler  main.o
    0x080014de   0x080014de   0x00000002   PAD
    0x080014e0   0x080014e0   0x00000028   Code   RO         1695    .text.ExitRun0Mode  system_stm32h7xx.o
    0x08001508   0x08001508   0x00000978   Code   RO          593    .text.HAL_DMA_Abort  stm32h7xx_hal_dma.o
    0x08001e80   0x08001e80   0x000006aa   Code   RO          595    .text.HAL_DMA_Abort_IT  stm32h7xx_hal_dma.o
    0x0800252a   0x0800252a   0x00000006   PAD
    0x08002530   0x08002530   0x000011c0   Code   RO          599    .text.HAL_DMA_IRQHandler  stm32h7xx_hal_dma.o
    0x080036f0   0x080036f0   0x00000960   Code   RO          575    .text.HAL_DMA_Init  stm32h7xx_hal_dma.o
    0x08004050   0x08004050   0x00000702   Code   RO          591    .text.HAL_DMA_Start_IT  stm32h7xx_hal_dma.o
    0x08004752   0x08004752   0x00000006   PAD
    0x08004758   0x08004758   0x000003a8   Code   RO          523    .text.HAL_GPIO_Init  stm32h7xx_hal_gpio.o
    0x08004b00   0x08004b00   0x0000002e   Code   RO          529    .text.HAL_GPIO_WritePin  stm32h7xx_hal_gpio.o
    0x08004b2e   0x08004b2e   0x00000002   PAD
    0x08004b30   0x08004b30   0x0000000c   Code   RO          827    .text.HAL_GetTick   stm32h7xx_hal.o
    0x08004b3c   0x08004b3c   0x00000004   PAD
    0x08004b40   0x08004b40   0x0000001a   Code   RO          825    .text.HAL_IncTick   stm32h7xx_hal.o
    0x08004b5a   0x08004b5a   0x00000006   PAD
    0x08004b60   0x08004b60   0x0000007a   Code   RO          815    .text.HAL_Init      stm32h7xx_hal.o
    0x08004bda   0x08004bda   0x00000006   PAD
    0x08004be0   0x08004be0   0x00000086   Code   RO          817    .text.HAL_InitTick  stm32h7xx_hal.o
    0x08004c66   0x08004c66   0x00000002   PAD
    0x08004c68   0x08004c68   0x00000080   Code   RO          281    .text.HAL_MPU_ConfigRegion  stm32h7xx_hal_cortex.o
    0x08004ce8   0x08004ce8   0x00000022   Code   RO          273    .text.HAL_MPU_Disable  stm32h7xx_hal_cortex.o
    0x08004d0a   0x08004d0a   0x00000006   PAD
    0x08004d10   0x08004d10   0x00000030   Code   RO          275    .text.HAL_MPU_Enable  stm32h7xx_hal_cortex.o
    0x08004d40   0x08004d40   0x00000024   Code   RO          237    .text.HAL_MspInit   stm32h7xx_hal_msp.o
    0x08004d64   0x08004d64   0x00000004   PAD
    0x08004d68   0x08004d68   0x00000014   Code   RO          261    .text.HAL_NVIC_DisableIRQ  stm32h7xx_hal_cortex.o
    0x08004d7c   0x08004d7c   0x00000004   PAD
    0x08004d80   0x08004d80   0x00000014   Code   RO          257    .text.HAL_NVIC_EnableIRQ  stm32h7xx_hal_cortex.o
    0x08004d94   0x08004d94   0x00000004   PAD
    0x08004d98   0x08004d98   0x0000002e   Code   RO          249    .text.HAL_NVIC_SetPriority  stm32h7xx_hal_cortex.o
    0x08004dc6   0x08004dc6   0x00000002   PAD
    0x08004dc8   0x08004dc8   0x00000010   Code   RO          245    .text.HAL_NVIC_SetPriorityGrouping  stm32h7xx_hal_cortex.o
    0x08004dd8   0x08004dd8   0x000000a2   Code   RO          732    .text.HAL_PWREx_ConfigSupply  stm32h7xx_hal_pwr_ex.o
    0x08004e7a   0x08004e7a   0x00000006   PAD
    0x08004e80   0x08004e80   0x00000026   Code   RO          373    .text.HAL_RCCEx_GetD3PCLK1Freq  stm32h7xx_hal_rcc_ex.o
    0x08004ea6   0x08004ea6   0x00000002   PAD
    0x08004ea8   0x08004ea8   0x00000298   Code   RO          369    .text.HAL_RCCEx_GetPLL2ClockFreq  stm32h7xx_hal_rcc_ex.o
    0x08005140   0x08005140   0x00000298   Code   RO          371    .text.HAL_RCCEx_GetPLL3ClockFreq  stm32h7xx_hal_rcc_ex.o
    0x080053d8   0x080053d8   0x00000fec   Code   RO          357    .text.HAL_RCCEx_PeriphCLKConfig  stm32h7xx_hal_rcc_ex.o
    0x080063c4   0x080063c4   0x00000004   PAD
    0x080063c8   0x080063c8   0x00000498   Code   RO          326    .text.HAL_RCC_ClockConfig  stm32h7xx_hal_rcc.o
    0x08006860   0x08006860   0x00000056   Code   RO          336    .text.HAL_RCC_GetHCLKFreq  stm32h7xx_hal_rcc.o
    0x080068b6   0x080068b6   0x00000002   PAD
    0x080068b8   0x080068b8   0x00000026   Code   RO          338    .text.HAL_RCC_GetPCLK1Freq  stm32h7xx_hal_rcc.o
    0x080068de   0x080068de   0x00000002   PAD
    0x080068e0   0x080068e0   0x00000026   Code   RO          340    .text.HAL_RCC_GetPCLK2Freq  stm32h7xx_hal_rcc.o
    0x08006906   0x08006906   0x00000002   PAD
    0x08006908   0x08006908   0x000002fc   Code   RO          328    .text.HAL_RCC_GetSysClockFreq  stm32h7xx_hal_rcc.o
    0x08006c04   0x08006c04   0x00000004   PAD
    0x08006c08   0x08006c08   0x00000a20   Code   RO          324    .text.HAL_RCC_OscConfig  stm32h7xx_hal_rcc.o
    0x08007628   0x08007628   0x00000010   Code   RO          269    .text.HAL_SYSTICK_Config  stm32h7xx_hal_cortex.o
    0x08007638   0x08007638   0x00000008   Code   RO         1485    .text.HAL_TIMEx_Break2Callback  stm32h7xx_hal_tim_ex.o
    0x08007640   0x08007640   0x00000008   Code   RO         1483    .text.HAL_TIMEx_BreakCallback  stm32h7xx_hal_tim_ex.o
    0x08007648   0x08007648   0x00000008   Code   RO         1479    .text.HAL_TIMEx_CommutCallback  stm32h7xx_hal_tim_ex.o
    0x08007650   0x08007650   0x0000017c   Code   RO         1463    .text.HAL_TIMEx_MasterConfigSynchronization  stm32h7xx_hal_tim_ex.o
    0x080077cc   0x080077cc   0x00000004   PAD
    0x080077d0   0x080077d0   0x000000a8   Code   RO         1146    .text.HAL_TIM_Base_Init  stm32h7xx_hal_tim.o
    0x08007878   0x08007878   0x000007e8   Code   RO          127    .text.HAL_TIM_Base_MspInit  tim.o
    0x08008060   0x08008060   0x00000128   Code   RO         1160    .text.HAL_TIM_Base_Start_IT  stm32h7xx_hal_tim.o
    0x08008188   0x08008188   0x000001d0   Code   RO         1342    .text.HAL_TIM_ConfigClockSource  stm32h7xx_hal_tim.o
    0x08008358   0x08008358   0x00000008   Code   RO         1368    .text.HAL_TIM_ErrorCallback  stm32h7xx_hal_tim.o
    0x08008360   0x08008360   0x00000008   Code   RO         1282    .text.HAL_TIM_IC_CaptureCallback  stm32h7xx_hal_tim.o
    0x08008368   0x08008368   0x00000008   Code   RO         1362    .text.HAL_TIM_IC_CaptureHalfCpltCallback  stm32h7xx_hal_tim.o
    0x08008370   0x08008370   0x00000130   Code   RO         1306    .text.HAL_TIM_IC_ConfigChannel  stm32h7xx_hal_tim.o
    0x080084a0   0x080084a0   0x000000a8   Code   RO         1220    .text.HAL_TIM_IC_Init  stm32h7xx_hal_tim.o
    0x08008548   0x08008548   0x00000008   Code   RO         1222    .text.HAL_TIM_IC_MspInit  stm32h7xx_hal_tim.o
    0x08008550   0x08008550   0x00000490   Code   RO         1236    .text.HAL_TIM_IC_Start_DMA  stm32h7xx_hal_tim.o
    0x080089e0   0x080089e0   0x000001ae   Code   RO         1242    .text.HAL_TIM_IC_Stop_DMA  stm32h7xx_hal_tim.o
    0x08008b8e   0x08008b8e   0x00000002   PAD
    0x08008b90   0x08008b90   0x00000250   Code   RO         1280    .text.HAL_TIM_IRQHandler  stm32h7xx_hal_tim.o
    0x08008de0   0x08008de0   0x00000060   Code   RO          117    .text.HAL_TIM_MspPostInit  tim.o
    0x08008e40   0x08008e40   0x00000008   Code   RO         1284    .text.HAL_TIM_OC_DelayElapsedCallback  stm32h7xx_hal_tim.o
    0x08008e48   0x08008e48   0x000001b0   Code   RO         1316    .text.HAL_TIM_PWM_ConfigChannel  stm32h7xx_hal_tim.o
    0x08008ff8   0x08008ff8   0x000000a8   Code   RO         1200    .text.HAL_TIM_PWM_Init  stm32h7xx_hal_tim.o
    0x080090a0   0x080090a0   0x00000008   Code   RO         1202    .text.HAL_TIM_PWM_MspInit  stm32h7xx_hal_tim.o
    0x080090a8   0x080090a8   0x00000008   Code   RO         1286    .text.HAL_TIM_PWM_PulseFinishedCallback  stm32h7xx_hal_tim.o
    0x080090b0   0x080090b0   0x000002a2   Code   RO         1208    .text.HAL_TIM_PWM_Start  stm32h7xx_hal_tim.o
    0x08009352   0x08009352   0x00000006   PAD
    0x08009358   0x08009358   0x0000017c   Code   RO         1210    .text.HAL_TIM_PWM_Stop  stm32h7xx_hal_tim.o
    0x080094d4   0x080094d4   0x00000004   PAD
    0x080094d8   0x080094d8   0x00000022   Code   RO           45    .text.HAL_TIM_PeriodElapsedCallback  main.o
    0x080094fa   0x080094fa   0x00000006   PAD
    0x08009500   0x08009500   0x00000008   Code   RO         1290    .text.HAL_TIM_TriggerCallback  stm32h7xx_hal_tim.o
    0x08009508   0x08009508   0x0000007c   Code   RO         1668    .text.HAL_UARTEx_DisableFifoMode  stm32h7xx_hal_uart_ex.o
    0x08009584   0x08009584   0x00000004   PAD
    0x08009588   0x08009588   0x000000b0   Code   RO         1678    .text.HAL_UARTEx_ReceiveToIdle_DMA  stm32h7xx_hal_uart_ex.o
    0x08009638   0x08009638   0x0000004a   Code   RO           41    .text.HAL_UARTEx_RxEventCallback  main.o
    0x08009682   0x08009682   0x00000006   PAD
    0x08009688   0x08009688   0x00000008   Code   RO         1650    .text.HAL_UARTEx_RxFifoFullCallback  stm32h7xx_hal_uart_ex.o
    0x08009690   0x08009690   0x0000008c   Code   RO         1672    .text.HAL_UARTEx_SetRxFifoThreshold  stm32h7xx_hal_uart_ex.o
    0x0800971c   0x0800971c   0x00000004   PAD
    0x08009720   0x08009720   0x0000008c   Code   RO         1670    .text.HAL_UARTEx_SetTxFifoThreshold  stm32h7xx_hal_uart_ex.o
    0x080097ac   0x080097ac   0x00000004   PAD
    0x080097b0   0x080097b0   0x00000008   Code   RO         1652    .text.HAL_UARTEx_TxFifoEmptyCallback  stm32h7xx_hal_uart_ex.o
    0x080097b8   0x080097b8   0x00000008   Code   RO         1648    .text.HAL_UARTEx_WakeupCallback  stm32h7xx_hal_uart_ex.o
    0x080097c0   0x080097c0   0x00000008   Code   RO         1590    .text.HAL_UART_ErrorCallback  stm32h7xx_hal_uart.o
    0x080097c8   0x080097c8   0x000006fe   Code   RO         1586    .text.HAL_UART_IRQHandler  stm32h7xx_hal_uart.o
    0x08009ec6   0x08009ec6   0x00000002   PAD
    0x08009ec8   0x08009ec8   0x000000aa   Code   RO         1498    .text.HAL_UART_Init  stm32h7xx_hal_uart.o
    0x08009f72   0x08009f72   0x00000006   PAD
    0x08009f78   0x08009f78   0x000001b0   Code   RO          160    .text.HAL_UART_MspInit  usart.o
    0x0800a128   0x0800a128   0x00000008   Code   RO         1600    .text.HAL_UART_RxCpltCallback  stm32h7xx_hal_uart.o
    0x0800a130   0x0800a130   0x00000008   Code   RO         1602    .text.HAL_UART_RxHalfCpltCallback  stm32h7xx_hal_uart.o
    0x0800a138   0x0800a138   0x00000108   Code   RO         1538    .text.HAL_UART_Transmit_DMA  stm32h7xx_hal_uart.o
    0x0800a240   0x0800a240   0x00000008   Code   RO         1596    .text.HAL_UART_TxCpltCallback  stm32h7xx_hal_uart.o
    0x0800a248   0x0800a248   0x00000008   Code   RO         1598    .text.HAL_UART_TxHalfCpltCallback  stm32h7xx_hal_uart.o
    0x0800a250   0x0800a250   0x00000004   Code   RO          176    .text.HardFault_Handler  stm32h7xx_it.o
    0x0800a254   0x0800a254   0x00000004   PAD
    0x0800a258   0x0800a258   0x000000ac   Code   RO           23    .text.IR_Send       main.o
    0x0800a304   0x0800a304   0x00000004   PAD
    0x0800a308   0x0800a308   0x00000166   Code   RO          105    .text.MX_DMA_Init   dma.o
    0x0800a46e   0x0800a46e   0x00000002   PAD
    0x0800a470   0x0800a470   0x00000108   Code   RO           97    .text.MX_GPIO_Init  gpio.o
    0x0800a578   0x0800a578   0x0000011a   Code   RO          113    .text.MX_TIM1_Init  tim.o
    0x0800a692   0x0800a692   0x00000006   PAD
    0x0800a698   0x0800a698   0x000000dc   Code   RO          115    .text.MX_TIM2_Init  tim.o
    0x0800a774   0x0800a774   0x00000004   PAD
    0x0800a778   0x0800a778   0x000000fc   Code   RO          119    .text.MX_TIM3_Init  tim.o
    0x0800a874   0x0800a874   0x00000004   PAD
    0x0800a878   0x0800a878   0x00000102   Code   RO          121    .text.MX_TIM4_Init  tim.o
    0x0800a97a   0x0800a97a   0x00000006   PAD
    0x0800a980   0x0800a980   0x00000086   Code   RO          123    .text.MX_TIM5_Init  tim.o
    0x0800aa06   0x0800aa06   0x00000002   PAD
    0x0800aa08   0x0800aa08   0x0000011c   Code   RO          125    .text.MX_TIM8_Init  tim.o
    0x0800ab24   0x0800ab24   0x00000004   PAD
    0x0800ab28   0x0800ab28   0x00000094   Code   RO          158    .text.MX_USART2_UART_Init  usart.o
    0x0800abbc   0x0800abbc   0x00000004   PAD
    0x0800abc0   0x0800abc0   0x00000004   Code   RO          178    .text.MemManage_Handler  stm32h7xx_it.o
    0x0800abc4   0x0800abc4   0x00000004   PAD
    0x0800abc8   0x0800abc8   0x00000004   Code   RO          174    .text.NMI_Handler   stm32h7xx_it.o
    0x0800abcc   0x0800abcc   0x00000004   PAD
    0x0800abd0   0x0800abd0   0x0000006c   Code   RO          255    .text.NVIC_EncodePriority  stm32h7xx_hal_cortex.o
    0x0800ac3c   0x0800ac3c   0x00000004   PAD
    0x0800ac40   0x0800ac40   0x00000002   Code   RO          188    .text.PendSV_Handler  stm32h7xx_it.o
    0x0800ac42   0x0800ac42   0x00000006   PAD
    0x0800ac48   0x0800ac48   0x000001ca   Code   RO          359    .text.RCCEx_PLL2_Config  stm32h7xx_hal_rcc_ex.o
    0x0800ae12   0x0800ae12   0x00000006   PAD
    0x0800ae18   0x0800ae18   0x000001ca   Code   RO          361    .text.RCCEx_PLL3_Config  stm32h7xx_hal_rcc_ex.o
    0x0800afe2   0x0800afe2   0x00000006   PAD
    0x0800afe8   0x0800afe8   0x00000002   Code   RO          184    .text.SVC_Handler   stm32h7xx_it.o
    0x0800afea   0x0800afea   0x00000006   PAD
    0x0800aff0   0x0800aff0   0x00000052   Code   RO          271    .text.SysTick_Config  stm32h7xx_hal_cortex.o
    0x0800b042   0x0800b042   0x00000006   PAD
    0x0800b048   0x0800b048   0x00000008   Code   RO          190    .text.SysTick_Handler  stm32h7xx_it.o
    0x0800b050   0x0800b050   0x000002e4   Code   RO         1693    .text.SystemCoreClockUpdate  system_stm32h7xx.o
    0x0800b334   0x0800b334   0x00000004   PAD
    0x0800b338   0x0800b338   0x00000166   Code   RO         1691    .text.SystemInit    system_stm32h7xx.o
    0x0800b49e   0x0800b49e   0x00000002   PAD
    0x0800b4a0   0x0800b4a0   0x00000010   Code   RO          212    .text.TIM5_IRQHandler  stm32h7xx_it.o
    0x0800b4b0   0x0800b4b0   0x00000010   Code   RO          208    .text.TIM8_TRG_COM_TIM14_IRQHandler  stm32h7xx_it.o
    0x0800b4c0   0x0800b4c0   0x000001c4   Code   RO         1150    .text.TIM_Base_SetConfig  stm32h7xx_hal_tim.o
    0x0800b684   0x0800b684   0x00000004   PAD
    0x0800b688   0x0800b688   0x00000036   Code   RO         1184    .text.TIM_CCxChannelCmd  stm32h7xx_hal_tim.o
    0x0800b6be   0x0800b6be   0x00000002   PAD
    0x0800b6c0   0x0800b6c0   0x000000d4   Code   RO         1238    .text.TIM_DMACaptureCplt  stm32h7xx_hal_tim.o
    0x0800b794   0x0800b794   0x00000004   PAD
    0x0800b798   0x0800b798   0x00000074   Code   RO         1240    .text.TIM_DMACaptureHalfCplt  stm32h7xx_hal_tim.o
    0x0800b80c   0x0800b80c   0x00000004   PAD
    0x0800b810   0x0800b810   0x0000009a   Code   RO         1170    .text.TIM_DMAError  stm32h7xx_hal_tim.o
    0x0800b8aa   0x0800b8aa   0x00000006   PAD
    0x0800b8b0   0x0800b8b0   0x00000034   Code   RO         1340    .text.TIM_ETR_SetConfig  stm32h7xx_hal_tim.o
    0x0800b8e4   0x0800b8e4   0x00000004   PAD
    0x0800b8e8   0x0800b8e8   0x00000030   Code   RO         1346    .text.TIM_ITRx_SetConfig  stm32h7xx_hal_tim.o
    0x0800b918   0x0800b918   0x00000150   Code   RO         1294    .text.TIM_OC1_SetConfig  stm32h7xx_hal_tim.o
    0x0800ba68   0x0800ba68   0x0000016c   Code   RO         1296    .text.TIM_OC2_SetConfig  stm32h7xx_hal_tim.o
    0x0800bbd4   0x0800bbd4   0x00000004   PAD
    0x0800bbd8   0x0800bbd8   0x0000016a   Code   RO         1298    .text.TIM_OC3_SetConfig  stm32h7xx_hal_tim.o
    0x0800bd42   0x0800bd42   0x00000006   PAD
    0x0800bd48   0x0800bd48   0x000000da   Code   RO         1300    .text.TIM_OC4_SetConfig  stm32h7xx_hal_tim.o
    0x0800be22   0x0800be22   0x00000006   PAD
    0x0800be28   0x0800be28   0x000000d0   Code   RO         1302    .text.TIM_OC5_SetConfig  stm32h7xx_hal_tim.o
    0x0800bef8   0x0800bef8   0x000000d2   Code   RO         1304    .text.TIM_OC6_SetConfig  stm32h7xx_hal_tim.o
    0x0800bfca   0x0800bfca   0x00000006   PAD
    0x0800bfd0   0x0800bfd0   0x00000050   Code   RO         1344    .text.TIM_TI1_ConfigInputStage  stm32h7xx_hal_tim.o
    0x0800c020   0x0800c020   0x0000013e   Code   RO         1308    .text.TIM_TI1_SetConfig  stm32h7xx_hal_tim.o
    0x0800c15e   0x0800c15e   0x00000002   PAD
    0x0800c160   0x0800c160   0x00000052   Code   RO         1348    .text.TIM_TI2_ConfigInputStage  stm32h7xx_hal_tim.o
    0x0800c1b2   0x0800c1b2   0x00000006   PAD
    0x0800c1b8   0x0800c1b8   0x0000006c   Code   RO         1310    .text.TIM_TI2_SetConfig  stm32h7xx_hal_tim.o
    0x0800c224   0x0800c224   0x00000004   PAD
    0x0800c228   0x0800c228   0x0000006a   Code   RO         1312    .text.TIM_TI3_SetConfig  stm32h7xx_hal_tim.o
    0x0800c292   0x0800c292   0x00000006   PAD
    0x0800c298   0x0800c298   0x0000006c   Code   RO         1314    .text.TIM_TI4_SetConfig  stm32h7xx_hal_tim.o
    0x0800c304   0x0800c304   0x00000004   PAD
    0x0800c308   0x0800c308   0x00000086   Code   RO         1666    .text.UARTEx_SetNbDataToProcess  stm32h7xx_hal_uart_ex.o
    0x0800c38e   0x0800c38e   0x00000002   PAD
    0x0800c390   0x0800c390   0x00000148   Code   RO         1502    .text.UART_AdvFeatureConfig  stm32h7xx_hal_uart.o
    0x0800c4d8   0x0800c4d8   0x00000146   Code   RO         1506    .text.UART_CheckIdleState  stm32h7xx_hal_uart.o
    0x0800c61e   0x0800c61e   0x00000002   PAD
    0x0800c620   0x0800c620   0x0000001e   Code   RO         1588    .text.UART_DMAAbortOnError  stm32h7xx_hal_uart.o
    0x0800c63e   0x0800c63e   0x00000002   PAD
    0x0800c640   0x0800c640   0x00000080   Code   RO         1544    .text.UART_DMAError  stm32h7xx_hal_uart.o
    0x0800c6c0   0x0800c6c0   0x000000f6   Code   RO         1634    .text.UART_DMAReceiveCplt  stm32h7xx_hal_uart.o
    0x0800c7b6   0x0800c7b6   0x00000002   PAD
    0x0800c7b8   0x0800c7b8   0x00000036   Code   RO         1636    .text.UART_DMARxHalfCplt  stm32h7xx_hal_uart.o
    0x0800c7ee   0x0800c7ee   0x00000002   PAD
    0x0800c7f0   0x0800c7f0   0x0000007a   Code   RO         1540    .text.UART_DMATransmitCplt  stm32h7xx_hal_uart.o
    0x0800c86a   0x0800c86a   0x00000006   PAD
    0x0800c870   0x0800c870   0x00000016   Code   RO         1542    .text.UART_DMATxHalfCplt  stm32h7xx_hal_uart.o
    0x0800c886   0x0800c886   0x00000002   PAD
    0x0800c888   0x0800c888   0x0000009e   Code   RO         1558    .text.UART_EndRxTransfer  stm32h7xx_hal_uart.o
    0x0800c926   0x0800c926   0x00000002   PAD
    0x0800c928   0x0800c928   0x00000044   Code   RO         1594    .text.UART_EndTransmit_IT  stm32h7xx_hal_uart.o
    0x0800c96c   0x0800c96c   0x00000004   PAD
    0x0800c970   0x0800c970   0x0000005c   Code   RO         1556    .text.UART_EndTxTransfer  stm32h7xx_hal_uart.o
    0x0800c9cc   0x0800c9cc   0x00000004   PAD
    0x0800c9d0   0x0800c9d0   0x00000a4e   Code   RO         1504    .text.UART_SetConfig  stm32h7xx_hal_uart.o
    0x0800d41e   0x0800d41e   0x00000002   PAD
    0x0800d420   0x0800d420   0x0000012e   Code   RO         1548    .text.UART_Start_Receive_DMA  stm32h7xx_hal_uart.o
    0x0800d54e   0x0800d54e   0x00000002   PAD
    0x0800d550   0x0800d550   0x0000010c   Code   RO         1520    .text.UART_WaitOnFlagUntilTimeout  stm32h7xx_hal_uart.o
    0x0800d65c   0x0800d65c   0x00000004   PAD
    0x0800d660   0x0800d660   0x00000010   Code   RO          206    .text.USART2_IRQHandler  stm32h7xx_it.o
    0x0800d670   0x0800d670   0x00000004   Code   RO          182    .text.UsageFault_Handler  stm32h7xx_it.o
    0x0800d674   0x0800d674   0x00000004   PAD
    0x0800d678   0x0800d678   0x00000088   Code   RO           37    .text._Z10IR_SendBith  main.o
    0x0800d700   0x0800d700   0x000001f0   Code   RO           43    .text._Z12Callback_FucPht  main.o
    0x0800d8f0   0x0800d8f0   0x00000046   Code   RO           39    .text._Z12IR_WriteByteh  main.o
    0x0800d936   0x0800d936   0x00000002   PAD
    0x0800d938   0x0800d938   0x00000032   Code   RO           35    .text._Z13IR_SendLeaderv  main.o
    0x0800d96a   0x0800d96a   0x00000006   PAD
    0x0800d970   0x0800d970   0x000000cc   Code   RO           17    .text._Z18SystemClock_Configv  main.o
    0x0800da3c   0x0800da3c   0x00000004   PAD
    0x0800da40   0x0800da40   0x00000056   Code   RO           13    .text._ZL10MPU_Configv  main.o
    0x0800da96   0x0800da96   0x00000002   PAD
    0x0800da98   0x0800da98   0x00000022   Code   RO           19    .text._ZL8DWT_Initv  main.o
    0x0800daba   0x0800daba   0x00000006   PAD
    0x0800dac0   0x0800dac0   0x0000004c   Code   RO           25    .text._ZL8delay_usj  main.o
    0x0800db0c   0x0800db0c   0x00000004   PAD
    0x0800db10   0x0800db10   0x0000004a   Code   RO         1756    .text._ZN9TimeStamp11getInstanceEv  bsp_timestamp.o
    0x0800db5a   0x0800db5a   0x00000006   PAD
    0x0800db60   0x0800db60   0x00000050   Code   RO         1760    .text._ZN9TimeStamp16overflowCallbackEv  bsp_timestamp.o
    0x0800dbb0   0x0800dbb0   0x00000034   Code   RO         1758    .text._ZN9TimeStamp4initEP17TIM_HandleTypeDef  bsp_timestamp.o
    0x0800dbe4   0x0800dbe4   0x00000004   PAD
    0x0800dbe8   0x0800dbe8   0x0000000a   Code   RO         1754    .text._ZN9TimeStampC2Ev  bsp_timestamp.o
    0x0800dbf2   0x0800dbf2   0x00000006   PAD
    0x0800dbf8   0x0800dbf8   0x000000ba   Code   RO         1762    .text._ZNK9TimeStamp15getMicrosecondsEv  bsp_timestamp.o
    0x0800dcb2   0x0800dcb2   0x00000006   PAD
    0x0800dcb8   0x0800dcb8   0x00000038   Code   RO          263    .text.__NVIC_DisableIRQ  stm32h7xx_hal_cortex.o
    0x0800dcf0   0x0800dcf0   0x00000030   Code   RO          259    .text.__NVIC_EnableIRQ  stm32h7xx_hal_cortex.o
    0x0800dd20   0x0800dd20   0x00000010   Code   RO          251    .text.__NVIC_GetPriorityGrouping  stm32h7xx_hal_cortex.o
    0x0800dd30   0x0800dd30   0x00000042   Code   RO          253    .text.__NVIC_SetPriority  stm32h7xx_hal_cortex.o
    0x0800dd72   0x0800dd72   0x00000006   PAD
    0x0800dd78   0x0800dd78   0x0000003c   Code   RO          247    .text.__NVIC_SetPriorityGrouping  stm32h7xx_hal_cortex.o
    0x0800ddb4   0x0800ddb4   0x00000004   PAD
    0x0800ddb8   0x0800ddb8   0x00000400   Code   RO           11    .text.main          main.o
    0x0800e1b8   0x0800e1b8   0x0000002c   Code   RO         1795    .text.unlikely.__cxa_guard_acquire  libcppabi_w.l(cxa_guard.cpp.o)
    0x0800e1e4   0x0800e1e4   0x00000008   Code   RO         1797    .text.unlikely.__cxa_guard_release  libcppabi_w.l(cxa_guard.cpp.o)
    0x0800e1ec   0x0800e1ec   0x00000004   Code   RO         1810    .text.unlikely.abort_message  libcppabi_w.l(abort_message.cpp.o)
    0x0800e1f0   0x0800e1f0   0x0000008a   Code   RO         1789    x$fpl$dfltull       fz_wv.l(dfltll_clz.o)
    0x0800e27a   0x0800e27a   0x0000001a   Code   RO         1930    x$fpl$fpinit        fz_wv.l(fpinit.o)
    0x0800e294   0x0800e294   0x00000000   Code   RO         1808    x$fpl$usenofp       fz_wv.l(usenofp.o)
    0x0800e294   0x0800e294   0x00000010   Data   RO         1699    .rodata.D1CorePrescTable  system_stm32h7xx.o
    0x0800e2a4   0x0800e2a4   0x00000008   Data   RO          609    .rodata.DMA_CalcBaseAndBitshift.flagBitshiftOffset  stm32h7xx_hal_dma.o
    0x0800e2ac   0x0800e2ac   0x00000008   Data   RO         1683    .rodata.UARTEx_SetNbDataToProcess.denominator  stm32h7xx_hal_uart_ex.o
    0x0800e2b4   0x0800e2b4   0x00000008   Data   RO         1682    .rodata.UARTEx_SetNbDataToProcess.numerator  stm32h7xx_hal_uart_ex.o
    0x0800e2bc   0x0800e2bc   0x00000018   Data   RO         1638    .rodata.UARTPrescTable  stm32h7xx_hal_uart.o
    0x0800e2d4   0x0800e2d4   0x00000093   Data   RO         1801    .rodata.str1.1      libcppabi_w.l(cxa_guard.cpp.o)
    0x0800e367   0x0800e367   0x00000001   PAD
    0x0800e368   0x0800e368   0x00000020   Data   RO         1986    Region$$Table       anon$$obj.o


    Execution Region RW_IRAM1 (Exec base: 0x20000000, Load base: 0x0800e388, Size: 0x00000000, Max: 0x00020000, ABSOLUTE)

    **** No section assigned to this execution region ****


    Execution Region RW_IRAM2 (Exec base: 0x24000000, Load base: 0x0800e388, Size: 0x00001160, Max: 0x00050000, ABSOLUTE)

    Exec Addr    Load Addr    Size         Type   Attr      Idx    E Section Name        Object

    0x24000000   0x0800e388   0x00000003   Data   RW           68    .data.Send_Data     main.o
    0x24000003   0x0800e38b   0x00000001   PAD
    0x24000004   0x0800e38c   0x00000004   Data   RW         1697    .data.SystemCoreClock  system_stm32h7xx.o
    0x24000008   0x0800e390   0x00000004   Data   RW         1698    .data.SystemD2Clock  system_stm32h7xx.o
    0x2400000c   0x0800e394   0x00000001   Data   RW           85    .data._ZL14capture_active  main.o
    0x2400000d   0x0800e395   0x00000001   Data   RW           83    .data._ZL5state     main.o
    0x2400000e   0x0800e396   0x00000001   Data   RW          924    .data.uwTickFreq    stm32h7xx_hal.o
    0x2400000f   0x0800e397   0x00000001   PAD
    0x24000010   0x0800e398   0x00000004   Data   RW          923    .data.uwTickPrio    stm32h7xx_hal.o
    0x24000014   0x0800e39c   0x00000004   PAD
    0x24000018        -       0x00000060   Zero   RW         1855    .bss                c_w.l(libspace.o)
    0x24000078        -       0x00000008   Zero   RW           53    .bss.Data_T1_ch1    main.o
    0x24000080        -       0x00000008   Zero   RW           54    .bss.Data_T1_ch2    main.o
    0x24000088        -       0x00000008   Zero   RW           55    .bss.Data_T1_ch3    main.o
    0x24000090        -       0x00000008   Zero   RW           56    .bss.Data_T1_ch4    main.o
    0x24000098        -       0x00000008   Zero   RW           50    .bss.Data_T3_ch1    main.o
    0x240000a0        -       0x00000008   Zero   RW           51    .bss.Data_T3_ch2    main.o
    0x240000a8        -       0x00000008   Zero   RW           52    .bss.Data_T3_ch3    main.o
    0x240000b0        -       0x00000008   Zero   RW           47    .bss.Data_T4_ch1    main.o
    0x240000b8        -       0x00000008   Zero   RW           48    .bss.Data_T4_ch2    main.o
    0x240000c0        -       0x00000008   Zero   RW           49    .bss.Data_T4_ch3    main.o
    0x240000c8        -       0x00000008   Zero   RW           57    .bss.Data_T8_ch1    main.o
    0x240000d0        -       0x00000008   Zero   RW           58    .bss.Data_T8_ch2    main.o
    0x240000d8        -       0x00000008   Zero   RW           59    .bss.Data_T8_ch3    main.o
    0x240000e0        -       0x00000008   Zero   RW           60    .bss.Data_T8_ch4    main.o
    0x240000e8        -       0x00000003   Zero   RW           69    .bss.Respon_Data    main.o
    0x240000eb        -       0x00000001   Zero   RW           61    .bss.Send_Data_cnt  main.o
    0x240000ec        -       0x00000001   Zero   RW           81    .bss.Start_Send_delay  main.o
    0x240000ed        -       0x00000001   Zero   RW           80    .bss.TYPE           main.o
    0x240000ee   0x0800e39c   0x00000002   PAD
    0x240000f0        -       0x00000004   Zero   RW         1771    .bss._ZGVZN9TimeStamp11getInstanceEvE8instance  bsp_timestamp.o
    0x240000f4        -       0x00000001   Zero   RW           82    .bss._ZL10store_flag  main.o
    0x240000f5   0x0800e39c   0x00000003   PAD
    0x240000f8        -       0x00000008   Zero   RW           86    .bss._ZL14last_normal_us  main.o
    0x24000100        -       0x00000008   Zero   RW           87    .bss._ZL18last_send_delay_us  main.o
    0x24000108        -       0x00000008   Zero   RW           84    .bss._ZL20last_capture_tick_us  main.o
    0x24000110        -       0x00000001   Zero   RW           88    .bss._ZL22need_to_enable_capture  main.o
    0x24000111   0x0800e39c   0x00000007   PAD
    0x24000118        -       0x00000008   Zero   RW         1769    .bss._ZN9TimeStamp17s_overflow_count_E  bsp_timestamp.o
    0x24000120        -       0x00000004   Zero   RW         1768    .bss._ZN9TimeStamp7s_htim_E  bsp_timestamp.o
    0x24000124        -       0x00000001   Zero   RW         1770    .bss._ZZN9TimeStamp11getInstanceEvE8instance  bsp_timestamp.o
    0x24000125   0x0800e39c   0x00000003   PAD
    0x24000128        -       0x00000008   Zero   RW           64    .bss.eslap          main.o
    0x24000130        -       0x00000008   Zero   RW           63    .bss.eslap1         main.o
    0x24000138        -       0x00000078   Zero   RW          137    .bss.hdma_tim1_ch1  tim.o
    0x240001b0        -       0x00000078   Zero   RW          138    .bss.hdma_tim1_ch2  tim.o
    0x24000228        -       0x00000078   Zero   RW          139    .bss.hdma_tim1_ch3  tim.o
    0x240002a0        -       0x00000078   Zero   RW          140    .bss.hdma_tim1_ch4  tim.o
    0x24000318        -       0x00000078   Zero   RW          141    .bss.hdma_tim3_ch1  tim.o
    0x24000390        -       0x00000078   Zero   RW          142    .bss.hdma_tim3_ch2  tim.o
    0x24000408        -       0x00000078   Zero   RW          143    .bss.hdma_tim3_ch3  tim.o
    0x24000480        -       0x00000078   Zero   RW          144    .bss.hdma_tim4_ch1  tim.o
    0x240004f8        -       0x00000078   Zero   RW          145    .bss.hdma_tim4_ch2  tim.o
    0x24000570        -       0x00000078   Zero   RW          146    .bss.hdma_tim4_ch3  tim.o
    0x240005e8        -       0x00000078   Zero   RW          147    .bss.hdma_tim8_ch1  tim.o
    0x24000660        -       0x00000078   Zero   RW          148    .bss.hdma_tim8_ch2  tim.o
    0x240006d8        -       0x00000078   Zero   RW          149    .bss.hdma_tim8_ch3  tim.o
    0x24000750        -       0x00000078   Zero   RW          150    .bss.hdma_tim8_ch4  tim.o
    0x240007c8        -       0x00000078   Zero   RW          165    .bss.hdma_usart2_rx  usart.o
    0x24000840        -       0x00000078   Zero   RW          166    .bss.hdma_usart2_tx  usart.o
    0x240008b8        -       0x0000004c   Zero   RW          131    .bss.htim1          tim.o
    0x24000904        -       0x0000004c   Zero   RW          132    .bss.htim2          tim.o
    0x24000950        -       0x0000004c   Zero   RW          133    .bss.htim3          tim.o
    0x2400099c        -       0x0000004c   Zero   RW          134    .bss.htim4          tim.o
    0x240009e8        -       0x0000004c   Zero   RW          135    .bss.htim5          tim.o
    0x24000a34        -       0x0000004c   Zero   RW          136    .bss.htim8          tim.o
    0x24000a80        -       0x00000094   Zero   RW          164    .bss.huart2         usart.o
    0x24000b14        -       0x00000001   Zero   RW           79    .bss.send_cnt       main.o
    0x24000b15   0x0800e39c   0x00000003   PAD
    0x24000b18        -       0x00000004   Zero   RW           70    .bss.sum            main.o
    0x24000b1c        -       0x0000001e   Zero   RW           65    .bss.uart2_data_rec  main.o
    0x24000b3a        -       0x0000001e   Zero   RW           66    .bss.uart2_data_snd  main.o
    0x24000b58        -       0x00000004   Zero   RW          925    .bss.uwTick         stm32h7xx_hal.o
    0x24000b5c   0x0800e39c   0x00000004   PAD
    0x24000b60        -       0x00000200   Zero   RW            2    HEAP                startup_stm32h723xx.o
    0x24000d60        -       0x00000400   Zero   RW            1    STACK               startup_stm32h723xx.o


==============================================================================

Image component sizes


      Code (inc. data)   RO Data    RW Data    ZI Data      Debug   Object Name

       402          0          0          0         17      16524   bsp_timestamp.o
       358          0          0          0          0       5273   dma.o
       264          0          0          0          0       2969   gpio.o
      3184         24          0          5        225      31747   main.o
        72         30        716          0       1536        840   startup_stm32h723xx.o
       294          0          0          5          4      14602   stm32h7xx_hal.o
       764          0          0          0          0      11482   stm32h7xx_hal_cortex.o
     15540          8          8          0          0      12461   stm32h7xx_hal_dma.o
       982          0          0          0          0       6989   stm32h7xx_hal_gpio.o
        36          0          0          0          0       2214   stm32h7xx_hal_msp.o
       162          0          0          0          0       9307   stm32h7xx_hal_pwr_ex.o
      4694         66          0          0          0      11378   stm32h7xx_hal_rcc.o
      6358         96          0          0          0      18630   stm32h7xx_hal_rcc_ex.o
      8896         50          0          0          0      37542   stm32h7xx_hal_tim.o
       404          0          0          0          0      18119   stm32h7xx_hal_tim_ex.o
      7046        342         24          0          0      29419   stm32h7xx_hal_uart.o
       738          0         16          0          0       8877   stm32h7xx_hal_uart_ex.o
       388          0          0          0          0       3661   stm32h7xx_it.o
      1138         62         16          8          0       5538   system_stm32h7xx.o
      3550          0          0          0       2136      14195   tim.o
       580          0          0          0        388      11339   usart.o

    ----------------------------------------------------------------------
     56264        686        812         20       4332     273106   Object Totals
         0          0         32          0          0          0   (incl. Generated)
       414          8          0          2         26          0   (incl. Padding)

    ----------------------------------------------------------------------

      Code (inc. data)   RO Data    RW Data    ZI Data      Debug   Library Member Name

         8          0          0          0          0         68   __main.o
         0          0          0          0          0          0   __rtentry.o
        12          0          0          0          0          0   __rtentry2.o
         6          0          0          0          0          0   __rtentry4.o
        94          8          0          0          0          0   __scatter.o
        26          0          0          0          0          0   __scatter_copy.o
        28          0          0          0          0          0   __scatter_zi.o
        22          0          0          0          0         80   abort.o
        48         34          0          0          0         76   defsig_abrt_inner.o
        14          0          0          0          0         80   defsig_abrt_outer.o
        10          0          0          0          0         68   defsig_exit.o
        50          0          0          0          0         88   defsig_general.o
        18          0          0          0          0         80   exit.o
         6          0          0          0          0        152   heapauxi.o
         0          0          0          0          0          0   indicate_semi.o
         2          0          0          0          0          0   libinit.o
         6          0          0          0          0          0   libinit2.o
         2          0          0          0          0          0   libshutdown.o
         2          0          0          0          0          0   libshutdown2.o
         8          4          0          0         96         68   libspace.o
       240          0          0          0          0        100   lludivv7m.o
        78          0          0          0          0         80   rt_memclr_w.o
         2          0          0          0          0          0   rtexit.o
        10          0          0          0          0          0   rtexit2.o
        12          4          0          0          0         68   sys_exit.o
        74          0          0          0          0         80   sys_stackheap_outer.o
        14          0          0          0          0         76   sys_wrch.o
         2          0          0          0          0         68   use_no_semi.o
       138          0          0          0          0        132   dfltll_clz.o
        26          0          0          0          0        116   fpinit.o
         0          0          0          0          0          0   usenofp.o
         4          0          0          0          0         36   abort_message.cpp.o
        52          0        147          0          0         76   cxa_guard.cpp.o

    ----------------------------------------------------------------------
      1024         50        148          0         96       1592   Library Totals
        10          0          1          0          0          0   (incl. Padding)

    ----------------------------------------------------------------------

      Code (inc. data)   RO Data    RW Data    ZI Data      Debug   Library Name

       794         50          0          0         96       1232   c_w.l
       164          0          0          0          0        248   fz_wv.l
        56          0        147          0          0        112   libcppabi_w.l

    ----------------------------------------------------------------------
      1024         50        148          0         96       1592   Library Totals

    ----------------------------------------------------------------------

==============================================================================


      Code (inc. data)   RO Data    RW Data    ZI Data      Debug   

     57288        736        960         20       4428     273674   Grand Totals
     57288        736        960         20       4428     273674   ELF Image Totals
     57288        736        960         20          0          0   ROM Totals

==============================================================================

    Total RO  Size (Code + RO Data)                58248 (  56.88kB)
    Total RW  Size (RW Data + ZI Data)              4448 (   4.34kB)
    Total ROM Size (Code + RO Data + RW Data)      58268 (  56.90kB)

==============================================================================

