Component: Arm Compiler for Embedded 6.24 Tool: armlink [5f371500]

==============================================================================

Section Cross References

    startup_stm32h723xx.o(STACK) refers (Special) to heapauxi.o(.text) for __use_two_region_memory
    startup_stm32h723xx.o(HEAP) refers (Special) to heapauxi.o(.text) for __use_two_region_memory
    startup_stm32h723xx.o(RESET) refers (Special) to heapauxi.o(.text) for __use_two_region_memory
    startup_stm32h723xx.o(RESET) refers to startup_stm32h723xx.o(STACK) for __initial_sp
    startup_stm32h723xx.o(RESET) refers to startup_stm32h723xx.o(.text) for Reset_Handler
    startup_stm32h723xx.o(RESET) refers to stm32h7xx_it.o(.text.NMI_Handler) for NMI_Handler
    startup_stm32h723xx.o(RESET) refers to stm32h7xx_it.o(.text.HardFault_Handler) for HardFault_Handler
    startup_stm32h723xx.o(RESET) refers to stm32h7xx_it.o(.text.MemManage_Handler) for MemManage_Handler
    startup_stm32h723xx.o(RESET) refers to stm32h7xx_it.o(.text.BusFault_Handler) for BusFault_Handler
    startup_stm32h723xx.o(RESET) refers to stm32h7xx_it.o(.text.UsageFault_Handler) for UsageFault_Handler
    startup_stm32h723xx.o(RESET) refers to stm32h7xx_it.o(.text.SVC_Handler) for SVC_Handler
    startup_stm32h723xx.o(RESET) refers to stm32h7xx_it.o(.text.DebugMon_Handler) for DebugMon_Handler
    startup_stm32h723xx.o(RESET) refers to stm32h7xx_it.o(.text.PendSV_Handler) for PendSV_Handler
    startup_stm32h723xx.o(RESET) refers to stm32h7xx_it.o(.text.SysTick_Handler) for SysTick_Handler
    startup_stm32h723xx.o(RESET) refers to stm32h7xx_it.o(.text.DMA1_Stream0_IRQHandler) for DMA1_Stream0_IRQHandler
    startup_stm32h723xx.o(RESET) refers to stm32h7xx_it.o(.text.DMA1_Stream1_IRQHandler) for DMA1_Stream1_IRQHandler
    startup_stm32h723xx.o(RESET) refers to stm32h7xx_it.o(.text.DMA1_Stream2_IRQHandler) for DMA1_Stream2_IRQHandler
    startup_stm32h723xx.o(RESET) refers to stm32h7xx_it.o(.text.DMA1_Stream3_IRQHandler) for DMA1_Stream3_IRQHandler
    startup_stm32h723xx.o(RESET) refers to stm32h7xx_it.o(.text.DMA1_Stream4_IRQHandler) for DMA1_Stream4_IRQHandler
    startup_stm32h723xx.o(RESET) refers to stm32h7xx_it.o(.text.DMA1_Stream5_IRQHandler) for DMA1_Stream5_IRQHandler
    startup_stm32h723xx.o(RESET) refers to stm32h7xx_it.o(.text.DMA1_Stream6_IRQHandler) for DMA1_Stream6_IRQHandler
    startup_stm32h723xx.o(RESET) refers to stm32h7xx_it.o(.text.USART2_IRQHandler) for USART2_IRQHandler
    startup_stm32h723xx.o(RESET) refers to stm32h7xx_it.o(.text.TIM8_TRG_COM_TIM14_IRQHandler) for TIM8_TRG_COM_TIM14_IRQHandler
    startup_stm32h723xx.o(RESET) refers to stm32h7xx_it.o(.text.DMA1_Stream7_IRQHandler) for DMA1_Stream7_IRQHandler
    startup_stm32h723xx.o(RESET) refers to stm32h7xx_it.o(.text.TIM5_IRQHandler) for TIM5_IRQHandler
    startup_stm32h723xx.o(RESET) refers to stm32h7xx_it.o(.text.DMA2_Stream0_IRQHandler) for DMA2_Stream0_IRQHandler
    startup_stm32h723xx.o(RESET) refers to stm32h7xx_it.o(.text.DMA2_Stream1_IRQHandler) for DMA2_Stream1_IRQHandler
    startup_stm32h723xx.o(RESET) refers to stm32h7xx_it.o(.text.DMA2_Stream2_IRQHandler) for DMA2_Stream2_IRQHandler
    startup_stm32h723xx.o(RESET) refers to stm32h7xx_it.o(.text.DMA2_Stream3_IRQHandler) for DMA2_Stream3_IRQHandler
    startup_stm32h723xx.o(RESET) refers to stm32h7xx_it.o(.text.DMA2_Stream4_IRQHandler) for DMA2_Stream4_IRQHandler
    startup_stm32h723xx.o(RESET) refers to stm32h7xx_it.o(.text.DMA2_Stream5_IRQHandler) for DMA2_Stream5_IRQHandler
    startup_stm32h723xx.o(RESET) refers to stm32h7xx_it.o(.text.DMA2_Stream6_IRQHandler) for DMA2_Stream6_IRQHandler
    startup_stm32h723xx.o(RESET) refers to stm32h7xx_it.o(.text.DMA2_Stream7_IRQHandler) for DMA2_Stream7_IRQHandler
    startup_stm32h723xx.o(.text) refers (Special) to heapauxi.o(.text) for __use_two_region_memory
    startup_stm32h723xx.o(.text) refers to system_stm32h7xx.o(.text.ExitRun0Mode) for ExitRun0Mode
    startup_stm32h723xx.o(.text) refers to system_stm32h7xx.o(.text.SystemInit) for SystemInit
    startup_stm32h723xx.o(.text) refers to __main.o(!!!main) for __main
    startup_stm32h723xx.o(.text) refers to startup_stm32h723xx.o(HEAP) for Heap_Mem
    startup_stm32h723xx.o(.text) refers to startup_stm32h723xx.o(STACK) for Stack_Mem
    main.o(.text.__cxx_global_var_init) refers to main.o(.bss.g_irManager) for g_irManager
    main.o(.text.__cxx_global_var_init) refers to module_ired.o(.text._ZN9IRManagerC2Eh) for IRManager::IRManager(unsigned char)
    main.o(.ARM.exidx.text.__cxx_global_var_init) refers to main.o(.text.__cxx_global_var_init) for [Anonymous Symbol]
    main.o(.text.__cxx_global_var_init.1) refers to module_serialprotocol.o(.text._ZN14SerialProtocol11getInstanceEv) for SerialProtocol::getInstance()
    main.o(.text.__cxx_global_var_init.1) refers to main.o(.bss.g_serialProto) for g_serialProto
[...]
    __rt_lib_shutdown_heap_1                 0x0800037b   Thumb Code     0  libshutdown2.o(.ARM.Collect$$libshutdown$$0000000F)
    __rt_lib_shutdown_return                 0x0800037b   Thumb Code     0  libshutdown2.o(.ARM.Collect$$libshutdown$$00000010)
    __rt_lib_shutdown_signal_1               0x0800037b   Thumb Code     0  libshutdown2.o(.ARM.Collect$$libshutdown$$0000000A)
    __rt_lib_shutdown_stdio_1                0x0800037b   Thumb Code     0  libshutdown2.o(.ARM.Collect$$libshutdown$$00000004)
    __rt_lib_shutdown_user_alloc_1           0x0800037b   Thumb Code     0  libshutdown2.o(.ARM.Collect$$libshutdown$$0000000C)
    __rt_entry                               0x0800037d   Thumb Code     0  __rtentry.o(.ARM.Collect$$rtentry$$00000000)
    __rt_entry_presh_1                       0x0800037d   Thumb Code     0  __rtentry2.o(.ARM.Collect$$rtentry$$00000002)
    __rt_entry_sh                            0x0800037d   Thumb Code     0  __rtentry4.o(.ARM.Collect$$rtentry$$00000004)
    __rt_entry_li                            0x08000383   Thumb Code     0  __rtentry2.o(.ARM.Collect$$rtentry$$0000000A)
    __rt_entry_postsh_1                      0x08000383   Thumb Code     0  __rtentry2.o(.ARM.Collect$$rtentry$$00000009)
    __rt_entry_main                          0x08000387   Thumb Code     0  __rtentry2.o(.ARM.Collect$$rtentry$$0000000D)
    __rt_entry_postli_1                      0x08000387   Thumb Code     0  __rtentry2.o(.ARM.Collect$$rtentry$$0000000C)
    __rt_exit                                0x0800038f   Thumb Code     0  rtexit.o(.ARM.Collect$$rtexit$$00000000)
    __rt_exit_ls                             0x08000391   Thumb Code     0  rtexit2.o(.ARM.Collect$$rtexit$$00000003)
    __rt_exit_prels_1                        0x08000391   Thumb Code     0  rtexit2.o(.ARM.Collect$$rtexit$$00000002)
    __rt_exit_exit                           0x08000395   Thumb Code     0  rtexit2.o(.ARM.Collect$$rtexit$$00000004)
    Reset_Handler                            0x0800039d   Thumb Code    12  startup_stm32h723xx.o(.text)
    ADC3_IRQHandler                          0x080003bb   Thumb Code     0  startup_stm32h723xx.o(.text)
    ADC_IRQHandler                           0x080003bb   Thumb Code     0  startup_stm32h723xx.o(.text)
    BDMA_Channel0_IRQHandler                 0x080003bb   Thumb Code     0  startup_stm32h723xx.o(.text)
    BDMA_Channel1_IRQHandler                 0x080003bb   Thumb Code     0  startup_stm32h723xx.o(.text)
    BDMA_Channel2_IRQHandler                 0x080003bb   Thumb Code     0  startup_stm32h723xx.o(.text)
    BDMA_Channel3_IRQHandler                 0x080003bb   Thumb Code     0  startup_stm32h723xx.o(.text)
    BDMA_Channel4_IRQHandler                 0x080003bb   Thumb Code     0  startup_stm32h723xx.o(.text)
    BDMA_Channel5_IRQHandler                 0x080003bb   Thumb Code     0  startup_stm32h723xx.o(.text)
    BDMA_Channel6_IRQHandler                 0x080003bb   Thumb Code     0  startup_stm32h723xx.o(.text)
    BDMA_Channel7_IRQHandler                 0x080003bb   Thumb Code     0  startup_stm32h723xx.o(.text)
    CEC_IRQHandler                           0x080003bb   Thumb Code     0  startup_stm32h723xx.o(.text)
    COMP1_IRQHandler                         0x080003bb   Thumb Code     0  startup_stm32h723xx.o(.text)
    CORDIC_IRQHandler                        0x080003bb   Thumb Code     0  startup_stm32h723xx.o(.text)
    CRS_IRQHandler                           0x080003bb   Thumb Code     0  startup_stm32h723xx.o(.text)
    DCMI_PSSI_IRQHandler                     0x080003bb   Thumb Code     0  startup_stm32h723xx.o(.text)
    DFSDM1_FLT0_IRQHandler                   0x080003bb   Thumb Code     0  startup_stm32h723xx.o(.text)
    DFSDM1_FLT1_IRQHandler                   0x080003bb   Thumb Code     0  startup_stm32h723xx.o(.text)
    DFSDM1_FLT2_IRQHandler                   0x080003bb   Thumb Code     0  startup_stm32h723xx.o(.text)
    DFSDM1_FLT3_IRQHandler                   0x080003bb   Thumb Code     0  startup_stm32h723xx.o(.text)
    DMA2D_IRQHandler                         0x080003bb   Thumb Code     0  startup_stm32h723xx.o(.text)
    DMAMUX1_OVR_IRQHandler                   0x080003bb   Thumb Code     0  startup_stm32h723xx.o(.text)
    DMAMUX2_OVR_IRQHandler                   0x080003bb   Thumb Code     0  startup_stm32h723xx.o(.text)
    DTS_IRQHandler                           0x080003bb   Thumb Code     0  startup_stm32h723xx.o(.text)
    ECC_IRQHandler                           0x080003bb   Thumb Code     0  startup_stm32h723xx.o(.text)
    ETH_IRQHandler                           0x080003bb   Thumb Code     0  startup_stm32h723xx.o(.text)
    ETH_WKUP_IRQHandler                      0x080003bb   Thumb Code     0  startup_stm32h723xx.o(.text)
    EXTI0_IRQHandler                         0x080003bb   Thumb Code     0  startup_stm32h723xx.o(.text)
    EXTI15_10_IRQHandler                     0x080003bb   Thumb Code     0  startup_stm32h723xx.o(.text)
    EXTI1_IRQHandler                         0x080003bb   Thumb Code     0  startup_stm32h723xx.o(.text)
    EXTI2_IRQHandler                         0x080003bb   Thumb Code     0  startup_stm32h723xx.o(.text)
    EXTI3_IRQHandler                         0x080003bb   Thumb Code     0  startup_stm32h723xx.o(.text)
    EXTI4_IRQHandler                         0x080003bb   Thumb Code     0  startup_stm32h723xx.o(.text)
    EXTI9_5_IRQHandler                       0x080003bb   Thumb Code     0  startup_stm32h723xx.o(.text)
    FDCAN1_IT0_IRQHandler                    0x080003bb   Thumb Code     0  startup_stm32h723xx.o(.text)
    FDCAN1_IT1_IRQHandler                    0x080003bb   Thumb Code     0  startup_stm32h723xx.o(.text)
    FDCAN2_IT0_IRQHandler                    0x080003bb   Thumb Code     0  startup_stm32h723xx.o(.text)
    FDCAN2_IT1_IRQHandler                    0x080003bb   Thumb Code     0  startup_stm32h723xx.o(.text)
    FDCAN3_IT0_IRQHandler                    0x080003bb   Thumb Code     0  startup_stm32h723xx.o(.text)
    FDCAN3_IT1_IRQHandler                    0x080003bb   Thumb Code     0  startup_stm32h723xx.o(.text)
    FDCAN_CAL_IRQHandler                     0x080003bb   Thumb Code     0  startup_stm32h723xx.o(.text)
    FLASH_IRQHandler                         0x080003bb   Thumb Code     0  startup_stm32h723xx.o(.text)
    FMAC_IRQHandler                          0x080003bb   Thumb Code     0  startup_stm32h723xx.o(.text)
    FMC_IRQHandler                           0x080003bb   Thumb Code     0  startup_stm32h723xx.o(.text)
    FPU_IRQHandler                           0x080003bb   Thumb Code     0  startup_stm32h723xx.o(.text)
    HSEM1_IRQHandler                         0x080003bb   Thumb Code     0  startup_stm32h723xx.o(.text)
    I2C1_ER_IRQHandler                       0x080003bb   Thumb Code     0  startup_stm32h723xx.o(.text)
    I2C1_EV_IRQHandler                       0x080003bb   Thumb Code     0  startup_stm32h723xx.o(.text)
    I2C2_ER_IRQHandler                       0x080003bb   Thumb Code     0  startup_stm32h723xx.o(.text)
    I2C2_EV_IRQHandler                       0x080003bb   Thumb Code     0  startup_stm32h723xx.o(.text)
    I2C3_ER_IRQHandler                       0x080003bb   Thumb Code     0  startup_stm32h723xx.o(.text)
    I2C3_EV_IRQHandler                       0x080003bb   Thumb Code     0  startup_stm32h723xx.o(.text)
    I2C4_ER_IRQHandler                       0x080003bb   Thumb Code     0  startup_stm32h723xx.o(.text)
    I2C4_EV_IRQHandler                       0x080003bb   Thumb Code     0  startup_stm32h723xx.o(.text)
    I2C5_ER_IRQHandler                       0x080003bb   Thumb Code     0  startup_stm32h723xx.o(.text)
    I2C5_EV_IRQHandler                       0x080003bb   Thumb Code     0  startup_stm32h723xx.o(.text)
    LPTIM1_IRQHandler                        0x080003bb   Thumb Code     0  startup_stm32h723xx.o(.text)
    LPTIM2_IRQHandler                        0x080003bb   Thumb Code     0  startup_stm32h723xx.o(.text)
    LPTIM3_IRQHandler                        0x080003bb   Thumb Code     0  startup_stm32h723xx.o(.text)
    LPTIM4_IRQHandler                        0x080003bb   Thumb Code     0  startup_stm32h723xx.o(.text)
    LPTIM5_IRQHandler                        0x080003bb   Thumb Code     0  startup_stm32h723xx.o(.text)
    LPUART1_IRQHandler                       0x080003bb   Thumb Code     0  startup_stm32h723xx.o(.text)
    LTDC_ER_IRQHandler                       0x080003bb   Thumb Code     0  startup_stm32h723xx.o(.text)
    LTDC_IRQHandler                          0x080003bb   Thumb Code     0  startup_stm32h723xx.o(.text)
    MDIOS_IRQHandler                         0x080003bb   Thumb Code     0  startup_stm32h723xx.o(.text)
    MDIOS_WKUP_IRQHandler                    0x080003bb   Thumb Code     0  startup_stm32h723xx.o(.text)
    MDMA_IRQHandler                          0x080003bb   Thumb Code     0  startup_stm32h723xx.o(.text)
    OCTOSPI1_IRQHandler                      0x080003bb   Thumb Code     0  startup_stm32h723xx.o(.text)
    OCTOSPI2_IRQHandler                      0x080003bb   Thumb Code     0  startup_stm32h723xx.o(.text)
    OTG_HS_EP1_IN_IRQHandler                 0x080003bb   Thumb Code     0  startup_stm32h723xx.o(.text)
    OTG_HS_EP1_OUT_IRQHandler                0x080003bb   Thumb Code     0  startup_stm32h723xx.o(.text)
    OTG_HS_IRQHandler                        0x080003bb   Thumb Code     0  startup_stm32h723xx.o(.text)
    OTG_HS_WKUP_IRQHandler                   0x080003bb   Thumb Code     0  startup_stm32h723xx.o(.text)
    PVD_AVD_IRQHandler                       0x080003bb   Thumb Code     0  startup_stm32h723xx.o(.text)
    RCC_IRQHandler                           0x080003bb   Thumb Code     0  startup_stm32h723xx.o(.text)
    RNG_IRQHandler                           0x080003bb   Thumb Code     0  startup_stm32h723xx.o(.text)
    RTC_Alarm_IRQHandler                     0x080003bb   Thumb Code     0  startup_stm32h723xx.o(.text)
    RTC_WKUP_IRQHandler                      0x080003bb   Thumb Code     0  startup_stm32h723xx.o(.text)
    SAI1_IRQHandler                          0x080003bb   Thumb Code     0  startup_stm32h723xx.o(.text)
    SAI4_IRQHandler                          0x080003bb   Thumb Code     0  startup_stm32h723xx.o(.text)
    SDMMC1_IRQHandler                        0x080003bb   Thumb Code     0  startup_stm32h723xx.o(.text)
    SDMMC2_IRQHandler                        0x080003bb   Thumb Code     0  startup_stm32h723xx.o(.text)
    SPDIF_RX_IRQHandler                      0x080003bb   Thumb Code     0  startup_stm32h723xx.o(.text)
    SPI1_IRQHandler                          0x080003bb   Thumb Code     0  startup_stm32h723xx.o(.text)
    SPI2_IRQHandler                          0x080003bb   Thumb Code     0  startup_stm32h723xx.o(.text)
    SPI3_IRQHandler                          0x080003bb   Thumb Code     0  startup_stm32h723xx.o(.text)
    SPI4_IRQHandler                          0x080003bb   Thumb Code     0  startup_stm32h723xx.o(.text)
    SPI5_IRQHandler                          0x080003bb   Thumb Code     0  startup_stm32h723xx.o(.text)
    SPI6_IRQHandler                          0x080003bb   Thumb Code     0  startup_stm32h723xx.o(.text)
    SWPMI1_IRQHandler                        0x080003bb   Thumb Code     0  startup_stm32h723xx.o(.text)
    TAMP_STAMP_IRQHandler                    0x080003bb   Thumb Code     0  startup_stm32h723xx.o(.text)
    TIM15_IRQHandler                         0x080003bb   Thumb Code     0  startup_stm32h723xx.o(.text)
    TIM16_IRQHandler                         0x080003bb   Thumb Code     0  startup_stm32h723xx.o(.text)
    TIM17_IRQHandler                         0x080003bb   Thumb Code     0  startup_stm32h723xx.o(.text)
    TIM1_BRK_IRQHandler                      0x080003bb   Thumb Code     0  startup_stm32h723xx.o(.text)
    TIM1_CC_IRQHandler                       0x080003bb   Thumb Code     0  startup_stm32h723xx.o(.text)
    TIM1_TRG_COM_IRQHandler                  0x080003bb   Thumb Code     0  startup_stm32h723xx.o(.text)
    TIM1_UP_IRQHandler                       0x080003bb   Thumb Code     0  startup_stm32h723xx.o(.text)
    TIM23_IRQHandler                         0x080003bb   Thumb Code     0  startup_stm32h723xx.o(.text)
    TIM24_IRQHandler                         0x080003bb   Thumb Code     0  startup_stm32h723xx.o(.text)
    TIM2_IRQHandler                          0x080003bb   Thumb Code     0  startup_stm32h723xx.o(.text)
    TIM3_IRQHandler                          0x080003bb   Thumb Code     0  startup_stm32h723xx.o(.text)
    TIM4_IRQHandler                          0x080003bb   Thumb Code     0  startup_stm32h723xx.o(.text)
    TIM6_DAC_IRQHandler                      0x080003bb   Thumb Code     0  startup_stm32h723xx.o(.text)
    TIM7_IRQHandler                          0x080003bb   Thumb Code     0  startup_stm32h723xx.o(.text)
    TIM8_BRK_TIM12_IRQHandler                0x080003bb   Thumb Code     0  startup_stm32h723xx.o(.text)
    TIM8_CC_IRQHandler                       0x080003bb   Thumb Code     0  startup_stm32h723xx.o(.text)
    TIM8_UP_TIM13_IRQHandler                 0x080003bb   Thumb Code     0  startup_stm32h723xx.o(.text)
    UART4_IRQHandler                         0x080003bb   Thumb Code     0  startup_stm32h723xx.o(.text)
    UART5_IRQHandler                         0x080003bb   Thumb Code     0  startup_stm32h723xx.o(.text)
    UART7_IRQHandler                         0x080003bb   Thumb Code     0  startup_stm32h723xx.o(.text)
    UART8_IRQHandler                         0x080003bb   Thumb Code     0  startup_stm32h723xx.o(.text)
    UART9_IRQHandler                         0x080003bb   Thumb Code     0  startup_stm32h723xx.o(.text)
    USART10_IRQHandler                       0x080003bb   Thumb Code     0  startup_stm32h723xx.o(.text)
    USART1_IRQHandler                        0x080003bb   Thumb Code     0  startup_stm32h723xx.o(.text)
    USART3_IRQHandler                        0x080003bb   Thumb Code     0  startup_stm32h723xx.o(.text)
    USART6_IRQHandler                        0x080003bb   Thumb Code     0  startup_stm32h723xx.o(.text)
    WAKEUP_PIN_IRQHandler                    0x080003bb   Thumb Code     0  startup_stm32h723xx.o(.text)
    WWDG_IRQHandler                          0x080003bb   Thumb Code     0  startup_stm32h723xx.o(.text)
    __user_initial_stackheap                 0x080003bd   Thumb Code     0  startup_stm32h723xx.o(.text)
    __aeabi_uldivmod                         0x080003e5   Thumb Code     0  lludivv7m.o(.text)
    _ll_udiv                                 0x080003e5   Thumb Code   240  lludivv7m.o(.text)
    memcmp                                   0x080004d5   Thumb Code    88  memcmp.o(.text)
    __aeabi_memcpy                           0x0800052d   Thumb Code     0  rt_memcpy_v6.o(.text)
    __rt_memcpy                              0x0800052d   Thumb Code   138  rt_memcpy_v6.o(.text)
    _memcpy_lastbytes                        0x08000593   Thumb Code     0  rt_memcpy_v6.o(.text)
    __aeabi_memclr                           0x080005b7   Thumb Code     0  rt_memclr.o(.text)
    __rt_memclr                              0x080005b7   Thumb Code     0  rt_memclr.o(.text)
    _memset                                  0x080005bb   Thumb Code    64  rt_memclr.o(.text)
    __aeabi_memclr4                          0x080005fb   Thumb Code     0  rt_memclr_w.o(.text)
    __aeabi_memclr8                          0x080005fb   Thumb Code     0  rt_memclr_w.o(.text)
    __rt_memclr_w                            0x080005fb   Thumb Code     0  rt_memclr_w.o(.text)
    _memset_w                                0x080005ff   Thumb Code    74  rt_memclr_w.o(.text)
    __use_two_region_memory                  0x08000649   Thumb Code     2  heapauxi.o(.text)
    __rt_heap_escrow$2region                 0x0800064b   Thumb Code     2  heapauxi.o(.text)
    __rt_heap_expand$2region                 0x0800064d   Thumb Code     2  heapauxi.o(.text)
    __cpp_initialize__aeabi_                 0x08000651   Thumb Code    36  init_aeabi.o(.text)
    __aeabi_memcpy4                          0x0800067d   Thumb Code     0  rt_memcpy_w.o(.text)
    __aeabi_memcpy8                          0x0800067d   Thumb Code     0  rt_memcpy_w.o(.text)
    __rt_memcpy_w                            0x0800067d   Thumb Code   100  rt_memcpy_w.o(.text)
    _memcpy_lastbytes_aligned                0x080006c5   Thumb Code     0  rt_memcpy_w.o(.text)
    abort                                    0x080006e1   Thumb Code    22  abort.o(.text)
    _sys_exit                                0x080006f9   Thumb Code     8  sys_exit.o(.text)
    __user_setup_stackheap                   0x08000705   Thumb Code    74  sys_stackheap_outer.o(.text)
    exit                                     0x0800074f   Thumb Code    18  exit.o(.text)
    __rt_SIGABRT                             0x08000761   Thumb Code    14  defsig_abrt_outer.o(.text)
    __user_libspace                          0x08000771   Thumb Code     8  libspace.o(.text)
    __user_perproc_libspace                  0x08000771   Thumb Code     0  libspace.o(.text)
    __user_perthread_libspace                0x08000771   Thumb Code     0  libspace.o(.text)
    __I$use$semihosting                      0x08000779   Thumb Code     0  use_no_semi.o(.text)
    __use_no_semihosting_swi                 0x08000779   Thumb Code     2  use_no_semi.o(.text)
    __semihosting_library_function           0x0800077b   Thumb Code     0  indicate_semi.o(.text)
    __sig_exit                               0x0800077b   Thumb Code    10  defsig_exit.o(.text)
    __rt_SIGABRT_inner                       0x08000785   Thumb Code    14  defsig_abrt_inner.o(.text)
    __default_signal_display                 0x080007b5   Thumb Code    50  defsig_general.o(.text)
    _ttywrch                                 0x080007e7   Thumb Code    14  sys_wrch.o(.text)
    BusFault_Handler                         0x080007f9   Thumb Code     4  stm32h7xx_it.o(.text.BusFault_Handler)
    DMA1_Stream0_IRQHandler                  0x08000801   Thumb Code    16  stm32h7xx_it.o(.text.DMA1_Stream0_IRQHandler)
    DMA1_Stream1_IRQHandler                  0x08000811   Thumb Code    16  stm32h7xx_it.o(.text.DMA1_Stream1_IRQHandler)
    DMA1_Stream2_IRQHandler                  0x08000821   Thumb Code    16  stm32h7xx_it.o(.text.DMA1_Stream2_IRQHandler)
    DMA1_Stream3_IRQHandler                  0x08000831   Thumb Code    16  stm32h7xx_it.o(.text.DMA1_Stream3_IRQHandler)
    DMA1_Stream4_IRQHandler                  0x08000841   Thumb Code    16  stm32h7xx_it.o(.text.DMA1_Stream4_IRQHandler)
    DMA1_Stream5_IRQHandler                  0x08000851   Thumb Code    16  stm32h7xx_it.o(.text.DMA1_Stream5_IRQHandler)
    DMA1_Stream6_IRQHandler                  0x08000861   Thumb Code    16  stm32h7xx_it.o(.text.DMA1_Stream6_IRQHandler)
    DMA1_Stream7_IRQHandler                  0x08000871   Thumb Code    16  stm32h7xx_it.o(.text.DMA1_Stream7_IRQHandler)
    DMA2_Stream0_IRQHandler                  0x08000881   Thumb Code    16  stm32h7xx_it.o(.text.DMA2_Stream0_IRQHandler)
    DMA2_Stream1_IRQHandler                  0x08000891   Thumb Code    16  stm32h7xx_it.o(.text.DMA2_Stream1_IRQHandler)
    DMA2_Stream2_IRQHandler                  0x080008a1   Thumb Code    16  stm32h7xx_it.o(.text.DMA2_Stream2_IRQHandler)
    DMA2_Stream3_IRQHandler                  0x080008b1   Thumb Code    16  stm32h7xx_it.o(.text.DMA2_Stream3_IRQHandler)
    DMA2_Stream4_IRQHandler                  0x080008c1   Thumb Code    16  stm32h7xx_it.o(.text.DMA2_Stream4_IRQHandler)
    DMA2_Stream5_IRQHandler                  0x080008d1   Thumb Code    16  stm32h7xx_it.o(.text.DMA2_Stream5_IRQHandler)
    DMA2_Stream6_IRQHandler                  0x080008e1   Thumb Code    16  stm32h7xx_it.o(.text.DMA2_Stream6_IRQHandler)
    DMA2_Stream7_IRQHandler                  0x080008f1   Thumb Code    16  stm32h7xx_it.o(.text.DMA2_Stream7_IRQHandler)
    DWT_Init                                 0x08001381   Thumb Code    34  main.o(.text.DWT_Init)
    DebugMon_Handler                         0x080013a9   Thumb Code     2  stm32h7xx_it.o(.text.DebugMon_Handler)
    Error_Handler                            0x080013b1   Thumb Code    14  main.o(.text.Error_Handler)
    ExitRun0Mode                             0x080013c1   Thumb Code    40  system_stm32h7xx.o(.text.ExitRun0Mode)
    HAL_DMA_Abort                            0x080013e9   Thumb Code  2424  stm32h7xx_hal_dma.o(.text.HAL_DMA_Abort)
    HAL_DMA_Abort_IT                         0x08001d61   Thumb Code  1706  stm32h7xx_hal_dma.o(.text.HAL_DMA_Abort_IT)
    HAL_DMA_GetError                         0x08002411   Thumb Code    12  stm32h7xx_hal_dma.o(.text.HAL_DMA_GetError)
    HAL_DMA_IRQHandler                       0x08002421   Thumb Code  4544  stm32h7xx_hal_dma.o(.text.HAL_DMA_IRQHandler)
    HAL_DMA_Init                             0x080035e1   Thumb Code  2400  stm32h7xx_hal_dma.o(.text.HAL_DMA_Init)
    HAL_DMA_Start_IT                         0x08003f41   Thumb Code  1794  stm32h7xx_hal_dma.o(.text.HAL_DMA_Start_IT)
    HAL_GPIO_Init                            0x08004649   Thumb Code   936  stm32h7xx_hal_gpio.o(.text.HAL_GPIO_Init)
    HAL_GetTick                              0x080049f1   Thumb Code    12  stm32h7xx_hal.o(.text.HAL_GetTick)
    HAL_IncTick                              0x08004a01   Thumb Code    26  stm32h7xx_hal.o(.text.HAL_IncTick)
    HAL_Init                                 0x08004a21   Thumb Code   122  stm32h7xx_hal.o(.text.HAL_Init)
    HAL_InitTick                             0x08004aa1   Thumb Code   134  stm32h7xx_hal.o(.text.HAL_InitTick)
    HAL_MPU_ConfigRegion                     0x08004b29   Thumb Code   128  stm32h7xx_hal_cortex.o(.text.HAL_MPU_ConfigRegion)
    HAL_MPU_Disable                          0x08004ba9   Thumb Code    34  stm32h7xx_hal_cortex.o(.text.HAL_MPU_Disable)
    HAL_MPU_Enable                           0x08004bd1   Thumb Code    48  stm32h7xx_hal_cortex.o(.text.HAL_MPU_Enable)
    HAL_MspInit                              0x08004c01   Thumb Code    36  stm32h7xx_hal_msp.o(.text.HAL_MspInit)
    HAL_NVIC_DisableIRQ                      0x08004c29   Thumb Code    20  stm32h7xx_hal_cortex.o(.text.HAL_NVIC_DisableIRQ)
    HAL_NVIC_EnableIRQ                       0x08004c41   Thumb Code    20  stm32h7xx_hal_cortex.o(.text.HAL_NVIC_EnableIRQ)
    HAL_NVIC_SetPriority                     0x08004c59   Thumb Code    46  stm32h7xx_hal_cortex.o(.text.HAL_NVIC_SetPriority)
    HAL_NVIC_SetPriorityGrouping             0x08004c89   Thumb Code    16  stm32h7xx_hal_cortex.o(.text.HAL_NVIC_SetPriorityGrouping)
    HAL_PWREx_ConfigSupply                   0x08004c99   Thumb Code   162  stm32h7xx_hal_pwr_ex.o(.text.HAL_PWREx_ConfigSupply)
    HAL_RCCEx_GetD3PCLK1Freq                 0x08004d41   Thumb Code    38  stm32h7xx_hal_rcc_ex.o(.text.HAL_RCCEx_GetD3PCLK1Freq)
    HAL_RCCEx_GetPLL2ClockFreq               0x08004d69   Thumb Code   648  stm32h7xx_hal_rcc_ex.o(.text.HAL_RCCEx_GetPLL2ClockFreq)
    HAL_RCCEx_GetPLL3ClockFreq               0x08005001   Thumb Code   648  stm32h7xx_hal_rcc_ex.o(.text.HAL_RCCEx_GetPLL3ClockFreq)
    HAL_RCCEx_PeriphCLKConfig                0x08005299   Thumb Code  4076  stm32h7xx_hal_rcc_ex.o(.text.HAL_RCCEx_PeriphCLKConfig)
    HAL_RCC_ClockConfig                      0x08006289   Thumb Code  1176  stm32h7xx_hal_rcc.o(.text.HAL_RCC_ClockConfig)
    HAL_RCC_GetHCLKFreq                      0x08006721   Thumb Code    86  stm32h7xx_hal_rcc.o(.text.HAL_RCC_GetHCLKFreq)
    HAL_RCC_GetPCLK1Freq                     0x08006779   Thumb Code    38  stm32h7xx_hal_rcc.o(.text.HAL_RCC_GetPCLK1Freq)
    HAL_RCC_GetPCLK2Freq                     0x080067a1   Thumb Code    38  stm32h7xx_hal_rcc.o(.text.HAL_RCC_GetPCLK2Freq)
    HAL_RCC_GetSysClockFreq                  0x080067c9   Thumb Code   748  stm32h7xx_hal_rcc.o(.text.HAL_RCC_GetSysClockFreq)
    HAL_RCC_OscConfig                        0x08006ac9   Thumb Code  2592  stm32h7xx_hal_rcc.o(.text.HAL_RCC_OscConfig)
    HAL_SYSTICK_Config                       0x080074e9   Thumb Code    16  stm32h7xx_hal_cortex.o(.text.HAL_SYSTICK_Config)
    HAL_TIMEx_Break2Callback                 0x080074f9   Thumb Code     8  stm32h7xx_hal_tim_ex.o(.text.HAL_TIMEx_Break2Callback)
    HAL_TIMEx_BreakCallback                  0x08007501   Thumb Code     8  stm32h7xx_hal_tim_ex.o(.text.HAL_TIMEx_BreakCallback)
    HAL_TIMEx_CommutCallback                 0x08007509   Thumb Code     8  stm32h7xx_hal_tim_ex.o(.text.HAL_TIMEx_CommutCallback)
    HAL_TIMEx_MasterConfigSynchronization    0x08007511   Thumb Code   380  stm32h7xx_hal_tim_ex.o(.text.HAL_TIMEx_MasterConfigSynchronization)
    HAL_TIM_Base_Init                        0x08007691   Thumb Code   168  stm32h7xx_hal_tim.o(.text.HAL_TIM_Base_Init)
    HAL_TIM_Base_MspInit                     0x08007739   Thumb Code  2032  tim.o(.text.HAL_TIM_Base_MspInit)
    HAL_TIM_Base_Start_IT                    0x08007f29   Thumb Code   296  stm32h7xx_hal_tim.o(.text.HAL_TIM_Base_Start_IT)
    HAL_TIM_ConfigClockSource                0x08008051   Thumb Code   464  stm32h7xx_hal_tim.o(.text.HAL_TIM_ConfigClockSource)
    HAL_TIM_ErrorCallback                    0x08008221   Thumb Code     8  stm32h7xx_hal_tim.o(.text.HAL_TIM_ErrorCallback)
    HAL_TIM_IC_CaptureCallback               0x08008229   Thumb Code    24  main.o(.text.HAL_TIM_IC_CaptureCallback)
    HAL_TIM_IC_CaptureHalfCpltCallback       0x08008241   Thumb Code     8  stm32h7xx_hal_tim.o(.text.HAL_TIM_IC_CaptureHalfCpltCallback)
    HAL_TIM_IC_ConfigChannel                 0x08008249   Thumb Code   304  stm32h7xx_hal_tim.o(.text.HAL_TIM_IC_ConfigChannel)
    HAL_TIM_IC_Init                          0x08008379   Thumb Code   168  stm32h7xx_hal_tim.o(.text.HAL_TIM_IC_Init)
    HAL_TIM_IC_MspInit                       0x08008421   Thumb Code     8  stm32h7xx_hal_tim.o(.text.HAL_TIM_IC_MspInit)
    HAL_TIM_IC_Start_DMA                     0x08008429   Thumb Code  1168  stm32h7xx_hal_tim.o(.text.HAL_TIM_IC_Start_DMA)
    HAL_TIM_IC_Stop_DMA                      0x080088b9   Thumb Code   430  stm32h7xx_hal_tim.o(.text.HAL_TIM_IC_Stop_DMA)
    HAL_TIM_IRQHandler                       0x08008a69   Thumb Code   592  stm32h7xx_hal_tim.o(.text.HAL_TIM_IRQHandler)
    HAL_TIM_MspPostInit                      0x08008cb9   Thumb Code    96  tim.o(.text.HAL_TIM_MspPostInit)
    HAL_TIM_OC_DelayElapsedCallback          0x08008d19   Thumb Code     8  stm32h7xx_hal_tim.o(.text.HAL_TIM_OC_DelayElapsedCallback)
    HAL_TIM_PWM_ConfigChannel                0x08008d21   Thumb Code   432  stm32h7xx_hal_tim.o(.text.HAL_TIM_PWM_ConfigChannel)
    HAL_TIM_PWM_Init                         0x08008ed1   Thumb Code   168  stm32h7xx_hal_tim.o(.text.HAL_TIM_PWM_Init)
    HAL_TIM_PWM_MspInit                      0x08008f79   Thumb Code     8  stm32h7xx_hal_tim.o(.text.HAL_TIM_PWM_MspInit)
    HAL_TIM_PWM_PulseFinishedCallback        0x08008f81   Thumb Code     8  stm32h7xx_hal_tim.o(.text.HAL_TIM_PWM_PulseFinishedCallback)
    HAL_TIM_PWM_Start                        0x08008f89   Thumb Code   674  stm32h7xx_hal_tim.o(.text.HAL_TIM_PWM_Start)
    HAL_TIM_PWM_Stop                         0x08009231   Thumb Code   380  stm32h7xx_hal_tim.o(.text.HAL_TIM_PWM_Stop)
    HAL_TIM_PeriodElapsedCallback            0x080093b1   Thumb Code    34  main.o(.text.HAL_TIM_PeriodElapsedCallback)
    HAL_TIM_TriggerCallback                  0x080093d9   Thumb Code     8  stm32h7xx_hal_tim.o(.text.HAL_TIM_TriggerCallback)
    HAL_UARTEx_DisableFifoMode               0x080093e1   Thumb Code   124  stm32h7xx_hal_uart_ex.o(.text.HAL_UARTEx_DisableFifoMode)
    HAL_UARTEx_ReceiveToIdle_DMA             0x08009461   Thumb Code   176  stm32h7xx_hal_uart_ex.o(.text.HAL_UARTEx_ReceiveToIdle_DMA)
    HAL_UARTEx_RxEventCallback               0x08009511   Thumb Code    56  main.o(.text.HAL_UARTEx_RxEventCallback)
    HAL_UARTEx_RxFifoFullCallback            0x08009549   Thumb Code     8  stm32h7xx_hal_uart_ex.o(.text.HAL_UARTEx_RxFifoFullCallback)
    HAL_UARTEx_SetRxFifoThreshold            0x08009551   Thumb Code   140  stm32h7xx_hal_uart_ex.o(.text.HAL_UARTEx_SetRxFifoThreshold)
    HAL_UARTEx_SetTxFifoThreshold            0x080095e1   Thumb Code   140  stm32h7xx_hal_uart_ex.o(.text.HAL_UARTEx_SetTxFifoThreshold)
    HAL_UARTEx_TxFifoEmptyCallback           0x08009671   Thumb Code     8  stm32h7xx_hal_uart_ex.o(.text.HAL_UARTEx_TxFifoEmptyCallback)
    HAL_UARTEx_WakeupCallback                0x08009679   Thumb Code     8  stm32h7xx_hal_uart_ex.o(.text.HAL_UARTEx_WakeupCallback)
    HAL_UART_DMAStop                         0x08009681   Thumb Code   288  stm32h7xx_hal_uart.o(.text.HAL_UART_DMAStop)
    HAL_UART_ErrorCallback                   0x080097a1   Thumb Code     8  stm32h7xx_hal_uart.o(.text.HAL_UART_ErrorCallback)
    HAL_UART_IRQHandler                      0x080097a9   Thumb Code  1790  stm32h7xx_hal_uart.o(.text.HAL_UART_IRQHandler)
    HAL_UART_Init                            0x08009ea9   Thumb Code   170  stm32h7xx_hal_uart.o(.text.HAL_UART_Init)
    HAL_UART_MspInit                         0x08009f59   Thumb Code   362  usart.o(.text.HAL_UART_MspInit)
    HAL_UART_RxCpltCallback                  0x0800a0c9   Thumb Code     8  stm32h7xx_hal_uart.o(.text.HAL_UART_RxCpltCallback)
    HAL_UART_RxHalfCpltCallback              0x0800a0d1   Thumb Code     8  stm32h7xx_hal_uart.o(.text.HAL_UART_RxHalfCpltCallback)
    HAL_UART_TxCpltCallback                  0x0800a0d9   Thumb Code     8  stm32h7xx_hal_uart.o(.text.HAL_UART_TxCpltCallback)
    HardFault_Handler                        0x0800a0e1   Thumb Code     4  stm32h7xx_it.o(.text.HardFault_Handler)
    MX_DMA_Init                              0x0800a0e9   Thumb Code   358  dma.o(.text.MX_DMA_Init)
    MX_GPIO_Init                             0x0800a251   Thumb Code   264  gpio.o(.text.MX_GPIO_Init)
    MX_TIM1_Init                             0x0800a359   Thumb Code   282  tim.o(.text.MX_TIM1_Init)
    MX_TIM2_Init                             0x0800a479   Thumb Code   220  tim.o(.text.MX_TIM2_Init)
    MX_TIM3_Init                             0x0800a559   Thumb Code   252  tim.o(.text.MX_TIM3_Init)
    MX_TIM4_Init                             0x0800a659   Thumb Code   258  tim.o(.text.MX_TIM4_Init)
    MX_TIM5_Init                             0x0800a761   Thumb Code   134  tim.o(.text.MX_TIM5_Init)
    MX_TIM8_Init                             0x0800a7e9   Thumb Code   284  tim.o(.text.MX_TIM8_Init)
    MX_USART2_UART_Init                      0x0800a909   Thumb Code   154  usart.o(.text.MX_USART2_UART_Init)
    MemManage_Handler                        0x0800a9a9   Thumb Code     4  stm32h7xx_it.o(.text.MemManage_Handler)
    NMI_Handler                              0x0800a9b1   Thumb Code     4  stm32h7xx_it.o(.text.NMI_Handler)
    PendSV_Handler                           0x0800aa29   Thumb Code     2  stm32h7xx_it.o(.text.PendSV_Handler)
    SVC_Handler                              0x0800add1   Thumb Code     2  stm32h7xx_it.o(.text.SVC_Handler)
    SysTick_Handler                          0x0800ae31   Thumb Code     8  stm32h7xx_it.o(.text.SysTick_Handler)
    SystemCoreClockUpdate                    0x0800ae39   Thumb Code   728  system_stm32h7xx.o(.text.SystemCoreClockUpdate)
    SystemInit                               0x0800b121   Thumb Code   358  system_stm32h7xx.o(.text.SystemInit)
    TIM5_IRQHandler                          0x0800b289   Thumb Code    16  stm32h7xx_it.o(.text.TIM5_IRQHandler)
    TIM8_TRG_COM_TIM14_IRQHandler            0x0800b299   Thumb Code    16  stm32h7xx_it.o(.text.TIM8_TRG_COM_TIM14_IRQHandler)
    TIM_Base_SetConfig                       0x0800b2a9   Thumb Code   452  stm32h7xx_hal_tim.o(.text.TIM_Base_SetConfig)
    TIM_CCxChannelCmd                        0x0800b471   Thumb Code    54  stm32h7xx_hal_tim.o(.text.TIM_CCxChannelCmd)
    TIM_DMACaptureCplt                       0x0800b4a9   Thumb Code   212  stm32h7xx_hal_tim.o(.text.TIM_DMACaptureCplt)
    TIM_DMACaptureHalfCplt                   0x0800b581   Thumb Code   116  stm32h7xx_hal_tim.o(.text.TIM_DMACaptureHalfCplt)
    TIM_DMAError                             0x0800b5f9   Thumb Code   154  stm32h7xx_hal_tim.o(.text.TIM_DMAError)
    TIM_ETR_SetConfig                        0x0800b699   Thumb Code    52  stm32h7xx_hal_tim.o(.text.TIM_ETR_SetConfig)
    TIM_OC2_SetConfig                        0x0800b851   Thumb Code   364  stm32h7xx_hal_tim.o(.text.TIM_OC2_SetConfig)
    TIM_TI1_SetConfig                        0x0800be09   Thumb Code   318  stm32h7xx_hal_tim.o(.text.TIM_TI1_SetConfig)
    UART_AdvFeatureConfig                    0x0800c179   Thumb Code   328  stm32h7xx_hal_uart.o(.text.UART_AdvFeatureConfig)
    UART_CheckIdleState                      0x0800c2c1   Thumb Code   326  stm32h7xx_hal_uart.o(.text.UART_CheckIdleState)
    UART_SetConfig                           0x0800c721   Thumb Code  2638  stm32h7xx_hal_uart.o(.text.UART_SetConfig)
    UART_Start_Receive_DMA                   0x0800d171   Thumb Code   302  stm32h7xx_hal_uart.o(.text.UART_Start_Receive_DMA)
    UART_WaitOnFlagUntilTimeout              0x0800d2a1   Thumb Code   268  stm32h7xx_hal_uart.o(.text.UART_WaitOnFlagUntilTimeout)
    USART2_IRQHandler                        0x0800d3b1   Thumb Code    16  stm32h7xx_it.o(.text.USART2_IRQHandler)
    UsageFault_Handler                       0x0800d3c1   Thumb Code     4  stm32h7xx_it.o(.text.UsageFault_Handler)
    UART_DMA_CHEACK()                        0x0800d3d9   Thumb Code   174  main.o(.text._Z15UART_DMA_CHEACKv)
    SystemClock_Config()                     0x0800d489   Thumb Code   204  main.o(.text._Z18SystemClock_Configv)
    SerialProtocol::parseFrame(unsigned char*, unsigned short, unsigned char*, unsigned char*) 0x0800d5b1   Thumb Code   242  module_serialprotocol.o(.text._ZN14SerialProtocol10parseFrameEPhtS0_S0_)
    SerialProtocol::getInstance()            0x0800d6a9   Thumb Code    74  module_serialprotocol.o(.text._ZN14SerialProtocol11getInstanceEv)
    SerialProtocol::onUartReceive(unsigned char*, unsigned short) 0x0800d6f9   Thumb Code    68  module_serialprotocol.o(.text._ZN14SerialProtocol13onUartReceiveEPht)
    SerialProtocol::calculateChecksum(unsigned char*) 0x0800d741   Thumb Code    46  module_serialprotocol.o(.text._ZN14SerialProtocol17calculateChecksumEPh)
    SerialProtocol::init(__UART_HandleTypeDef*, IRManager*) 0x0800d771   Thumb Code    62  module_serialprotocol.o(.text._ZN14SerialProtocol4initEP20__UART_HandleTypeDefP9IRManager)
    SerialProtocol::process()                0x0800d7b1   Thumb Code   402  module_serialprotocol.o(.text._ZN14SerialProtocol7processEv)
    SerialProtocol::SerialProtocol()         0x0800d949   Thumb Code    42  module_serialprotocol.o(.text._ZN14SerialProtocolC2Ev)
    SerialProtocol::SerialProtocol__sub_object() 0x0800d949   Thumb Code    42  module_serialprotocol.o(.text._ZN14SerialProtocolC2Ev)
    IRManager::IR_SendBit(unsigned char)     0x0800d979   Thumb Code   146  module_ired.o(.text._ZN9IRManager10IR_SendBitEh)
    IRManager::IR_WriteByte(unsigned char)   0x0800da11   Thumb Code    78  module_ired.o(.text._ZN9IRManager12IR_WriteByteEh)
    IRManager::IR_SendLeader()               0x0800da61   Thumb Code    58  module_ired.o(.text._ZN9IRManager13IR_SendLeaderEv)
    IRManager::Ired_Type_Get()               0x0800daa1   Thumb Code    70  module_ired.o(.text._ZN9IRManager13Ired_Type_GetEv)
    IRManager::handleNewData(unsigned char*) 0x0800dae9   Thumb Code   210  module_ired.o(.text._ZN9IRManager13handleNewDataEPh)
    IRManager::Period_Measure_Init(TIM_HandleTypeDef*, unsigned int, unsigned int*) 0x0800dbc1   Thumb Code   132  module_ired.o(.text._ZN9IRManager19Period_Measure_InitEP17TIM_HandleTypeDefjPj)
    IRManager::Red_Ray_DATA_Procss(unsigned int*, HAL_TIM_ActiveChannel) 0x0800dc49   Thumb Code  1304  module_ired.o(.text._ZN9IRManager19Red_Ray_DATA_ProcssEPj21HAL_TIM_ActiveChannel)
    IRManager::Enable_Capture_And_DMA()      0x0800e161   Thumb Code   598  module_ired.o(.text._ZN9IRManager22Enable_Capture_And_DMAEv)
    IRManager::ProcessCaptureCallback(TIM_HandleTypeDef*) 0x0800e3b9   Thumb Code   708  module_ired.o(.text._ZN9IRManager22ProcessCaptureCallbackEP17TIM_HandleTypeDef)
    IRManager::Disable_Capture_And_DMA()     0x0800e681   Thumb Code   254  module_ired.o(.text._ZN9IRManager23Disable_Capture_And_DMAEv)
    IRManager::init(TIM_HandleTypeDef*, TIM_HandleTypeDef*, TIM_HandleTypeDef*, TIM_HandleTypeDef*, TIM_HandleTypeDef*) 0x0800e781   Thumb Code   302  module_ired.o(.text._ZN9IRManager4initEP17TIM_HandleTypeDefS1_S1_S1_S1_)
    IRManager::IR_Send(unsigned char*, unsigned char) 0x0800e8b1   Thumb Code   226  module_ired.o(.text._ZN9IRManager7IR_SendEPhh)
    IRManager::process()                     0x0800e999   Thumb Code   284  module_ired.o(.text._ZN9IRManager7processEv)
    IRManager::IRManager(unsigned char)      0x0800eab9   Thumb Code   556  module_ired.o(.text._ZN9IRManagerC2Eh)
    IRManager::IRManager__sub_object(unsigned char) 0x0800eab9   Thumb Code   556  module_ired.o(.text._ZN9IRManagerC2Eh)
    TimeStamp::getInstance()                 0x0800ece9   Thumb Code    74  bsp_timestamp.o(.text._ZN9TimeStamp11getInstanceEv)
    TimeStamp::overflowCallback()            0x0800ed39   Thumb Code    80  bsp_timestamp.o(.text._ZN9TimeStamp16overflowCallbackEv)
    TimeStamp::init(TIM_HandleTypeDef*)      0x0800ed89   Thumb Code    52  bsp_timestamp.o(.text._ZN9TimeStamp4initEP17TIM_HandleTypeDef)
    TimeStamp::TimeStamp()                   0x0800edc1   Thumb Code    10  bsp_timestamp.o(.text._ZN9TimeStampC2Ev)
    TimeStamp::TimeStamp__sub_object()       0x0800edc1   Thumb Code    10  bsp_timestamp.o(.text._ZN9TimeStampC2Ev)
    TimeStamp::getMicroseconds() const       0x0800edd1   Thumb Code   186  bsp_timestamp.o(.text._ZNK9TimeStamp15getMicrosecondsEv)
    delay_us                                 0x0800efc1   Thumb Code    76  main.o(.text.delay_us)
    main                                     0x0800f011   Thumb Code   280  main.o(.text.main)
    __cxa_guard_acquire                      0x0800f129   Thumb Code    44  cxa_guard.cpp.o(.text.unlikely.__cxa_guard_acquire)
    __cxa_guard_release                      0x0800f155   Thumb Code     8  cxa_guard.cpp.o(.text.unlikely.__cxa_guard_release)
    abort_message                            0x0800f15d   Thumb Code     4  abort_message.cpp.o(.text.unlikely.abort_message)
    _fp_init                                 0x0800f161   Thumb Code    26  fpinit.o(x$fpl$fpinit)
    __fplib_config_fpu_vfp                   0x0800f179   Thumb Code     0  fpinit.o(x$fpl$fpinit)
    __fplib_config_pureend_doubles           0x0800f179   Thumb Code     0  fpinit.o(x$fpl$fpinit)
    D1CorePrescTable                         0x0800f17a   Data          16  system_stm32h7xx.o(.rodata.D1CorePrescTable)
    UARTPrescTable                           0x0800f1a2   Data          24  stm32h7xx_hal_uart.o(.rodata.UARTPrescTable)
    Region$$Table$$Base                      0x0800f250   Number         0  anon$$obj.o(Region$$Table)
    Region$$Table$$Limit                     0x0800f270   Number         0  anon$$obj.o(Region$$Table)
    SHT$$INIT_ARRAY$$Base                    0x0800f270   Number         0  main.o(.init_array)
    SHT$$INIT_ARRAY$$Limit                   0x0800f274   Number         0  init_aeabi.o(.init_array)
    SystemCoreClock                          0x24000000   Data           4  system_stm32h7xx.o(.data.SystemCoreClock)
    SystemD2Clock                            0x24000004   Data           4  system_stm32h7xx.o(.data.SystemD2Clock)
    uwTickFreq                               0x24000008   Data           1  stm32h7xx_hal.o(.data.uwTickFreq)
    uwTickPrio                               0x2400000c   Data           4  stm32h7xx_hal.o(.data.uwTickPrio)
    __libspace_start                         0x24000010   Data          96  libspace.o(.bss)
    __temporary_stack_top$libspace           0x24000070   Data           0  libspace.o(.bss)
    TimeStamp::s_overflow_count_             0x24000080   Data           8  bsp_timestamp.o(.bss._ZN9TimeStamp17s_overflow_count_E)
    TimeStamp::s_htim_                       0x24000088   Data           4  bsp_timestamp.o(.bss._ZN9TimeStamp7s_htim_E)
    g_irManager                              0x240000d0   Data        4352  main.o(.bss.g_irManager)
    g_serialProto                            0x240011d0   Data           4  main.o(.bss.g_serialProto)
    hdma_tim1_ch1                            0x240011d4   Data         120  tim.o(.bss.hdma_tim1_ch1)
    hdma_tim1_ch2                            0x2400124c   Data         120  tim.o(.bss.hdma_tim1_ch2)
    hdma_tim1_ch3                            0x240012c4   Data         120  tim.o(.bss.hdma_tim1_ch3)
    hdma_tim1_ch4                            0x2400133c   Data         120  tim.o(.bss.hdma_tim1_ch4)
    hdma_tim3_ch1                            0x240013b4   Data         120  tim.o(.bss.hdma_tim3_ch1)
    hdma_tim3_ch2                            0x2400142c   Data         120  tim.o(.bss.hdma_tim3_ch2)
    hdma_tim3_ch3                            0x240014a4   Data         120  tim.o(.bss.hdma_tim3_ch3)
    hdma_tim4_ch1                            0x2400151c   Data         120  tim.o(.bss.hdma_tim4_ch1)
    hdma_tim4_ch2                            0x24001594   Data         120  tim.o(.bss.hdma_tim4_ch2)
    hdma_tim4_ch3                            0x2400160c   Data         120  tim.o(.bss.hdma_tim4_ch3)
    hdma_tim8_ch1                            0x24001684   Data         120  tim.o(.bss.hdma_tim8_ch1)
    hdma_tim8_ch2                            0x240016fc   Data         120  tim.o(.bss.hdma_tim8_ch2)
    hdma_tim8_ch3                            0x24001774   Data         120  tim.o(.bss.hdma_tim8_ch3)
    hdma_tim8_ch4                            0x240017ec   Data         120  tim.o(.bss.hdma_tim8_ch4)
    hdma_usart2_rx                           0x24001864   Data         120  usart.o(.bss.hdma_usart2_rx)
    hdma_usart2_tx                           0x240018dc   Data         120  usart.o(.bss.hdma_usart2_tx)
    htim1                                    0x24001954   Data          76  tim.o(.bss.htim1)
    htim2                                    0x240019a0   Data          76  tim.o(.bss.htim2)
    htim3                                    0x240019ec   Data          76  tim.o(.bss.htim3)
    htim4                                    0x24001a38   Data          76  tim.o(.bss.htim4)
    htim5                                    0x24001a84   Data          76  tim.o(.bss.htim5)
    htim8                                    0x24001ad0   Data          76  tim.o(.bss.htim8)
    huart2                                   0x24001b1c   Data         148  usart.o(.bss.huart2)
    now_time                                 0x24001bb0   Data           4  main.o(.bss.now_time)
    step1                                    0x24001bb4   Data           2  module_ired.o(.bss.step1)
    step2                                    0x24001bb6   Data           2  module_ired.o(.bss.step2)
    uart2_data_rec                           0x24001bb8   Data          30  main.o(.bss.uart2_data_rec)
    uart2_data_snd                           0x24001bd6   Data          30  main.o(.bss.uart2_data_snd)
    uwTick                                   0x24001bf4   Data           4  stm32h7xx_hal.o(.bss.uwTick)



==============================================================================

Memory Map of the image

  Image Entry point : 0x080002cd

  Load Region LR_IROM1 (Base: 0x08000000, Size: 0x0000f288, Max: 0x00100000, ABSOLUTE)

    Execution Region ER_IROM1 (Exec base: 0x08000000, Load base: 0x08000000, Size: 0x0000f274, Max: 0x00100000, ABSOLUTE)

    Exec Addr    Load Addr    Size         Type   Attr      Idx    E Section Name        Object

    0x08000000   0x08000000   0x000002cc   Data   RO            3    RESET               startup_stm32h723xx.o
    0x080002cc   0x080002cc   0x00000008   Code   RO         1802  * !!!main             c_w.l(__main.o)
    0x080002d4   0x080002d4   0x0000005c   Code   RO         2011    !!!scatter          c_w.l(__scatter.o)
    0x08000330   0x08000330   0x0000001a   Code   RO         2015    !!handler_copy      c_w.l(__scatter_copy.o)
    0x0800034a   0x0800034a   0x00000002   PAD
    0x0800034c   0x0800034c   0x00000002   Code   RO         2012    !!handler_null      c_w.l(__scatter.o)
    0x0800034e   0x0800034e   0x00000002   PAD
    0x08000350   0x08000350   0x0000001c   Code   RO         2017    !!handler_zi        c_w.l(__scatter_zi.o)
    0x0800036c   0x0800036c   0x00000002   Code   RO         1932    .ARM.Collect$$libinit$$00000000  c_w.l(libinit.o)
    0x0800036e   0x0800036e   0x00000004   Code   RO         1828    .ARM.Collect$$libinit$$00000001  c_w.l(libinit2.o)
    0x08000372   0x08000372   0x00000000   Code   RO         1831    .ARM.Collect$$libinit$$00000004  c_w.l(libinit2.o)
    0x08000372   0x08000372   0x00000000   Code   RO         1833    .ARM.Collect$$libinit$$00000006  c_w.l(libinit2.o)
    0x08000372   0x08000372   0x00000000   Code   RO         1836    .ARM.Collect$$libinit$$0000000C  c_w.l(libinit2.o)
    0x08000372   0x08000372   0x00000000   Code   RO         1838    .ARM.Collect$$libinit$$0000000E  c_w.l(libinit2.o)
    0x08000372   0x08000372   0x00000000   Code   RO         1840    .ARM.Collect$$libinit$$00000010  c_w.l(libinit2.o)
    0x08000372   0x08000372   0x00000000   Code   RO         1843    .ARM.Collect$$libinit$$00000013  c_w.l(libinit2.o)
    0x08000372   0x08000372   0x00000000   Code   RO         1845    .ARM.Collect$$libinit$$00000015  c_w.l(libinit2.o)
    0x08000372   0x08000372   0x00000000   Code   RO         1847    .ARM.Collect$$libinit$$00000017  c_w.l(libinit2.o)
    0x08000372   0x08000372   0x00000000   Code   RO         1849    .ARM.Collect$$libinit$$00000019  c_w.l(libinit2.o)
    0x08000372   0x08000372   0x00000000   Code   RO         1851    .ARM.Collect$$libinit$$0000001B  c_w.l(libinit2.o)
    0x08000372   0x08000372   0x00000000   Code   RO         1853    .ARM.Collect$$libinit$$0000001D  c_w.l(libinit2.o)
    0x08000372   0x08000372   0x00000000   Code   RO         1855    .ARM.Collect$$libinit$$0000001F  c_w.l(libinit2.o)
    0x08000372   0x08000372   0x00000000   Code   RO         1857    .ARM.Collect$$libinit$$00000021  c_w.l(libinit2.o)
    0x08000372   0x08000372   0x00000000   Code   RO         1859    .ARM.Collect$$libinit$$00000023  c_w.l(libinit2.o)
    0x08000372   0x08000372   0x00000000   Code   RO         1861    .ARM.Collect$$libinit$$00000025  c_w.l(libinit2.o)
    0x08000372   0x08000372   0x00000000   Code   RO         1863    .ARM.Collect$$libinit$$00000027  c_w.l(libinit2.o)
    0x08000372   0x08000372   0x00000000   Code   RO         1867    .ARM.Collect$$libinit$$0000002E  c_w.l(libinit2.o)
    0x08000372   0x08000372   0x00000000   Code   RO         1869    .ARM.Collect$$libinit$$00000030  c_w.l(libinit2.o)
    0x08000372   0x08000372   0x00000000   Code   RO         1871    .ARM.Collect$$libinit$$00000032  c_w.l(libinit2.o)
    0x08000372   0x08000372   0x00000004   Code   RO         1872    .ARM.Collect$$libinit$$00000033  c_w.l(libinit2.o)
    0x08000376   0x08000376   0x00000000   Code   RO         1873    .ARM.Collect$$libinit$$00000034  c_w.l(libinit2.o)
    0x08000376   0x08000376   0x00000002   Code   RO         1874    .ARM.Collect$$libinit$$00000035  c_w.l(libinit2.o)
    0x08000378   0x08000378   0x00000002   Code   RO         1980    .ARM.Collect$$libshutdown$$00000000  c_w.l(libshutdown.o)
    0x0800037a   0x0800037a   0x00000000   Code   RO         1994    .ARM.Collect$$libshutdown$$00000002  c_w.l(libshutdown2.o)
    0x0800037a   0x0800037a   0x00000000   Code   RO         1996    .ARM.Collect$$libshutdown$$00000004  c_w.l(libshutdown2.o)
    0x0800037a   0x0800037a   0x00000000   Code   RO         1999    .ARM.Collect$$libshutdown$$00000007  c_w.l(libshutdown2.o)
    0x0800037a   0x0800037a   0x00000000   Code   RO         2002    .ARM.Collect$$libshutdown$$0000000A  c_w.l(libshutdown2.o)
    0x0800037a   0x0800037a   0x00000000   Code   RO         2004    .ARM.Collect$$libshutdown$$0000000C  c_w.l(libshutdown2.o)
    0x0800037a   0x0800037a   0x00000000   Code   RO         2007    .ARM.Collect$$libshutdown$$0000000F  c_w.l(libshutdown2.o)
    0x0800037a   0x0800037a   0x00000002   Code   RO         2008    .ARM.Collect$$libshutdown$$00000010  c_w.l(libshutdown2.o)
    0x0800037c   0x0800037c   0x00000000   Code   RO         1821    .ARM.Collect$$rtentry$$00000000  c_w.l(__rtentry.o)
    0x0800037c   0x0800037c   0x00000000   Code   RO         1885    .ARM.Collect$$rtentry$$00000002  c_w.l(__rtentry2.o)
    0x0800037c   0x0800037c   0x00000006   Code   RO         1897    .ARM.Collect$$rtentry$$00000004  c_w.l(__rtentry4.o)
    0x08000382   0x08000382   0x00000000   Code   RO         1887    .ARM.Collect$$rtentry$$00000009  c_w.l(__rtentry2.o)
    0x08000382   0x08000382   0x00000004   Code   RO         1888    .ARM.Collect$$rtentry$$0000000A  c_w.l(__rtentry2.o)
    0x08000386   0x08000386   0x00000000   Code   RO         1890    .ARM.Collect$$rtentry$$0000000C  c_w.l(__rtentry2.o)
    0x08000386   0x08000386   0x00000008   Code   RO         1891    .ARM.Collect$$rtentry$$0000000D  c_w.l(__rtentry2.o)
    0x0800038e   0x0800038e   0x00000002   Code   RO         1943    .ARM.Collect$$rtexit$$00000000  c_w.l(rtexit.o)
    0x08000390   0x08000390   0x00000000   Code   RO         1960    .ARM.Collect$$rtexit$$00000002  c_w.l(rtexit2.o)
    0x08000390   0x08000390   0x00000004   Code   RO         1961    .ARM.Collect$$rtexit$$00000003  c_w.l(rtexit2.o)
    0x08000394   0x08000394   0x00000006   Code   RO         1962    .ARM.Collect$$rtexit$$00000004  c_w.l(rtexit2.o)
    0x0800039a   0x0800039a   0x00000002   PAD
    0x0800039c   0x0800039c   0x00000048   Code   RO            4    .text               startup_stm32h723xx.o
    0x080003e4   0x080003e4   0x000000f0   Code   RO         1790    .text               c_w.l(lludivv7m.o)
    0x080004d4   0x080004d4   0x00000058   Code   RO         1792    .text               c_w.l(memcmp.o)
    0x0800052c   0x0800052c   0x0000008a   Code   RO         1794    .text               c_w.l(rt_memcpy_v6.o)
    0x080005b6   0x080005b6   0x00000044   Code   RO         1796    .text               c_w.l(rt_memclr.o)
    0x080005fa   0x080005fa   0x0000004e   Code   RO         1798    .text               c_w.l(rt_memclr_w.o)
    0x08000648   0x08000648   0x00000006   Code   RO         1800    .text               c_w.l(heapauxi.o)
    0x0800064e   0x0800064e   0x00000002   PAD
    0x08000650   0x08000650   0x0000002c   Code   RO         1807    .text               c_w.l(init_aeabi.o)
    0x0800067c   0x0800067c   0x00000064   Code   RO         1826    .text               c_w.l(rt_memcpy_w.o)
    0x080006e0   0x080006e0   0x00000016   Code   RO         1901    .text               c_w.l(abort.o)
    0x080006f6   0x080006f6   0x00000002   PAD
    0x080006f8   0x080006f8   0x0000000c   Code   RO         1907    .text               c_w.l(sys_exit.o)
    0x08000704   0x08000704   0x0000004a   Code   RO         1911    .text               c_w.l(sys_stackheap_outer.o)
    0x0800074e   0x0800074e   0x00000012   Code   RO         1913    .text               c_w.l(exit.o)
    0x08000760   0x08000760   0x0000000e   Code   RO         1915    .text               c_w.l(defsig_abrt_outer.o)
    0x0800076e   0x0800076e   0x00000002   PAD
    0x08000770   0x08000770   0x00000008   Code   RO         1937    .text               c_w.l(libspace.o)
    0x08000778   0x08000778   0x00000002   Code   RO         1940    .text               c_w.l(use_no_semi.o)
    0x0800077a   0x0800077a   0x00000000   Code   RO         1942    .text               c_w.l(indicate_semi.o)
    0x0800077a   0x0800077a   0x0000000a   Code   RO         1949    .text               c_w.l(defsig_exit.o)
    0x08000784   0x08000784   0x00000030   Code   RO         1951    .text               c_w.l(defsig_abrt_inner.o)
    0x080007b4   0x080007b4   0x00000032   Code   RO         1968    .text               c_w.l(defsig_general.o)
    0x080007e6   0x080007e6   0x0000000e   Code   RO         1972    .text               c_w.l(sys_wrch.o)
    0x080007f4   0x080007f4   0x00000004   PAD
    0x080007f8   0x080007f8   0x00000004   Code   RO          144    .text.BusFault_Handler  stm32h7xx_it.o
    0x080007fc   0x080007fc   0x00000004   PAD
    0x08000800   0x08000800   0x00000010   Code   RO          156    .text.DMA1_Stream0_IRQHandler  stm32h7xx_it.o
    0x08000810   0x08000810   0x00000010   Code   RO          158    .text.DMA1_Stream1_IRQHandler  stm32h7xx_it.o
    0x08000820   0x08000820   0x00000010   Code   RO          160    .text.DMA1_Stream2_IRQHandler  stm32h7xx_it.o
    0x08000830   0x08000830   0x00000010   Code   RO          162    .text.DMA1_Stream3_IRQHandler  stm32h7xx_it.o
    0x08000840   0x08000840   0x00000010   Code   RO          164    .text.DMA1_Stream4_IRQHandler  stm32h7xx_it.o
    0x08000850   0x08000850   0x00000010   Code   RO          166    .text.DMA1_Stream5_IRQHandler  stm32h7xx_it.o
    0x08000860   0x08000860   0x00000010   Code   RO          168    .text.DMA1_Stream6_IRQHandler  stm32h7xx_it.o
    0x08000870   0x08000870   0x00000010   Code   RO          174    .text.DMA1_Stream7_IRQHandler  stm32h7xx_it.o
    0x08000880   0x08000880   0x00000010   Code   RO          178    .text.DMA2_Stream0_IRQHandler  stm32h7xx_it.o
    0x08000890   0x08000890   0x00000010   Code   RO          180    .text.DMA2_Stream1_IRQHandler  stm32h7xx_it.o
    0x080008a0   0x080008a0   0x00000010   Code   RO          182    .text.DMA2_Stream2_IRQHandler  stm32h7xx_it.o
    0x080008b0   0x080008b0   0x00000010   Code   RO          184    .text.DMA2_Stream3_IRQHandler  stm32h7xx_it.o
    0x080008c0   0x080008c0   0x00000010   Code   RO          186    .text.DMA2_Stream4_IRQHandler  stm32h7xx_it.o
    0x080008d0   0x080008d0   0x00000010   Code   RO          188    .text.DMA2_Stream5_IRQHandler  stm32h7xx_it.o
    0x080008e0   0x080008e0   0x00000010   Code   RO          190    .text.DMA2_Stream6_IRQHandler  stm32h7xx_it.o
    0x080008f0   0x080008f0   0x00000010   Code   RO          192    .text.DMA2_Stream7_IRQHandler  stm32h7xx_it.o
    0x08000900   0x08000900   0x000001ca   Code   RO          543    .text.DMA_CalcBaseAndBitshift  stm32h7xx_hal_dma.o
    0x08000aca   0x08000aca   0x00000006   PAD
    0x08000ad0   0x08000ad0   0x00000178   Code   RO          545    .text.DMA_CalcDMAMUXChannelBaseAndMask  stm32h7xx_hal_dma.o
    0x08000c48   0x08000c48   0x0000012a   Code   RO          547    .text.DMA_CalcDMAMUXRequestGenBaseAndMask  stm32h7xx_hal_dma.o
    0x08000d72   0x08000d72   0x00000006   PAD
    0x08000d78   0x08000d78   0x000000f0   Code   RO          541    .text.DMA_CheckFifoParam  stm32h7xx_hal_dma.o
    0x08000e68   0x08000e68   0x00000514   Code   RO          553    .text.DMA_SetConfig  stm32h7xx_hal_dma.o
    0x0800137c   0x0800137c   0x00000004   PAD
    0x08001380   0x08001380   0x00000022   Code   RO           23    .text.DWT_Init      main.o
    0x080013a2   0x080013a2   0x00000006   PAD
    0x080013a8   0x080013a8   0x00000002   Code   RO          150    .text.DebugMon_Handler  stm32h7xx_it.o
    0x080013aa   0x080013aa   0x00000006   PAD
    0x080013b0   0x080013b0   0x0000000e   Code   RO           19    .text.Error_Handler  main.o
    0x080013be   0x080013be   0x00000002   PAD
    0x080013c0   0x080013c0   0x00000028   Code   RO         1659    .text.ExitRun0Mode  system_stm32h7xx.o
    0x080013e8   0x080013e8   0x00000978   Code   RO          557    .text.HAL_DMA_Abort  stm32h7xx_hal_dma.o
    0x08001d60   0x08001d60   0x000006aa   Code   RO          559    .text.HAL_DMA_Abort_IT  stm32h7xx_hal_dma.o
    0x0800240a   0x0800240a   0x00000006   PAD
    0x08002410   0x08002410   0x0000000c   Code   RO          571    .text.HAL_DMA_GetError  stm32h7xx_hal_dma.o
    0x0800241c   0x0800241c   0x00000004   PAD
    0x08002420   0x08002420   0x000011c0   Code   RO          563    .text.HAL_DMA_IRQHandler  stm32h7xx_hal_dma.o
    0x080035e0   0x080035e0   0x00000960   Code   RO          539    .text.HAL_DMA_Init  stm32h7xx_hal_dma.o
    0x08003f40   0x08003f40   0x00000702   Code   RO          555    .text.HAL_DMA_Start_IT  stm32h7xx_hal_dma.o
    0x08004642   0x08004642   0x00000006   PAD
    0x08004648   0x08004648   0x000003a8   Code   RO          487    .text.HAL_GPIO_Init  stm32h7xx_hal_gpio.o
    0x080049f0   0x080049f0   0x0000000c   Code   RO          791    .text.HAL_GetTick   stm32h7xx_hal.o
    0x080049fc   0x080049fc   0x00000004   PAD
    0x08004a00   0x08004a00   0x0000001a   Code   RO          789    .text.HAL_IncTick   stm32h7xx_hal.o
    0x08004a1a   0x08004a1a   0x00000006   PAD
    0x08004a20   0x08004a20   0x0000007a   Code   RO          779    .text.HAL_Init      stm32h7xx_hal.o
    0x08004a9a   0x08004a9a   0x00000006   PAD
    0x08004aa0   0x08004aa0   0x00000086   Code   RO          781    .text.HAL_InitTick  stm32h7xx_hal.o
    0x08004b26   0x08004b26   0x00000002   PAD
    0x08004b28   0x08004b28   0x00000080   Code   RO          245    .text.HAL_MPU_ConfigRegion  stm32h7xx_hal_cortex.o
    0x08004ba8   0x08004ba8   0x00000022   Code   RO          237    .text.HAL_MPU_Disable  stm32h7xx_hal_cortex.o
    0x08004bca   0x08004bca   0x00000006   PAD
    0x08004bd0   0x08004bd0   0x00000030   Code   RO          239    .text.HAL_MPU_Enable  stm32h7xx_hal_cortex.o
    0x08004c00   0x08004c00   0x00000024   Code   RO          201    .text.HAL_MspInit   stm32h7xx_hal_msp.o
    0x08004c24   0x08004c24   0x00000004   PAD
    0x08004c28   0x08004c28   0x00000014   Code   RO          225    .text.HAL_NVIC_DisableIRQ  stm32h7xx_hal_cortex.o
    0x08004c3c   0x08004c3c   0x00000004   PAD
    0x08004c40   0x08004c40   0x00000014   Code   RO          221    .text.HAL_NVIC_EnableIRQ  stm32h7xx_hal_cortex.o
    0x08004c54   0x08004c54   0x00000004   PAD
    0x08004c58   0x08004c58   0x0000002e   Code   RO          213    .text.HAL_NVIC_SetPriority  stm32h7xx_hal_cortex.o
    0x08004c86   0x08004c86   0x00000002   PAD
    0x08004c88   0x08004c88   0x00000010   Code   RO          209    .text.HAL_NVIC_SetPriorityGrouping  stm32h7xx_hal_cortex.o
    0x08004c98   0x08004c98   0x000000a2   Code   RO          696    .text.HAL_PWREx_ConfigSupply  stm32h7xx_hal_pwr_ex.o
    0x08004d3a   0x08004d3a   0x00000006   PAD
    0x08004d40   0x08004d40   0x00000026   Code   RO          337    .text.HAL_RCCEx_GetD3PCLK1Freq  stm32h7xx_hal_rcc_ex.o
    0x08004d66   0x08004d66   0x00000002   PAD
    0x08004d68   0x08004d68   0x00000298   Code   RO          333    .text.HAL_RCCEx_GetPLL2ClockFreq  stm32h7xx_hal_rcc_ex.o
    0x08005000   0x08005000   0x00000298   Code   RO          335    .text.HAL_RCCEx_GetPLL3ClockFreq  stm32h7xx_hal_rcc_ex.o
    0x08005298   0x08005298   0x00000fec   Code   RO          321    .text.HAL_RCCEx_PeriphCLKConfig  stm32h7xx_hal_rcc_ex.o
    0x08006284   0x08006284   0x00000004   PAD
    0x08006288   0x08006288   0x00000498   Code   RO          290    .text.HAL_RCC_ClockConfig  stm32h7xx_hal_rcc.o
    0x08006720   0x08006720   0x00000056   Code   RO          300    .text.HAL_RCC_GetHCLKFreq  stm32h7xx_hal_rcc.o
    0x08006776   0x08006776   0x00000002   PAD
    0x08006778   0x08006778   0x00000026   Code   RO          302    .text.HAL_RCC_GetPCLK1Freq  stm32h7xx_hal_rcc.o
    0x0800679e   0x0800679e   0x00000002   PAD
    0x080067a0   0x080067a0   0x00000026   Code   RO          304    .text.HAL_RCC_GetPCLK2Freq  stm32h7xx_hal_rcc.o
    0x080067c6   0x080067c6   0x00000002   PAD
    0x080067c8   0x080067c8   0x000002fc   Code   RO          292    .text.HAL_RCC_GetSysClockFreq  stm32h7xx_hal_rcc.o
    0x08006ac4   0x08006ac4   0x00000004   PAD
    0x08006ac8   0x08006ac8   0x00000a20   Code   RO          288    .text.HAL_RCC_OscConfig  stm32h7xx_hal_rcc.o
    0x080074e8   0x080074e8   0x00000010   Code   RO          233    .text.HAL_SYSTICK_Config  stm32h7xx_hal_cortex.o
    0x080074f8   0x080074f8   0x00000008   Code   RO         1449    .text.HAL_TIMEx_Break2Callback  stm32h7xx_hal_tim_ex.o
    0x08007500   0x08007500   0x00000008   Code   RO         1447    .text.HAL_TIMEx_BreakCallback  stm32h7xx_hal_tim_ex.o
    0x08007508   0x08007508   0x00000008   Code   RO         1443    .text.HAL_TIMEx_CommutCallback  stm32h7xx_hal_tim_ex.o
    0x08007510   0x08007510   0x0000017c   Code   RO         1427    .text.HAL_TIMEx_MasterConfigSynchronization  stm32h7xx_hal_tim_ex.o
    0x0800768c   0x0800768c   0x00000004   PAD
    0x08007690   0x08007690   0x000000a8   Code   RO         1110    .text.HAL_TIM_Base_Init  stm32h7xx_hal_tim.o
    0x08007738   0x08007738   0x000007f0   Code   RO           91    .text.HAL_TIM_Base_MspInit  tim.o
    0x08007f28   0x08007f28   0x00000128   Code   RO         1124    .text.HAL_TIM_Base_Start_IT  stm32h7xx_hal_tim.o
    0x08008050   0x08008050   0x000001d0   Code   RO         1306    .text.HAL_TIM_ConfigClockSource  stm32h7xx_hal_tim.o
    0x08008220   0x08008220   0x00000008   Code   RO         1332    .text.HAL_TIM_ErrorCallback  stm32h7xx_hal_tim.o
    0x08008228   0x08008228   0x00000018   Code   RO           27    .text.HAL_TIM_IC_CaptureCallback  main.o
    0x08008240   0x08008240   0x00000008   Code   RO         1326    .text.HAL_TIM_IC_CaptureHalfCpltCallback  stm32h7xx_hal_tim.o
    0x08008248   0x08008248   0x00000130   Code   RO         1270    .text.HAL_TIM_IC_ConfigChannel  stm32h7xx_hal_tim.o
    0x08008378   0x08008378   0x000000a8   Code   RO         1184    .text.HAL_TIM_IC_Init  stm32h7xx_hal_tim.o
    0x08008420   0x08008420   0x00000008   Code   RO         1186    .text.HAL_TIM_IC_MspInit  stm32h7xx_hal_tim.o
    0x08008428   0x08008428   0x00000490   Code   RO         1200    .text.HAL_TIM_IC_Start_DMA  stm32h7xx_hal_tim.o
    0x080088b8   0x080088b8   0x000001ae   Code   RO         1206    .text.HAL_TIM_IC_Stop_DMA  stm32h7xx_hal_tim.o
    0x08008a66   0x08008a66   0x00000002   PAD
    0x08008a68   0x08008a68   0x00000250   Code   RO         1244    .text.HAL_TIM_IRQHandler  stm32h7xx_hal_tim.o
    0x08008cb8   0x08008cb8   0x00000060   Code   RO           81    .text.HAL_TIM_MspPostInit  tim.o
    0x08008d18   0x08008d18   0x00000008   Code   RO         1248    .text.HAL_TIM_OC_DelayElapsedCallback  stm32h7xx_hal_tim.o
    0x08008d20   0x08008d20   0x000001b0   Code   RO         1280    .text.HAL_TIM_PWM_ConfigChannel  stm32h7xx_hal_tim.o
    0x08008ed0   0x08008ed0   0x000000a8   Code   RO         1164    .text.HAL_TIM_PWM_Init  stm32h7xx_hal_tim.o
    0x08008f78   0x08008f78   0x00000008   Code   RO         1166    .text.HAL_TIM_PWM_MspInit  stm32h7xx_hal_tim.o
    0x08008f80   0x08008f80   0x00000008   Code   RO         1250    .text.HAL_TIM_PWM_PulseFinishedCallback  stm32h7xx_hal_tim.o
    0x08008f88   0x08008f88   0x000002a2   Code   RO         1172    .text.HAL_TIM_PWM_Start  stm32h7xx_hal_tim.o
    0x0800922a   0x0800922a   0x00000006   PAD
    0x08009230   0x08009230   0x0000017c   Code   RO         1174    .text.HAL_TIM_PWM_Stop  stm32h7xx_hal_tim.o
    0x080093ac   0x080093ac   0x00000004   PAD
    0x080093b0   0x080093b0   0x00000022   Code   RO           29    .text.HAL_TIM_PeriodElapsedCallback  main.o
    0x080093d2   0x080093d2   0x00000006   PAD
    0x080093d8   0x080093d8   0x00000008   Code   RO         1254    .text.HAL_TIM_TriggerCallback  stm32h7xx_hal_tim.o
    0x080093e0   0x080093e0   0x0000007c   Code   RO         1632    .text.HAL_UARTEx_DisableFifoMode  stm32h7xx_hal_uart_ex.o
    0x0800945c   0x0800945c   0x00000004   PAD
    0x08009460   0x08009460   0x000000b0   Code   RO         1642    .text.HAL_UARTEx_ReceiveToIdle_DMA  stm32h7xx_hal_uart_ex.o
    0x08009510   0x08009510   0x00000038   Code   RO           31    .text.HAL_UARTEx_RxEventCallback  main.o
    0x08009548   0x08009548   0x00000008   Code   RO         1614    .text.HAL_UARTEx_RxFifoFullCallback  stm32h7xx_hal_uart_ex.o
    0x08009550   0x08009550   0x0000008c   Code   RO         1636    .text.HAL_UARTEx_SetRxFifoThreshold  stm32h7xx_hal_uart_ex.o
    0x080095dc   0x080095dc   0x00000004   PAD
    0x080095e0   0x080095e0   0x0000008c   Code   RO         1634    .text.HAL_UARTEx_SetTxFifoThreshold  stm32h7xx_hal_uart_ex.o
    0x0800966c   0x0800966c   0x00000004   PAD
    0x08009670   0x08009670   0x00000008   Code   RO         1616    .text.HAL_UARTEx_TxFifoEmptyCallback  stm32h7xx_hal_uart_ex.o
    0x08009678   0x08009678   0x00000008   Code   RO         1612    .text.HAL_UARTEx_WakeupCallback  stm32h7xx_hal_uart_ex.o
    0x08009680   0x08009680   0x00000120   Code   RO         1518    .text.HAL_UART_DMAStop  stm32h7xx_hal_uart.o
    0x080097a0   0x080097a0   0x00000008   Code   RO         1554    .text.HAL_UART_ErrorCallback  stm32h7xx_hal_uart.o
    0x080097a8   0x080097a8   0x000006fe   Code   RO         1550    .text.HAL_UART_IRQHandler  stm32h7xx_hal_uart.o
    0x08009ea6   0x08009ea6   0x00000002   PAD
    0x08009ea8   0x08009ea8   0x000000aa   Code   RO         1462    .text.HAL_UART_Init  stm32h7xx_hal_uart.o
    0x08009f52   0x08009f52   0x00000006   PAD
    0x08009f58   0x08009f58   0x0000016a   Code   RO          124    .text.HAL_UART_MspInit  usart.o
    0x0800a0c2   0x0800a0c2   0x00000006   PAD
    0x0800a0c8   0x0800a0c8   0x00000008   Code   RO         1564    .text.HAL_UART_RxCpltCallback  stm32h7xx_hal_uart.o
    0x0800a0d0   0x0800a0d0   0x00000008   Code   RO         1566    .text.HAL_UART_RxHalfCpltCallback  stm32h7xx_hal_uart.o
    0x0800a0d8   0x0800a0d8   0x00000008   Code   RO         1560    .text.HAL_UART_TxCpltCallback  stm32h7xx_hal_uart.o
    0x0800a0e0   0x0800a0e0   0x00000004   Code   RO          140    .text.HardFault_Handler  stm32h7xx_it.o
    0x0800a0e4   0x0800a0e4   0x00000004   PAD
    0x0800a0e8   0x0800a0e8   0x00000166   Code   RO           69    .text.MX_DMA_Init   dma.o
    0x0800a24e   0x0800a24e   0x00000002   PAD
    0x0800a250   0x0800a250   0x00000108   Code   RO           61    .text.MX_GPIO_Init  gpio.o
    0x0800a358   0x0800a358   0x0000011a   Code   RO           77    .text.MX_TIM1_Init  tim.o
    0x0800a472   0x0800a472   0x00000006   PAD
    0x0800a478   0x0800a478   0x000000dc   Code   RO           79    .text.MX_TIM2_Init  tim.o
    0x0800a554   0x0800a554   0x00000004   PAD
    0x0800a558   0x0800a558   0x000000fc   Code   RO           83    .text.MX_TIM3_Init  tim.o
    0x0800a654   0x0800a654   0x00000004   PAD
    0x0800a658   0x0800a658   0x00000102   Code   RO           85    .text.MX_TIM4_Init  tim.o
    0x0800a75a   0x0800a75a   0x00000006   PAD
    0x0800a760   0x0800a760   0x00000086   Code   RO           87    .text.MX_TIM5_Init  tim.o
    0x0800a7e6   0x0800a7e6   0x00000002   PAD
    0x0800a7e8   0x0800a7e8   0x0000011c   Code   RO           89    .text.MX_TIM8_Init  tim.o
    0x0800a904   0x0800a904   0x00000004   PAD
    0x0800a908   0x0800a908   0x0000009a   Code   RO          122    .text.MX_USART2_UART_Init  usart.o
    0x0800a9a2   0x0800a9a2   0x00000006   PAD
    0x0800a9a8   0x0800a9a8   0x00000004   Code   RO          142    .text.MemManage_Handler  stm32h7xx_it.o
    0x0800a9ac   0x0800a9ac   0x00000004   PAD
    0x0800a9b0   0x0800a9b0   0x00000004   Code   RO          138    .text.NMI_Handler   stm32h7xx_it.o
    0x0800a9b4   0x0800a9b4   0x00000004   PAD
    0x0800a9b8   0x0800a9b8   0x0000006c   Code   RO          219    .text.NVIC_EncodePriority  stm32h7xx_hal_cortex.o
    0x0800aa24   0x0800aa24   0x00000004   PAD
    0x0800aa28   0x0800aa28   0x00000002   Code   RO          152    .text.PendSV_Handler  stm32h7xx_it.o
    0x0800aa2a   0x0800aa2a   0x00000006   PAD
    0x0800aa30   0x0800aa30   0x000001ca   Code   RO          323    .text.RCCEx_PLL2_Config  stm32h7xx_hal_rcc_ex.o
    0x0800abfa   0x0800abfa   0x00000006   PAD
    0x0800ac00   0x0800ac00   0x000001ca   Code   RO          325    .text.RCCEx_PLL3_Config  stm32h7xx_hal_rcc_ex.o
    0x0800adca   0x0800adca   0x00000006   PAD
    0x0800add0   0x0800add0   0x00000002   Code   RO          148    .text.SVC_Handler   stm32h7xx_it.o
    0x0800add2   0x0800add2   0x00000006   PAD
    0x0800add8   0x0800add8   0x00000052   Code   RO          235    .text.SysTick_Config  stm32h7xx_hal_cortex.o
    0x0800ae2a   0x0800ae2a   0x00000006   PAD
    0x0800ae30   0x0800ae30   0x00000008   Code   RO          154    .text.SysTick_Handler  stm32h7xx_it.o
    0x0800ae38   0x0800ae38   0x000002e4   Code   RO         1657    .text.SystemCoreClockUpdate  system_stm32h7xx.o
    0x0800b11c   0x0800b11c   0x00000004   PAD
    0x0800b120   0x0800b120   0x00000166   Code   RO         1655    .text.SystemInit    system_stm32h7xx.o
    0x0800b286   0x0800b286   0x00000002   PAD
    0x0800b288   0x0800b288   0x00000010   Code   RO          176    .text.TIM5_IRQHandler  stm32h7xx_it.o
    0x0800b298   0x0800b298   0x00000010   Code   RO          172    .text.TIM8_TRG_COM_TIM14_IRQHandler  stm32h7xx_it.o
    0x0800b2a8   0x0800b2a8   0x000001c4   Code   RO         1114    .text.TIM_Base_SetConfig  stm32h7xx_hal_tim.o
    0x0800b46c   0x0800b46c   0x00000004   PAD
    0x0800b470   0x0800b470   0x00000036   Code   RO         1148    .text.TIM_CCxChannelCmd  stm32h7xx_hal_tim.o
    0x0800b4a6   0x0800b4a6   0x00000002   PAD
    0x0800b4a8   0x0800b4a8   0x000000d4   Code   RO         1202    .text.TIM_DMACaptureCplt  stm32h7xx_hal_tim.o
    0x0800b57c   0x0800b57c   0x00000004   PAD
    0x0800b580   0x0800b580   0x00000074   Code   RO         1204    .text.TIM_DMACaptureHalfCplt  stm32h7xx_hal_tim.o
    0x0800b5f4   0x0800b5f4   0x00000004   PAD
    0x0800b5f8   0x0800b5f8   0x0000009a   Code   RO         1134    .text.TIM_DMAError  stm32h7xx_hal_tim.o
    0x0800b692   0x0800b692   0x00000006   PAD
    0x0800b698   0x0800b698   0x00000034   Code   RO         1304    .text.TIM_ETR_SetConfig  stm32h7xx_hal_tim.o
    0x0800b6cc   0x0800b6cc   0x00000004   PAD
    0x0800b6d0   0x0800b6d0   0x00000030   Code   RO         1310    .text.TIM_ITRx_SetConfig  stm32h7xx_hal_tim.o
    0x0800b700   0x0800b700   0x00000150   Code   RO         1258    .text.TIM_OC1_SetConfig  stm32h7xx_hal_tim.o
    0x0800b850   0x0800b850   0x0000016c   Code   RO         1260    .text.TIM_OC2_SetConfig  stm32h7xx_hal_tim.o
    0x0800b9bc   0x0800b9bc   0x00000004   PAD
    0x0800b9c0   0x0800b9c0   0x0000016a   Code   RO         1262    .text.TIM_OC3_SetConfig  stm32h7xx_hal_tim.o
    0x0800bb2a   0x0800bb2a   0x00000006   PAD
    0x0800bb30   0x0800bb30   0x000000da   Code   RO         1264    .text.TIM_OC4_SetConfig  stm32h7xx_hal_tim.o
    0x0800bc0a   0x0800bc0a   0x00000006   PAD
    0x0800bc10   0x0800bc10   0x000000d0   Code   RO         1266    .text.TIM_OC5_SetConfig  stm32h7xx_hal_tim.o
    0x0800bce0   0x0800bce0   0x000000d2   Code   RO         1268    .text.TIM_OC6_SetConfig  stm32h7xx_hal_tim.o
    0x0800bdb2   0x0800bdb2   0x00000006   PAD
    0x0800bdb8   0x0800bdb8   0x00000050   Code   RO         1308    .text.TIM_TI1_ConfigInputStage  stm32h7xx_hal_tim.o
    0x0800be08   0x0800be08   0x0000013e   Code   RO         1272    .text.TIM_TI1_SetConfig  stm32h7xx_hal_tim.o
    0x0800bf46   0x0800bf46   0x00000002   PAD
    0x0800bf48   0x0800bf48   0x00000052   Code   RO         1312    .text.TIM_TI2_ConfigInputStage  stm32h7xx_hal_tim.o
    0x0800bf9a   0x0800bf9a   0x00000006   PAD
    0x0800bfa0   0x0800bfa0   0x0000006c   Code   RO         1274    .text.TIM_TI2_SetConfig  stm32h7xx_hal_tim.o
    0x0800c00c   0x0800c00c   0x00000004   PAD
    0x0800c010   0x0800c010   0x0000006a   Code   RO         1276    .text.TIM_TI3_SetConfig  stm32h7xx_hal_tim.o
    0x0800c07a   0x0800c07a   0x00000006   PAD
    0x0800c080   0x0800c080   0x0000006c   Code   RO         1278    .text.TIM_TI4_SetConfig  stm32h7xx_hal_tim.o
    0x0800c0ec   0x0800c0ec   0x00000004   PAD
    0x0800c0f0   0x0800c0f0   0x00000086   Code   RO         1630    .text.UARTEx_SetNbDataToProcess  stm32h7xx_hal_uart_ex.o
    0x0800c176   0x0800c176   0x00000002   PAD
    0x0800c178   0x0800c178   0x00000148   Code   RO         1466    .text.UART_AdvFeatureConfig  stm32h7xx_hal_uart.o
    0x0800c2c0   0x0800c2c0   0x00000146   Code   RO         1470    .text.UART_CheckIdleState  stm32h7xx_hal_uart.o
    0x0800c406   0x0800c406   0x00000002   PAD
    0x0800c408   0x0800c408   0x0000001e   Code   RO         1552    .text.UART_DMAAbortOnError  stm32h7xx_hal_uart.o
    0x0800c426   0x0800c426   0x00000002   PAD
    0x0800c428   0x0800c428   0x00000080   Code   RO         1508    .text.UART_DMAError  stm32h7xx_hal_uart.o
    0x0800c4a8   0x0800c4a8   0x000000f6   Code   RO         1598    .text.UART_DMAReceiveCplt  stm32h7xx_hal_uart.o
    0x0800c59e   0x0800c59e   0x00000002   PAD
    0x0800c5a0   0x0800c5a0   0x00000036   Code   RO         1600    .text.UART_DMARxHalfCplt  stm32h7xx_hal_uart.o
    0x0800c5d6   0x0800c5d6   0x00000002   PAD
    0x0800c5d8   0x0800c5d8   0x0000009e   Code   RO         1522    .text.UART_EndRxTransfer  stm32h7xx_hal_uart.o
    0x0800c676   0x0800c676   0x00000002   PAD
    0x0800c678   0x0800c678   0x00000044   Code   RO         1558    .text.UART_EndTransmit_IT  stm32h7xx_hal_uart.o
    0x0800c6bc   0x0800c6bc   0x00000004   PAD
    0x0800c6c0   0x0800c6c0   0x0000005c   Code   RO         1520    .text.UART_EndTxTransfer  stm32h7xx_hal_uart.o
    0x0800c71c   0x0800c71c   0x00000004   PAD
    0x0800c720   0x0800c720   0x00000a4e   Code   RO         1468    .text.UART_SetConfig  stm32h7xx_hal_uart.o
    0x0800d16e   0x0800d16e   0x00000002   PAD
    0x0800d170   0x0800d170   0x0000012e   Code   RO         1512    .text.UART_Start_Receive_DMA  stm32h7xx_hal_uart.o
    0x0800d29e   0x0800d29e   0x00000002   PAD
    0x0800d2a0   0x0800d2a0   0x0000010c   Code   RO         1484    .text.UART_WaitOnFlagUntilTimeout  stm32h7xx_hal_uart.o
    0x0800d3ac   0x0800d3ac   0x00000004   PAD
    0x0800d3b0   0x0800d3b0   0x00000010   Code   RO          170    .text.USART2_IRQHandler  stm32h7xx_it.o
    0x0800d3c0   0x0800d3c0   0x00000004   Code   RO          146    .text.UsageFault_Handler  stm32h7xx_it.o
    0x0800d3c4   0x0800d3c4   0x00000004   PAD
    0x0800d3c8   0x0800d3c8   0x0000000c   Code   RO           35    .text._GLOBAL__sub_I_main.cpp  main.o
    0x0800d3d4   0x0800d3d4   0x00000004   PAD
    0x0800d3d8   0x0800d3d8   0x000000ae   Code   RO           25    .text._Z15UART_DMA_CHEACKv  main.o
    0x0800d486   0x0800d486   0x00000002   PAD
    0x0800d488   0x0800d488   0x000000cc   Code   RO           21    .text._Z18SystemClock_Configv  main.o
    0x0800d554   0x0800d554   0x00000004   PAD
    0x0800d558   0x0800d558   0x00000056   Code   RO           17    .text._ZL10MPU_Configv  main.o
    0x0800d5ae   0x0800d5ae   0x00000002   PAD
    0x0800d5b0   0x0800d5b0   0x000000f2   Code   RO         1747    .text._ZN14SerialProtocol10parseFrameEPhtS0_S0_  module_serialprotocol.o
    0x0800d6a2   0x0800d6a2   0x00000006   PAD
    0x0800d6a8   0x0800d6a8   0x0000004a   Code   RO         1739    .text._ZN14SerialProtocol11getInstanceEv  module_serialprotocol.o
    0x0800d6f2   0x0800d6f2   0x00000006   PAD
    0x0800d6f8   0x0800d6f8   0x00000044   Code   RO         1751    .text._ZN14SerialProtocol13onUartReceiveEPht  module_serialprotocol.o
    0x0800d73c   0x0800d73c   0x00000004   PAD
    0x0800d740   0x0800d740   0x0000002e   Code   RO         1745    .text._ZN14SerialProtocol17calculateChecksumEPh  module_serialprotocol.o
    0x0800d76e   0x0800d76e   0x00000002   PAD
    0x0800d770   0x0800d770   0x0000003e   Code   RO         1743    .text._ZN14SerialProtocol4initEP20__UART_HandleTypeDefP9IRManager  module_serialprotocol.o
    0x0800d7ae   0x0800d7ae   0x00000002   PAD
    0x0800d7b0   0x0800d7b0   0x00000192   Code   RO         1749    .text._ZN14SerialProtocol7processEv  module_serialprotocol.o
    0x0800d942   0x0800d942   0x00000006   PAD
    0x0800d948   0x0800d948   0x0000002a   Code   RO         1741    .text._ZN14SerialProtocolC2Ev  module_serialprotocol.o
    0x0800d972   0x0800d972   0x00000006   PAD
    0x0800d978   0x0800d978   0x00000092   Code   RO         1707    .text._ZN9IRManager10IR_SendBitEh  module_ired.o
    0x0800da0a   0x0800da0a   0x00000006   PAD
    0x0800da10   0x0800da10   0x0000004e   Code   RO         1709    .text._ZN9IRManager12IR_WriteByteEh  module_ired.o
    0x0800da5e   0x0800da5e   0x00000002   PAD
    0x0800da60   0x0800da60   0x0000003a   Code   RO         1705    .text._ZN9IRManager13IR_SendLeaderEv  module_ired.o
    0x0800da9a   0x0800da9a   0x00000006   PAD
    0x0800daa0   0x0800daa0   0x00000046   Code   RO         1736    .text._ZN9IRManager13Ired_Type_GetEv  module_ired.o
    0x0800dae6   0x0800dae6   0x00000002   PAD
    0x0800dae8   0x0800dae8   0x000000d2   Code   RO         1685    .text._ZN9IRManager13handleNewDataEPh  module_ired.o
    0x0800dbba   0x0800dbba   0x00000006   PAD
    0x0800dbc0   0x0800dbc0   0x00000084   Code   RO         1675    .text._ZN9IRManager19Period_Measure_InitEP17TIM_HandleTypeDefjPj  module_ired.o
    0x0800dc44   0x0800dc44   0x00000004   PAD
    0x0800dc48   0x0800dc48   0x00000518   Code   RO         1703    .text._ZN9IRManager19Red_Ray_DATA_ProcssEPj21HAL_TIM_ActiveChannel  module_ired.o
    0x0800e160   0x0800e160   0x00000256   Code   RO         1717    .text._ZN9IRManager22Enable_Capture_And_DMAEv  module_ired.o
    0x0800e3b6   0x0800e3b6   0x00000002   PAD
    0x0800e3b8   0x0800e3b8   0x000002c4   Code   RO         1719    .text._ZN9IRManager22ProcessCaptureCallbackEP17TIM_HandleTypeDef  module_ired.o
    0x0800e67c   0x0800e67c   0x00000004   PAD
    0x0800e680   0x0800e680   0x000000fe   Code   RO         1713    .text._ZN9IRManager23Disable_Capture_And_DMAEv  module_ired.o
    0x0800e77e   0x0800e77e   0x00000002   PAD
    0x0800e780   0x0800e780   0x0000012e   Code   RO         1673    .text._ZN9IRManager4initEP17TIM_HandleTypeDefS1_S1_S1_S1_  module_ired.o
    0x0800e8ae   0x0800e8ae   0x00000002   PAD
    0x0800e8b0   0x0800e8b0   0x000000e2   Code   RO         1711    .text._ZN9IRManager7IR_SendEPhh  module_ired.o
    0x0800e992   0x0800e992   0x00000006   PAD
    0x0800e998   0x0800e998   0x0000011c   Code   RO         1723    .text._ZN9IRManager7processEv  module_ired.o
    0x0800eab4   0x0800eab4   0x00000004   PAD
    0x0800eab8   0x0800eab8   0x0000022c   Code   RO         1671    .text._ZN9IRManagerC2Eh  module_ired.o
    0x0800ece4   0x0800ece4   0x00000004   PAD
    0x0800ece8   0x0800ece8   0x0000004a   Code   RO         1766    .text._ZN9TimeStamp11getInstanceEv  bsp_timestamp.o
    0x0800ed32   0x0800ed32   0x00000006   PAD
    0x0800ed38   0x0800ed38   0x00000050   Code   RO         1770    .text._ZN9TimeStamp16overflowCallbackEv  bsp_timestamp.o
    0x0800ed88   0x0800ed88   0x00000034   Code   RO         1768    .text._ZN9TimeStamp4initEP17TIM_HandleTypeDef  bsp_timestamp.o
    0x0800edbc   0x0800edbc   0x00000004   PAD
    0x0800edc0   0x0800edc0   0x0000000a   Code   RO         1764    .text._ZN9TimeStampC2Ev  bsp_timestamp.o
    0x0800edca   0x0800edca   0x00000006   PAD
    0x0800edd0   0x0800edd0   0x000000ba   Code   RO         1772    .text._ZNK9TimeStamp15getMicrosecondsEv  bsp_timestamp.o
    0x0800ee8a   0x0800ee8a   0x00000006   PAD
    0x0800ee90   0x0800ee90   0x00000038   Code   RO          227    .text.__NVIC_DisableIRQ  stm32h7xx_hal_cortex.o
    0x0800eec8   0x0800eec8   0x00000030   Code   RO          223    .text.__NVIC_EnableIRQ  stm32h7xx_hal_cortex.o
    0x0800eef8   0x0800eef8   0x00000010   Code   RO          215    .text.__NVIC_GetPriorityGrouping  stm32h7xx_hal_cortex.o
    0x0800ef08   0x0800ef08   0x00000042   Code   RO          217    .text.__NVIC_SetPriority  stm32h7xx_hal_cortex.o
    0x0800ef4a   0x0800ef4a   0x00000006   PAD
    0x0800ef50   0x0800ef50   0x0000003c   Code   RO          211    .text.__NVIC_SetPriorityGrouping  stm32h7xx_hal_cortex.o
    0x0800ef8c   0x0800ef8c   0x00000004   PAD
    0x0800ef90   0x0800ef90   0x00000012   Code   RO           11    .text.__cxx_global_var_init  main.o
    0x0800efa2   0x0800efa2   0x00000006   PAD
    0x0800efa8   0x0800efa8   0x00000012   Code   RO           13    .text.__cxx_global_var_init.1  main.o
    0x0800efba   0x0800efba   0x00000006   PAD
    0x0800efc0   0x0800efc0   0x0000004c   Code   RO           33    .text.delay_us      main.o
    0x0800f00c   0x0800f00c   0x00000004   PAD
    0x0800f010   0x0800f010   0x00000118   Code   RO           15    .text.main          main.o
    0x0800f128   0x0800f128   0x0000002c   Code   RO         1813    .text.unlikely.__cxa_guard_acquire  libcppabi_w.l(cxa_guard.cpp.o)
    0x0800f154   0x0800f154   0x00000008   Code   RO         1815    .text.unlikely.__cxa_guard_release  libcppabi_w.l(cxa_guard.cpp.o)
    0x0800f15c   0x0800f15c   0x00000004   Code   RO         1881    .text.unlikely.abort_message  libcppabi_w.l(abort_message.cpp.o)
    0x0800f160   0x0800f160   0x0000001a   Code   RO         1905    x$fpl$fpinit        fz_wv.l(fpinit.o)
    0x0800f17a   0x0800f17a   0x00000010   Data   RO         1663    .rodata.D1CorePrescTable  system_stm32h7xx.o
    0x0800f18a   0x0800f18a   0x00000008   Data   RO          573    .rodata.DMA_CalcBaseAndBitshift.flagBitshiftOffset  stm32h7xx_hal_dma.o
    0x0800f192   0x0800f192   0x00000008   Data   RO         1647    .rodata.UARTEx_SetNbDataToProcess.denominator  stm32h7xx_hal_uart_ex.o
    0x0800f19a   0x0800f19a   0x00000008   Data   RO         1646    .rodata.UARTEx_SetNbDataToProcess.numerator  stm32h7xx_hal_uart_ex.o
    0x0800f1a2   0x0800f1a2   0x00000018   Data   RO         1602    .rodata.UARTPrescTable  stm32h7xx_hal_uart.o
    0x0800f1ba   0x0800f1ba   0x00000093   Data   RO         1819    .rodata.str1.1      libcppabi_w.l(cxa_guard.cpp.o)
    0x0800f24d   0x0800f24d   0x00000003   PAD
    0x0800f250   0x0800f250   0x00000020   Data   RO         2010    Region$$Table       anon$$obj.o
    0x0800f270   0x0800f270   0x00000004   Data   RO           52    .init_array         main.o
    0x0800f274   0x0800f270   0x00000000   Data   RO         1805    .init_array         c_w.l(init_aeabi.o)


    Execution Region RW_IRAM1 (Exec base: 0x20000000, Load base: 0x0800f274, Size: 0x00000000, Max: 0x00020000, ABSOLUTE)

    **** No section assigned to this execution region ****


    Execution Region RW_IRAM2 (Exec base: 0x24000000, Load base: 0x0800f278, Size: 0x000021f8, Max: 0x00050000, ABSOLUTE)

    Exec Addr    Load Addr    Size         Type   Attr      Idx    E Section Name        Object

    0x24000000   0x0800f278   0x00000004   Data   RW         1661    .data.SystemCoreClock  system_stm32h7xx.o
    0x24000004   0x0800f27c   0x00000004   Data   RW         1662    .data.SystemD2Clock  system_stm32h7xx.o
    0x24000008   0x0800f280   0x00000001   Data   RW          888    .data.uwTickFreq    stm32h7xx_hal.o
    0x24000009   0x0800f281   0x00000003   PAD
    0x2400000c   0x0800f284   0x00000004   Data   RW          887    .data.uwTickPrio    stm32h7xx_hal.o
    0x24000010        -       0x00000060   Zero   RW         1938    .bss                c_w.l(libspace.o)
    0x24000070        -       0x00000004   Zero   RW         1756    .bss._ZGVZN14SerialProtocol11getInstanceEvE8instance  module_serialprotocol.o
    0x24000074        -       0x00000004   Zero   RW         1781    .bss._ZGVZN9TimeStamp11getInstanceEvE8instance  bsp_timestamp.o
    0x24000078        -       0x00000004   Zero   RW           51    .bss._ZL10last_check  main.o
    0x2400007c   0x0800f288   0x00000004   PAD
    0x24000080        -       0x00000008   Zero   RW         1779    .bss._ZN9TimeStamp17s_overflow_count_E  bsp_timestamp.o
    0x24000088        -       0x00000004   Zero   RW         1778    .bss._ZN9TimeStamp7s_htim_E  bsp_timestamp.o
    0x2400008c        -       0x0000003c   Zero   RW         1755    .bss._ZZN14SerialProtocol11getInstanceEvE8instance  module_serialprotocol.o
    0x240000c8        -       0x00000001   Zero   RW         1780    .bss._ZZN9TimeStamp11getInstanceEvE8instance  bsp_timestamp.o
    0x240000c9   0x0800f288   0x00000007   PAD
    0x240000d0        -       0x00001100   Zero   RW           41    .bss.g_irManager    main.o
    0x240011d0        -       0x00000004   Zero   RW           49    .bss.g_serialProto  main.o
    0x240011d4        -       0x00000078   Zero   RW          101    .bss.hdma_tim1_ch1  tim.o
    0x2400124c        -       0x00000078   Zero   RW          102    .bss.hdma_tim1_ch2  tim.o
    0x240012c4        -       0x00000078   Zero   RW          104    .bss.hdma_tim1_ch3  tim.o
    0x2400133c        -       0x00000078   Zero   RW          103    .bss.hdma_tim1_ch4  tim.o
    0x240013b4        -       0x00000078   Zero   RW          105    .bss.hdma_tim3_ch1  tim.o
    0x2400142c        -       0x00000078   Zero   RW          106    .bss.hdma_tim3_ch2  tim.o
    0x240014a4        -       0x00000078   Zero   RW          107    .bss.hdma_tim3_ch3  tim.o
    0x2400151c        -       0x00000078   Zero   RW          108    .bss.hdma_tim4_ch1  tim.o
    0x24001594        -       0x00000078   Zero   RW          109    .bss.hdma_tim4_ch2  tim.o
    0x2400160c        -       0x00000078   Zero   RW          110    .bss.hdma_tim4_ch3  tim.o
    0x24001684        -       0x00000078   Zero   RW          111    .bss.hdma_tim8_ch1  tim.o
    0x240016fc        -       0x00000078   Zero   RW          112    .bss.hdma_tim8_ch2  tim.o
    0x24001774        -       0x00000078   Zero   RW          113    .bss.hdma_tim8_ch3  tim.o
    0x240017ec        -       0x00000078   Zero   RW          114    .bss.hdma_tim8_ch4  tim.o
    0x24001864        -       0x00000078   Zero   RW          129    .bss.hdma_usart2_rx  usart.o
    0x240018dc        -       0x00000078   Zero   RW          130    .bss.hdma_usart2_tx  usart.o
    0x24001954        -       0x0000004c   Zero   RW           95    .bss.htim1          tim.o
    0x240019a0        -       0x0000004c   Zero   RW           96    .bss.htim2          tim.o
    0x240019ec        -       0x0000004c   Zero   RW           97    .bss.htim3          tim.o
    0x24001a38        -       0x0000004c   Zero   RW           98    .bss.htim4          tim.o
    0x24001a84        -       0x0000004c   Zero   RW           99    .bss.htim5          tim.o
    0x24001ad0        -       0x0000004c   Zero   RW          100    .bss.htim8          tim.o
    0x24001b1c        -       0x00000094   Zero   RW          128    .bss.huart2         usart.o
    0x24001bb0        -       0x00000004   Zero   RW           45    .bss.now_time       main.o
    0x24001bb4        -       0x00000002   Zero   RW         1725    .bss.step1          module_ired.o
    0x24001bb6        -       0x00000002   Zero   RW         1726    .bss.step2          module_ired.o
    0x24001bb8        -       0x0000001e   Zero   RW           37    .bss.uart2_data_rec  main.o
    0x24001bd6        -       0x0000001e   Zero   RW           38    .bss.uart2_data_snd  main.o
    0x24001bf4        -       0x00000004   Zero   RW          889    .bss.uwTick         stm32h7xx_hal.o
    0x24001bf8        -       0x00000200   Zero   RW            2    HEAP                startup_stm32h723xx.o
    0x24001df8        -       0x00000400   Zero   RW            1    STACK               startup_stm32h723xx.o


==============================================================================

Image component sizes


      Code (inc. data)   RO Data    RW Data    ZI Data      Debug   Object Name

       402          0          0          0         17      16535   bsp_timestamp.o
       358          0          0          0          0       5284   dma.o
       264          0          0          0          0       2980   gpio.o
      1030          0          4          0       4424      22409   main.o
      4926         30          0          0          4      30543   module_ired.o
       936          0          0          0         64      19620   module_serialprotocol.o
        72         30        716          0       1536        848   startup_stm32h723xx.o
       294          0          0          5          4      14613   stm32h7xx_hal.o
       764          0          0          0          0      11493   stm32h7xx_hal_cortex.o
     15552          8          8          0          0      12472   stm32h7xx_hal_dma.o
       936          0          0          0          0       7000   stm32h7xx_hal_gpio.o
        36          0          0          0          0       2225   stm32h7xx_hal_msp.o
       162          0          0          0          0       9318   stm32h7xx_hal_pwr_ex.o
      4694         66          0          0          0      11389   stm32h7xx_hal_rcc.o
      6358         96          0          0          0      18641   stm32h7xx_hal_rcc_ex.o
      8888         50          0          0          0      37553   stm32h7xx_hal_tim.o
       404          0          0          0          0      18130   stm32h7xx_hal_tim_ex.o
      6918        342         24          0          0      29430   stm32h7xx_hal_uart.o
       738          0         16          0          0       8888   stm32h7xx_hal_uart_ex.o
       338          0          0          0          0       2889   stm32h7xx_it.o
      1138         62         16          8          0       5549   system_stm32h7xx.o
      3558          0          0          0       2136      14206   tim.o
       516          0          0          0        388      11300   usart.o

    ----------------------------------------------------------------------
     59768        692        816         16       8584     313315   Object Totals
         0          0         32          0          0          0   (incl. Generated)
       486          8          0          3         11          0   (incl. Padding)

    ----------------------------------------------------------------------

      Code (inc. data)   RO Data    RW Data    ZI Data      Debug   Library Member Name

         8          0          0          0          0         68   __main.o
         0          0          0          0          0          0   __rtentry.o
        12          0          0          0          0          0   __rtentry2.o
         6          0          0          0          0          0   __rtentry4.o
        94          8          0          0          0          0   __scatter.o
        26          0          0          0          0          0   __scatter_copy.o
        28          0          0          0          0          0   __scatter_zi.o
        22          0          0          0          0         80   abort.o
        48         34          0          0          0         76   defsig_abrt_inner.o
        14          0          0          0          0         80   defsig_abrt_outer.o
        10          0          0          0          0         68   defsig_exit.o
        50          0          0          0          0         88   defsig_general.o
        18          0          0          0          0         80   exit.o
         6          0          0          0          0        152   heapauxi.o
         0          0          0          0          0          0   indicate_semi.o
        44          8          0          0          0         80   init_aeabi.o
         2          0          0          0          0          0   libinit.o
        10          0          0          0          0          0   libinit2.o
         2          0          0          0          0          0   libshutdown.o
         2          0          0          0          0          0   libshutdown2.o
         8          4          0          0         96         68   libspace.o
       240          0          0          0          0        100   lludivv7m.o
        88          0          0          0          0         76   memcmp.o
        68          0          0          0          0         68   rt_memclr.o
        78          0          0          0          0         80   rt_memclr_w.o
       138          0          0          0          0         68   rt_memcpy_v6.o
       100          0          0          0          0         80   rt_memcpy_w.o
         2          0          0          0          0          0   rtexit.o
        10          0          0          0          0          0   rtexit2.o
        12          4          0          0          0         68   sys_exit.o
        74          0          0          0          0         80   sys_stackheap_outer.o
        14          0          0          0          0         76   sys_wrch.o
         2          0          0          0          0         68   use_no_semi.o
        26          0          0          0          0        116   fpinit.o
         4          0          0          0          0         36   abort_message.cpp.o
        52          0        147          0          0         76   cxa_guard.cpp.o

    ----------------------------------------------------------------------
      1334         58        150          0         96       1832   Library Totals
        16          0          3          0          0          0   (incl. Padding)

    ----------------------------------------------------------------------

      Code (inc. data)   RO Data    RW Data    ZI Data      Debug   Library Name

      1236         58          0          0         96       1604   c_w.l
        26          0          0          0          0        116   fz_wv.l
        56          0        147          0          0        112   libcppabi_w.l

    ----------------------------------------------------------------------
      1334         58        150          0         96       1832   Library Totals

    ----------------------------------------------------------------------

==============================================================================


      Code (inc. data)   RO Data    RW Data    ZI Data      Debug   

     61102        750        966         16       8680     313923   Grand Totals
     61102        750        966         16       8680     313923   ELF Image Totals
     61102        750        966         16          0          0   ROM Totals

==============================================================================

    Total RO  Size (Code + RO Data)                62068 (  60.61kB)
    Total RW  Size (RW Data + ZI Data)              8696 (   8.49kB)
    Total ROM Size (Code + RO Data + RW Data)      62084 (  60.63kB)

==============================================================================

