Component: Arm Compiler for Embedded 6.24 Tool: armlink [5f371500]

==============================================================================

Section Cross References

    startup_stm32h723xx.o(STACK) refers (Special) to heapauxi.o(.text) for __use_two_region_memory
    startup_stm32h723xx.o(HEAP) refers (Special) to heapauxi.o(.text) for __use_two_region_memory
    startup_stm32h723xx.o(RESET) refers (Special) to heapauxi.o(.text) for __use_two_region_memory
    startup_stm32h723xx.o(RESET) refers to startup_stm32h723xx.o(STACK) for __initial_sp
    startup_stm32h723xx.o(RESET) refers to startup_stm32h723xx.o(.text) for Reset_Handler
    startup_stm32h723xx.o(RESET) refers to stm32h7xx_it.o(.text.NMI_Handler) for NMI_Handler
    startup_stm32h723xx.o(RESET) refers to stm32h7xx_it.o(.text.HardFault_Handler) for HardFault_Handler
    startup_stm32h723xx.o(RESET) refers to stm32h7xx_it.o(.text.MemManage_Handler) for MemManage_Handler
    startup_stm32h723xx.o(RESET) refers to stm32h7xx_it.o(.text.BusFault_Handler) for BusFault_Handler
    startup_stm32h723xx.o(RESET) refers to stm32h7xx_it.o(.text.UsageFault_Handler) for UsageFault_Handler
    startup_stm32h723xx.o(RESET) refers to stm32h7xx_it.o(.text.SVC_Handler) for SVC_Handler
    startup_stm32h723xx.o(RESET) refers to stm32h7xx_it.o(.text.DebugMon_Handler) for DebugMon_Handler
    startup_stm32h723xx.o(RESET) refers to stm32h7xx_it.o(.text.PendSV_Handler) for PendSV_Handler
    startup_stm32h723xx.o(RESET) refers to stm32h7xx_it.o(.text.SysTick_Handler) for SysTick_Handler
    startup_stm32h723xx.o(RESET) refers to stm32h7xx_it.o(.text.DMA1_Stream0_IRQHandler) for DMA1_Stream0_IRQHandler
    startup_stm32h723xx.o(RESET) refers to stm32h7xx_it.o(.text.DMA1_Stream1_IRQHandler) for DMA1_Stream1_IRQHandler
    startup_stm32h723xx.o(RESET) refers to stm32h7xx_it.o(.text.DMA1_Stream2_IRQHandler) for DMA1_Stream2_IRQHandler
    startup_stm32h723xx.o(RESET) refers to stm32h7xx_it.o(.text.DMA1_Stream3_IRQHandler) for DMA1_Stream3_IRQHandler
    startup_stm32h723xx.o(RESET) refers to stm32h7xx_it.o(.text.DMA1_Stream4_IRQHandler) for DMA1_Stream4_IRQHandler
    startup_stm32h723xx.o(RESET) refers to stm32h7xx_it.o(.text.DMA1_Stream5_IRQHandler) for DMA1_Stream5_IRQHandler
    startup_stm32h723xx.o(RESET) refers to stm32h7xx_it.o(.text.DMA1_Stream6_IRQHandler) for DMA1_Stream6_IRQHandler
    startup_stm32h723xx.o(RESET) refers to stm32h7xx_it.o(.text.USART2_IRQHandler) for USART2_IRQHandler
    startup_stm32h723xx.o(RESET) refers to stm32h7xx_it.o(.text.TIM8_TRG_COM_TIM14_IRQHandler) for TIM8_TRG_COM_TIM14_IRQHandler
    startup_stm32h723xx.o(RESET) refers to stm32h7xx_it.o(.text.DMA1_Stream7_IRQHandler) for DMA1_Stream7_IRQHandler
    startup_stm32h723xx.o(RESET) refers to stm32h7xx_it.o(.text.TIM5_IRQHandler) for TIM5_IRQHandler
    startup_stm32h723xx.o(RESET) refers to stm32h7xx_it.o(.text.DMA2_Stream0_IRQHandler) for DMA2_Stream0_IRQHandler
    startup_stm32h723xx.o(RESET) refers to stm32h7xx_it.o(.text.DMA2_Stream1_IRQHandler) for DMA2_Stream1_IRQHandler
    startup_stm32h723xx.o(RESET) refers to stm32h7xx_it.o(.text.DMA2_Stream2_IRQHandler) for DMA2_Stream2_IRQHandler
    startup_stm32h723xx.o(RESET) refers to stm32h7xx_it.o(.text.DMA2_Stream3_IRQHandler) for DMA2_Stream3_IRQHandler
    startup_stm32h723xx.o(RESET) refers to stm32h7xx_it.o(.text.DMA2_Stream4_IRQHandler) for DMA2_Stream4_IRQHandler
    startup_stm32h723xx.o(RESET) refers to stm32h7xx_it.o(.text.DMA2_Stream5_IRQHandler) for DMA2_Stream5_IRQHandler
    startup_stm32h723xx.o(RESET) refers to stm32h7xx_it.o(.text.DMA2_Stream6_IRQHandler) for DMA2_Stream6_IRQHandler
    startup_stm32h723xx.o(RESET) refers to stm32h7xx_it.o(.text.DMA2_Stream7_IRQHandler) for DMA2_Stream7_IRQHandler
    startup_stm32h723xx.o(.text) refers (Special) to heapauxi.o(.text) for __use_two_region_memory
    startup_stm32h723xx.o(.text) refers to system_stm32h7xx.o(.text.ExitRun0Mode) for ExitRun0Mode
    startup_stm32h723xx.o(.text) refers to system_stm32h7xx.o(.text.SystemInit) for SystemInit
    startup_stm32h723xx.o(.text) refers to __main.o(!!!main) for __main
    startup_stm32h723xx.o(.text) refers to startup_stm32h723xx.o(HEAP) for Heap_Mem
    startup_stm32h723xx.o(.text) refers to startup_stm32h723xx.o(STACK) for Stack_Mem
    main.o(.text.__cxx_global_var_init) refers to main.o(.bss.g_irManager) for g_irManager
    main.o(.text.__cxx_global_var_init) refers to module_ired.o(.text._ZN9IRManagerC2Eh) for IRManager::IRManager(unsigned char)
    main.o(.ARM.exidx.text.__cxx_global_var_init) refers to main.o(.text.__cxx_global_var_init) for [Anonymous Symbol]
    main.o(.text.__cxx_global_var_init.1) refers to serialprotocol.o(.text._ZN14SerialProtocol11getInstanceEv) for SerialProtocol::getInstance()
    main.o(.text.__cxx_global_var_init.1) refers to main.o(.bss.g_serialProto) for g_serialProto
[...]
    FDCAN3_IT1_IRQHandler                    0x080003bb   Thumb Code     0  startup_stm32h723xx.o(.text)
    FDCAN_CAL_IRQHandler                     0x080003bb   Thumb Code     0  startup_stm32h723xx.o(.text)
    FLASH_IRQHandler                         0x080003bb   Thumb Code     0  startup_stm32h723xx.o(.text)
    FMAC_IRQHandler                          0x080003bb   Thumb Code     0  startup_stm32h723xx.o(.text)
    FMC_IRQHandler                           0x080003bb   Thumb Code     0  startup_stm32h723xx.o(.text)
    FPU_IRQHandler                           0x080003bb   Thumb Code     0  startup_stm32h723xx.o(.text)
    HSEM1_IRQHandler                         0x080003bb   Thumb Code     0  startup_stm32h723xx.o(.text)
    I2C1_ER_IRQHandler                       0x080003bb   Thumb Code     0  startup_stm32h723xx.o(.text)
    I2C1_EV_IRQHandler                       0x080003bb   Thumb Code     0  startup_stm32h723xx.o(.text)
    I2C2_ER_IRQHandler                       0x080003bb   Thumb Code     0  startup_stm32h723xx.o(.text)
    I2C2_EV_IRQHandler                       0x080003bb   Thumb Code     0  startup_stm32h723xx.o(.text)
    I2C3_ER_IRQHandler                       0x080003bb   Thumb Code     0  startup_stm32h723xx.o(.text)
    I2C3_EV_IRQHandler                       0x080003bb   Thumb Code     0  startup_stm32h723xx.o(.text)
    I2C4_ER_IRQHandler                       0x080003bb   Thumb Code     0  startup_stm32h723xx.o(.text)
    I2C4_EV_IRQHandler                       0x080003bb   Thumb Code     0  startup_stm32h723xx.o(.text)
    I2C5_ER_IRQHandler                       0x080003bb   Thumb Code     0  startup_stm32h723xx.o(.text)
    I2C5_EV_IRQHandler                       0x080003bb   Thumb Code     0  startup_stm32h723xx.o(.text)
    LPTIM1_IRQHandler                        0x080003bb   Thumb Code     0  startup_stm32h723xx.o(.text)
    LPTIM2_IRQHandler                        0x080003bb   Thumb Code     0  startup_stm32h723xx.o(.text)
    LPTIM3_IRQHandler                        0x080003bb   Thumb Code     0  startup_stm32h723xx.o(.text)
    LPTIM4_IRQHandler                        0x080003bb   Thumb Code     0  startup_stm32h723xx.o(.text)
    LPTIM5_IRQHandler                        0x080003bb   Thumb Code     0  startup_stm32h723xx.o(.text)
    LPUART1_IRQHandler                       0x080003bb   Thumb Code     0  startup_stm32h723xx.o(.text)
    LTDC_ER_IRQHandler                       0x080003bb   Thumb Code     0  startup_stm32h723xx.o(.text)
    LTDC_IRQHandler                          0x080003bb   Thumb Code     0  startup_stm32h723xx.o(.text)
    MDIOS_IRQHandler                         0x080003bb   Thumb Code     0  startup_stm32h723xx.o(.text)
    MDIOS_WKUP_IRQHandler                    0x080003bb   Thumb Code     0  startup_stm32h723xx.o(.text)
    MDMA_IRQHandler                          0x080003bb   Thumb Code     0  startup_stm32h723xx.o(.text)
    OCTOSPI1_IRQHandler                      0x080003bb   Thumb Code     0  startup_stm32h723xx.o(.text)
    OCTOSPI2_IRQHandler                      0x080003bb   Thumb Code     0  startup_stm32h723xx.o(.text)
    OTG_HS_EP1_IN_IRQHandler                 0x080003bb   Thumb Code     0  startup_stm32h723xx.o(.text)
    OTG_HS_EP1_OUT_IRQHandler                0x080003bb   Thumb Code     0  startup_stm32h723xx.o(.text)
    OTG_HS_IRQHandler                        0x080003bb   Thumb Code     0  startup_stm32h723xx.o(.text)
    OTG_HS_WKUP_IRQHandler                   0x080003bb   Thumb Code     0  startup_stm32h723xx.o(.text)
    PVD_AVD_IRQHandler                       0x080003bb   Thumb Code     0  startup_stm32h723xx.o(.text)
    RCC_IRQHandler                           0x080003bb   Thumb Code     0  startup_stm32h723xx.o(.text)
    RNG_IRQHandler                           0x080003bb   Thumb Code     0  startup_stm32h723xx.o(.text)
    RTC_Alarm_IRQHandler                     0x080003bb   Thumb Code     0  startup_stm32h723xx.o(.text)
    RTC_WKUP_IRQHandler                      0x080003bb   Thumb Code     0  startup_stm32h723xx.o(.text)
    SAI1_IRQHandler                          0x080003bb   Thumb Code     0  startup_stm32h723xx.o(.text)
    SAI4_IRQHandler                          0x080003bb   Thumb Code     0  startup_stm32h723xx.o(.text)
    SDMMC1_IRQHandler                        0x080003bb   Thumb Code     0  startup_stm32h723xx.o(.text)
    SDMMC2_IRQHandler                        0x080003bb   Thumb Code     0  startup_stm32h723xx.o(.text)
    SPDIF_RX_IRQHandler                      0x080003bb   Thumb Code     0  startup_stm32h723xx.o(.text)
    SPI1_IRQHandler                          0x080003bb   Thumb Code     0  startup_stm32h723xx.o(.text)
    SPI2_IRQHandler                          0x080003bb   Thumb Code     0  startup_stm32h723xx.o(.text)
    SPI3_IRQHandler                          0x080003bb   Thumb Code     0  startup_stm32h723xx.o(.text)
    SPI4_IRQHandler                          0x080003bb   Thumb Code     0  startup_stm32h723xx.o(.text)
    SPI5_IRQHandler                          0x080003bb   Thumb Code     0  startup_stm32h723xx.o(.text)
    SPI6_IRQHandler                          0x080003bb   Thumb Code     0  startup_stm32h723xx.o(.text)
    SWPMI1_IRQHandler                        0x080003bb   Thumb Code     0  startup_stm32h723xx.o(.text)
    TAMP_STAMP_IRQHandler                    0x080003bb   Thumb Code     0  startup_stm32h723xx.o(.text)
    TIM15_IRQHandler                         0x080003bb   Thumb Code     0  startup_stm32h723xx.o(.text)
    TIM16_IRQHandler                         0x080003bb   Thumb Code     0  startup_stm32h723xx.o(.text)
    TIM17_IRQHandler                         0x080003bb   Thumb Code     0  startup_stm32h723xx.o(.text)
    TIM1_BRK_IRQHandler                      0x080003bb   Thumb Code     0  startup_stm32h723xx.o(.text)
    TIM1_CC_IRQHandler                       0x080003bb   Thumb Code     0  startup_stm32h723xx.o(.text)
    TIM1_TRG_COM_IRQHandler                  0x080003bb   Thumb Code     0  startup_stm32h723xx.o(.text)
    TIM1_UP_IRQHandler                       0x080003bb   Thumb Code     0  startup_stm32h723xx.o(.text)
    TIM23_IRQHandler                         0x080003bb   Thumb Code     0  startup_stm32h723xx.o(.text)
    TIM24_IRQHandler                         0x080003bb   Thumb Code     0  startup_stm32h723xx.o(.text)
    TIM2_IRQHandler                          0x080003bb   Thumb Code     0  startup_stm32h723xx.o(.text)
    TIM3_IRQHandler                          0x080003bb   Thumb Code     0  startup_stm32h723xx.o(.text)
    TIM4_IRQHandler                          0x080003bb   Thumb Code     0  startup_stm32h723xx.o(.text)
    TIM6_DAC_IRQHandler                      0x080003bb   Thumb Code     0  startup_stm32h723xx.o(.text)
    TIM7_IRQHandler                          0x080003bb   Thumb Code     0  startup_stm32h723xx.o(.text)
    TIM8_BRK_TIM12_IRQHandler                0x080003bb   Thumb Code     0  startup_stm32h723xx.o(.text)
    TIM8_CC_IRQHandler                       0x080003bb   Thumb Code     0  startup_stm32h723xx.o(.text)
    TIM8_UP_TIM13_IRQHandler                 0x080003bb   Thumb Code     0  startup_stm32h723xx.o(.text)
    UART4_IRQHandler                         0x080003bb   Thumb Code     0  startup_stm32h723xx.o(.text)
    UART5_IRQHandler                         0x080003bb   Thumb Code     0  startup_stm32h723xx.o(.text)
    UART7_IRQHandler                         0x080003bb   Thumb Code     0  startup_stm32h723xx.o(.text)
    UART8_IRQHandler                         0x080003bb   Thumb Code     0  startup_stm32h723xx.o(.text)
    UART9_IRQHandler                         0x080003bb   Thumb Code     0  startup_stm32h723xx.o(.text)
    USART10_IRQHandler                       0x080003bb   Thumb Code     0  startup_stm32h723xx.o(.text)
    USART1_IRQHandler                        0x080003bb   Thumb Code     0  startup_stm32h723xx.o(.text)
    USART3_IRQHandler                        0x080003bb   Thumb Code     0  startup_stm32h723xx.o(.text)
    USART6_IRQHandler                        0x080003bb   Thumb Code     0  startup_stm32h723xx.o(.text)
    WAKEUP_PIN_IRQHandler                    0x080003bb   Thumb Code     0  startup_stm32h723xx.o(.text)
    WWDG_IRQHandler                          0x080003bb   Thumb Code     0  startup_stm32h723xx.o(.text)
    __user_initial_stackheap                 0x080003bd   Thumb Code     0  startup_stm32h723xx.o(.text)
    __aeabi_uldivmod                         0x080003e5   Thumb Code     0  lludivv7m.o(.text)
    _ll_udiv                                 0x080003e5   Thumb Code   240  lludivv7m.o(.text)
    memcmp                                   0x080004d5   Thumb Code    88  memcmp.o(.text)
    __aeabi_memcpy                           0x0800052d   Thumb Code     0  rt_memcpy_v6.o(.text)
    __rt_memcpy                              0x0800052d   Thumb Code   138  rt_memcpy_v6.o(.text)
    _memcpy_lastbytes                        0x08000593   Thumb Code     0  rt_memcpy_v6.o(.text)
    __aeabi_memclr                           0x080005b7   Thumb Code     0  rt_memclr.o(.text)
    __rt_memclr                              0x080005b7   Thumb Code     0  rt_memclr.o(.text)
    _memset                                  0x080005bb   Thumb Code    64  rt_memclr.o(.text)
    __aeabi_memclr4                          0x080005fb   Thumb Code     0  rt_memclr_w.o(.text)
    __aeabi_memclr8                          0x080005fb   Thumb Code     0  rt_memclr_w.o(.text)
    __rt_memclr_w                            0x080005fb   Thumb Code     0  rt_memclr_w.o(.text)
    _memset_w                                0x080005ff   Thumb Code    74  rt_memclr_w.o(.text)
    __use_two_region_memory                  0x08000649   Thumb Code     2  heapauxi.o(.text)
    __rt_heap_escrow$2region                 0x0800064b   Thumb Code     2  heapauxi.o(.text)
    __rt_heap_expand$2region                 0x0800064d   Thumb Code     2  heapauxi.o(.text)
    __cpp_initialize__aeabi_                 0x08000651   Thumb Code    36  init_aeabi.o(.text)
    __aeabi_memcpy4                          0x0800067d   Thumb Code     0  rt_memcpy_w.o(.text)
    __aeabi_memcpy8                          0x0800067d   Thumb Code     0  rt_memcpy_w.o(.text)
    __rt_memcpy_w                            0x0800067d   Thumb Code   100  rt_memcpy_w.o(.text)
    _memcpy_lastbytes_aligned                0x080006c5   Thumb Code     0  rt_memcpy_w.o(.text)
    abort                                    0x080006e1   Thumb Code    22  abort.o(.text)
    _sys_exit                                0x080006f9   Thumb Code     8  sys_exit.o(.text)
    __user_setup_stackheap                   0x08000705   Thumb Code    74  sys_stackheap_outer.o(.text)
    exit                                     0x0800074f   Thumb Code    18  exit.o(.text)
    __rt_SIGABRT                             0x08000761   Thumb Code    14  defsig_abrt_outer.o(.text)
    __user_libspace                          0x08000771   Thumb Code     8  libspace.o(.text)
    __user_perproc_libspace                  0x08000771   Thumb Code     0  libspace.o(.text)
    __user_perthread_libspace                0x08000771   Thumb Code     0  libspace.o(.text)
    __I$use$semihosting                      0x08000779   Thumb Code     0  use_no_semi.o(.text)
    __use_no_semihosting_swi                 0x08000779   Thumb Code     2  use_no_semi.o(.text)
    __semihosting_library_function           0x0800077b   Thumb Code     0  indicate_semi.o(.text)
    __sig_exit                               0x0800077b   Thumb Code    10  defsig_exit.o(.text)
    __rt_SIGABRT_inner                       0x08000785   Thumb Code    14  defsig_abrt_inner.o(.text)
    __default_signal_display                 0x080007b5   Thumb Code    50  defsig_general.o(.text)
    _ttywrch                                 0x080007e7   Thumb Code    14  sys_wrch.o(.text)
    BusFault_Handler                         0x080007f9   Thumb Code     4  stm32h7xx_it.o(.text.BusFault_Handler)
    DMA1_Stream0_IRQHandler                  0x08000801   Thumb Code    16  stm32h7xx_it.o(.text.DMA1_Stream0_IRQHandler)
    DMA1_Stream1_IRQHandler                  0x08000811   Thumb Code    16  stm32h7xx_it.o(.text.DMA1_Stream1_IRQHandler)
    DMA1_Stream2_IRQHandler                  0x08000821   Thumb Code    16  stm32h7xx_it.o(.text.DMA1_Stream2_IRQHandler)
    DMA1_Stream3_IRQHandler                  0x08000831   Thumb Code    16  stm32h7xx_it.o(.text.DMA1_Stream3_IRQHandler)
    DMA1_Stream4_IRQHandler                  0x08000841   Thumb Code    16  stm32h7xx_it.o(.text.DMA1_Stream4_IRQHandler)
    DMA1_Stream5_IRQHandler                  0x08000851   Thumb Code    16  stm32h7xx_it.o(.text.DMA1_Stream5_IRQHandler)
    DMA1_Stream6_IRQHandler                  0x08000861   Thumb Code    16  stm32h7xx_it.o(.text.DMA1_Stream6_IRQHandler)
    DMA1_Stream7_IRQHandler                  0x08000871   Thumb Code    16  stm32h7xx_it.o(.text.DMA1_Stream7_IRQHandler)
    DMA2_Stream0_IRQHandler                  0x08000881   Thumb Code    16  stm32h7xx_it.o(.text.DMA2_Stream0_IRQHandler)
    DMA2_Stream1_IRQHandler                  0x08000891   Thumb Code    16  stm32h7xx_it.o(.text.DMA2_Stream1_IRQHandler)
    DMA2_Stream2_IRQHandler                  0x080008a1   Thumb Code    16  stm32h7xx_it.o(.text.DMA2_Stream2_IRQHandler)
    DMA2_Stream3_IRQHandler                  0x080008b1   Thumb Code    16  stm32h7xx_it.o(.text.DMA2_Stream3_IRQHandler)
    DMA2_Stream4_IRQHandler                  0x080008c1   Thumb Code    16  stm32h7xx_it.o(.text.DMA2_Stream4_IRQHandler)
    DMA2_Stream5_IRQHandler                  0x080008d1   Thumb Code    16  stm32h7xx_it.o(.text.DMA2_Stream5_IRQHandler)
    DMA2_Stream6_IRQHandler                  0x080008e1   Thumb Code    16  stm32h7xx_it.o(.text.DMA2_Stream6_IRQHandler)
    DMA2_Stream7_IRQHandler                  0x080008f1   Thumb Code    16  stm32h7xx_it.o(.text.DMA2_Stream7_IRQHandler)
    DWT_Init                                 0x08001381   Thumb Code    34  main.o(.text.DWT_Init)
    DebugMon_Handler                         0x080013a9   Thumb Code     2  stm32h7xx_it.o(.text.DebugMon_Handler)
    Error_Handler                            0x080013b1   Thumb Code    14  main.o(.text.Error_Handler)
    ExitRun0Mode                             0x080013c1   Thumb Code    40  system_stm32h7xx.o(.text.ExitRun0Mode)
    HAL_DMA_Abort                            0x080013e9   Thumb Code  2424  stm32h7xx_hal_dma.o(.text.HAL_DMA_Abort)
    HAL_DMA_Abort_IT                         0x08001d61   Thumb Code  1706  stm32h7xx_hal_dma.o(.text.HAL_DMA_Abort_IT)
    HAL_DMA_IRQHandler                       0x08002411   Thumb Code  4544  stm32h7xx_hal_dma.o(.text.HAL_DMA_IRQHandler)
    HAL_DMA_Init                             0x080035d1   Thumb Code  2400  stm32h7xx_hal_dma.o(.text.HAL_DMA_Init)
    HAL_DMA_Start_IT                         0x08003f31   Thumb Code  1794  stm32h7xx_hal_dma.o(.text.HAL_DMA_Start_IT)
    HAL_GPIO_Init                            0x08004639   Thumb Code   936  stm32h7xx_hal_gpio.o(.text.HAL_GPIO_Init)
    HAL_GetTick                              0x080049e1   Thumb Code    12  stm32h7xx_hal.o(.text.HAL_GetTick)
    HAL_IncTick                              0x080049f1   Thumb Code    26  stm32h7xx_hal.o(.text.HAL_IncTick)
    HAL_Init                                 0x08004a11   Thumb Code   122  stm32h7xx_hal.o(.text.HAL_Init)
    HAL_InitTick                             0x08004a91   Thumb Code   134  stm32h7xx_hal.o(.text.HAL_InitTick)
    HAL_MPU_ConfigRegion                     0x08004b19   Thumb Code   128  stm32h7xx_hal_cortex.o(.text.HAL_MPU_ConfigRegion)
    HAL_MPU_Disable                          0x08004b99   Thumb Code    34  stm32h7xx_hal_cortex.o(.text.HAL_MPU_Disable)
    HAL_MPU_Enable                           0x08004bc1   Thumb Code    48  stm32h7xx_hal_cortex.o(.text.HAL_MPU_Enable)
    HAL_MspInit                              0x08004bf1   Thumb Code    36  stm32h7xx_hal_msp.o(.text.HAL_MspInit)
    HAL_NVIC_DisableIRQ                      0x08004c19   Thumb Code    20  stm32h7xx_hal_cortex.o(.text.HAL_NVIC_DisableIRQ)
    HAL_NVIC_EnableIRQ                       0x08004c31   Thumb Code    20  stm32h7xx_hal_cortex.o(.text.HAL_NVIC_EnableIRQ)
    HAL_NVIC_SetPriority                     0x08004c49   Thumb Code    46  stm32h7xx_hal_cortex.o(.text.HAL_NVIC_SetPriority)
    HAL_NVIC_SetPriorityGrouping             0x08004c79   Thumb Code    16  stm32h7xx_hal_cortex.o(.text.HAL_NVIC_SetPriorityGrouping)
    HAL_PWREx_ConfigSupply                   0x08004c89   Thumb Code   162  stm32h7xx_hal_pwr_ex.o(.text.HAL_PWREx_ConfigSupply)
    HAL_RCCEx_GetD3PCLK1Freq                 0x08004d31   Thumb Code    38  stm32h7xx_hal_rcc_ex.o(.text.HAL_RCCEx_GetD3PCLK1Freq)
    HAL_RCCEx_GetPLL2ClockFreq               0x08004d59   Thumb Code   648  stm32h7xx_hal_rcc_ex.o(.text.HAL_RCCEx_GetPLL2ClockFreq)
    HAL_RCCEx_GetPLL3ClockFreq               0x08004ff1   Thumb Code   648  stm32h7xx_hal_rcc_ex.o(.text.HAL_RCCEx_GetPLL3ClockFreq)
    HAL_RCCEx_PeriphCLKConfig                0x08005289   Thumb Code  4076  stm32h7xx_hal_rcc_ex.o(.text.HAL_RCCEx_PeriphCLKConfig)
    HAL_RCC_ClockConfig                      0x08006279   Thumb Code  1176  stm32h7xx_hal_rcc.o(.text.HAL_RCC_ClockConfig)
    HAL_RCC_GetHCLKFreq                      0x08006711   Thumb Code    86  stm32h7xx_hal_rcc.o(.text.HAL_RCC_GetHCLKFreq)
    HAL_RCC_GetPCLK1Freq                     0x08006769   Thumb Code    38  stm32h7xx_hal_rcc.o(.text.HAL_RCC_GetPCLK1Freq)
    HAL_RCC_GetPCLK2Freq                     0x08006791   Thumb Code    38  stm32h7xx_hal_rcc.o(.text.HAL_RCC_GetPCLK2Freq)
    HAL_RCC_GetSysClockFreq                  0x080067b9   Thumb Code   748  stm32h7xx_hal_rcc.o(.text.HAL_RCC_GetSysClockFreq)
    HAL_RCC_OscConfig                        0x08006ab9   Thumb Code  2592  stm32h7xx_hal_rcc.o(.text.HAL_RCC_OscConfig)
    HAL_SYSTICK_Config                       0x080074d9   Thumb Code    16  stm32h7xx_hal_cortex.o(.text.HAL_SYSTICK_Config)
    HAL_TIMEx_Break2Callback                 0x080074e9   Thumb Code     8  stm32h7xx_hal_tim_ex.o(.text.HAL_TIMEx_Break2Callback)
    HAL_TIMEx_BreakCallback                  0x080074f1   Thumb Code     8  stm32h7xx_hal_tim_ex.o(.text.HAL_TIMEx_BreakCallback)
    HAL_TIMEx_CommutCallback                 0x080074f9   Thumb Code     8  stm32h7xx_hal_tim_ex.o(.text.HAL_TIMEx_CommutCallback)
    HAL_TIMEx_MasterConfigSynchronization    0x08007501   Thumb Code   380  stm32h7xx_hal_tim_ex.o(.text.HAL_TIMEx_MasterConfigSynchronization)
    HAL_TIM_Base_Init                        0x08007681   Thumb Code   168  stm32h7xx_hal_tim.o(.text.HAL_TIM_Base_Init)
    HAL_TIM_Base_MspInit                     0x08007729   Thumb Code  2032  tim.o(.text.HAL_TIM_Base_MspInit)
    HAL_TIM_Base_Start_IT                    0x08007f19   Thumb Code   296  stm32h7xx_hal_tim.o(.text.HAL_TIM_Base_Start_IT)
    HAL_TIM_ConfigClockSource                0x08008041   Thumb Code   464  stm32h7xx_hal_tim.o(.text.HAL_TIM_ConfigClockSource)
    HAL_TIM_ErrorCallback                    0x08008211   Thumb Code     8  stm32h7xx_hal_tim.o(.text.HAL_TIM_ErrorCallback)
    HAL_TIM_IC_CaptureCallback               0x08008219   Thumb Code    24  main.o(.text.HAL_TIM_IC_CaptureCallback)
    HAL_TIM_IC_CaptureHalfCpltCallback       0x08008231   Thumb Code     8  stm32h7xx_hal_tim.o(.text.HAL_TIM_IC_CaptureHalfCpltCallback)
    HAL_TIM_IC_ConfigChannel                 0x08008239   Thumb Code   304  stm32h7xx_hal_tim.o(.text.HAL_TIM_IC_ConfigChannel)
    HAL_TIM_IC_Init                          0x08008369   Thumb Code   168  stm32h7xx_hal_tim.o(.text.HAL_TIM_IC_Init)
    HAL_TIM_IC_MspInit                       0x08008411   Thumb Code     8  stm32h7xx_hal_tim.o(.text.HAL_TIM_IC_MspInit)
    HAL_TIM_IC_Start_DMA                     0x08008419   Thumb Code  1168  stm32h7xx_hal_tim.o(.text.HAL_TIM_IC_Start_DMA)
    HAL_TIM_IC_Stop_DMA                      0x080088a9   Thumb Code   430  stm32h7xx_hal_tim.o(.text.HAL_TIM_IC_Stop_DMA)
    HAL_TIM_IRQHandler                       0x08008a59   Thumb Code   592  stm32h7xx_hal_tim.o(.text.HAL_TIM_IRQHandler)
    HAL_TIM_MspPostInit                      0x08008ca9   Thumb Code    96  tim.o(.text.HAL_TIM_MspPostInit)
    HAL_TIM_OC_DelayElapsedCallback          0x08008d09   Thumb Code     8  stm32h7xx_hal_tim.o(.text.HAL_TIM_OC_DelayElapsedCallback)
    HAL_TIM_PWM_ConfigChannel                0x08008d11   Thumb Code   432  stm32h7xx_hal_tim.o(.text.HAL_TIM_PWM_ConfigChannel)
    HAL_TIM_PWM_Init                         0x08008ec1   Thumb Code   168  stm32h7xx_hal_tim.o(.text.HAL_TIM_PWM_Init)
    HAL_TIM_PWM_MspInit                      0x08008f69   Thumb Code     8  stm32h7xx_hal_tim.o(.text.HAL_TIM_PWM_MspInit)
    HAL_TIM_PWM_PulseFinishedCallback        0x08008f71   Thumb Code     8  stm32h7xx_hal_tim.o(.text.HAL_TIM_PWM_PulseFinishedCallback)
    HAL_TIM_PWM_Start                        0x08008f79   Thumb Code   674  stm32h7xx_hal_tim.o(.text.HAL_TIM_PWM_Start)
    HAL_TIM_PWM_Stop                         0x08009221   Thumb Code   380  stm32h7xx_hal_tim.o(.text.HAL_TIM_PWM_Stop)
    HAL_TIM_PeriodElapsedCallback            0x080093a1   Thumb Code    34  main.o(.text.HAL_TIM_PeriodElapsedCallback)
    HAL_TIM_TriggerCallback                  0x080093c9   Thumb Code     8  stm32h7xx_hal_tim.o(.text.HAL_TIM_TriggerCallback)
    HAL_UARTEx_DisableFifoMode               0x080093d1   Thumb Code   124  stm32h7xx_hal_uart_ex.o(.text.HAL_UARTEx_DisableFifoMode)
    HAL_UARTEx_ReceiveToIdle_DMA             0x08009451   Thumb Code   176  stm32h7xx_hal_uart_ex.o(.text.HAL_UARTEx_ReceiveToIdle_DMA)
    HAL_UARTEx_RxEventCallback               0x08009501   Thumb Code    56  main.o(.text.HAL_UARTEx_RxEventCallback)
    HAL_UARTEx_RxFifoFullCallback            0x08009539   Thumb Code     8  stm32h7xx_hal_uart_ex.o(.text.HAL_UARTEx_RxFifoFullCallback)
    HAL_UARTEx_SetRxFifoThreshold            0x08009541   Thumb Code   140  stm32h7xx_hal_uart_ex.o(.text.HAL_UARTEx_SetRxFifoThreshold)
    HAL_UARTEx_SetTxFifoThreshold            0x080095d1   Thumb Code   140  stm32h7xx_hal_uart_ex.o(.text.HAL_UARTEx_SetTxFifoThreshold)
    HAL_UARTEx_TxFifoEmptyCallback           0x08009661   Thumb Code     8  stm32h7xx_hal_uart_ex.o(.text.HAL_UARTEx_TxFifoEmptyCallback)
    HAL_UARTEx_WakeupCallback                0x08009669   Thumb Code     8  stm32h7xx_hal_uart_ex.o(.text.HAL_UARTEx_WakeupCallback)
    HAL_UART_ErrorCallback                   0x08009671   Thumb Code     8  stm32h7xx_hal_uart.o(.text.HAL_UART_ErrorCallback)
    HAL_UART_IRQHandler                      0x08009679   Thumb Code  1790  stm32h7xx_hal_uart.o(.text.HAL_UART_IRQHandler)
    HAL_UART_Init                            0x08009d79   Thumb Code   170  stm32h7xx_hal_uart.o(.text.HAL_UART_Init)
    HAL_UART_MspInit                         0x08009e29   Thumb Code   432  usart.o(.text.HAL_UART_MspInit)
    HAL_UART_RxCpltCallback                  0x08009fd9   Thumb Code     8  stm32h7xx_hal_uart.o(.text.HAL_UART_RxCpltCallback)
    HAL_UART_RxHalfCpltCallback              0x08009fe1   Thumb Code     8  stm32h7xx_hal_uart.o(.text.HAL_UART_RxHalfCpltCallback)
    HAL_UART_Transmit_DMA                    0x08009fe9   Thumb Code   264  stm32h7xx_hal_uart.o(.text.HAL_UART_Transmit_DMA)
    HAL_UART_TxCpltCallback                  0x0800a0f1   Thumb Code    56  main.o(.text.HAL_UART_TxCpltCallback)
    HAL_UART_TxHalfCpltCallback              0x0800a129   Thumb Code     8  stm32h7xx_hal_uart.o(.text.HAL_UART_TxHalfCpltCallback)
    HardFault_Handler                        0x0800a131   Thumb Code     4  stm32h7xx_it.o(.text.HardFault_Handler)
    MX_DMA_Init                              0x0800a139   Thumb Code   358  dma.o(.text.MX_DMA_Init)
    MX_GPIO_Init                             0x0800a2a1   Thumb Code   264  gpio.o(.text.MX_GPIO_Init)
    MX_TIM1_Init                             0x0800a3a9   Thumb Code   282  tim.o(.text.MX_TIM1_Init)
    MX_TIM2_Init                             0x0800a4c9   Thumb Code   220  tim.o(.text.MX_TIM2_Init)
    MX_TIM3_Init                             0x0800a5a9   Thumb Code   252  tim.o(.text.MX_TIM3_Init)
    MX_TIM4_Init                             0x0800a6a9   Thumb Code   258  tim.o(.text.MX_TIM4_Init)
    MX_TIM5_Init                             0x0800a7b1   Thumb Code   134  tim.o(.text.MX_TIM5_Init)
    MX_TIM8_Init                             0x0800a839   Thumb Code   284  tim.o(.text.MX_TIM8_Init)
    MX_USART2_UART_Init                      0x0800a959   Thumb Code   148  usart.o(.text.MX_USART2_UART_Init)
    MemManage_Handler                        0x0800a9f1   Thumb Code     4  stm32h7xx_it.o(.text.MemManage_Handler)
    NMI_Handler                              0x0800a9f9   Thumb Code     4  stm32h7xx_it.o(.text.NMI_Handler)
    PendSV_Handler                           0x0800aa71   Thumb Code     2  stm32h7xx_it.o(.text.PendSV_Handler)
    SVC_Handler                              0x0800ae19   Thumb Code     2  stm32h7xx_it.o(.text.SVC_Handler)
    SysTick_Handler                          0x0800ae79   Thumb Code     8  stm32h7xx_it.o(.text.SysTick_Handler)
    SystemCoreClockUpdate                    0x0800ae81   Thumb Code   728  system_stm32h7xx.o(.text.SystemCoreClockUpdate)
    SystemInit                               0x0800b169   Thumb Code   358  system_stm32h7xx.o(.text.SystemInit)
    TIM5_IRQHandler                          0x0800b2d1   Thumb Code    16  stm32h7xx_it.o(.text.TIM5_IRQHandler)
    TIM8_TRG_COM_TIM14_IRQHandler            0x0800b2e1   Thumb Code    16  stm32h7xx_it.o(.text.TIM8_TRG_COM_TIM14_IRQHandler)
    TIM_Base_SetConfig                       0x0800b2f1   Thumb Code   452  stm32h7xx_hal_tim.o(.text.TIM_Base_SetConfig)
    TIM_CCxChannelCmd                        0x0800b4b9   Thumb Code    54  stm32h7xx_hal_tim.o(.text.TIM_CCxChannelCmd)
    TIM_DMACaptureCplt                       0x0800b4f1   Thumb Code   212  stm32h7xx_hal_tim.o(.text.TIM_DMACaptureCplt)
    TIM_DMACaptureHalfCplt                   0x0800b5c9   Thumb Code   116  stm32h7xx_hal_tim.o(.text.TIM_DMACaptureHalfCplt)
    TIM_DMAError                             0x0800b641   Thumb Code   154  stm32h7xx_hal_tim.o(.text.TIM_DMAError)
    TIM_ETR_SetConfig                        0x0800b6e1   Thumb Code    52  stm32h7xx_hal_tim.o(.text.TIM_ETR_SetConfig)
    TIM_OC2_SetConfig                        0x0800b899   Thumb Code   364  stm32h7xx_hal_tim.o(.text.TIM_OC2_SetConfig)
    TIM_TI1_SetConfig                        0x0800be51   Thumb Code   318  stm32h7xx_hal_tim.o(.text.TIM_TI1_SetConfig)
    UART_AdvFeatureConfig                    0x0800c1c1   Thumb Code   328  stm32h7xx_hal_uart.o(.text.UART_AdvFeatureConfig)
    UART_CheckIdleState                      0x0800c309   Thumb Code   326  stm32h7xx_hal_uart.o(.text.UART_CheckIdleState)
    UART_SetConfig                           0x0800c801   Thumb Code  2638  stm32h7xx_hal_uart.o(.text.UART_SetConfig)
    UART_Start_Receive_DMA                   0x0800d251   Thumb Code   302  stm32h7xx_hal_uart.o(.text.UART_Start_Receive_DMA)
    UART_WaitOnFlagUntilTimeout              0x0800d381   Thumb Code   268  stm32h7xx_hal_uart.o(.text.UART_WaitOnFlagUntilTimeout)
    USART2_IRQHandler                        0x0800d491   Thumb Code    16  stm32h7xx_it.o(.text.USART2_IRQHandler)
    UsageFault_Handler                       0x0800d4a1   Thumb Code     4  stm32h7xx_it.o(.text.UsageFault_Handler)
    SystemClock_Config()                     0x0800d4b9   Thumb Code   204  main.o(.text._Z18SystemClock_Configv)
    SerialProtocol::buildFrame(unsigned char*, unsigned char, unsigned char*) 0x0800d5e1   Thumb Code    94  serialprotocol.o(.text._ZN14SerialProtocol10buildFrameEPhhS0_)
    SerialProtocol::parseFrame(unsigned char*, unsigned short, unsigned char*, unsigned char*) 0x0800d641   Thumb Code   242  serialprotocol.o(.text._ZN14SerialProtocol10parseFrameEPhtS0_S0_)
    SerialProtocol::getInstance()            0x0800d739   Thumb Code    74  serialprotocol.o(.text._ZN14SerialProtocol11getInstanceEv)
    SerialProtocol::startSending()           0x0800d789   Thumb Code    20  serialprotocol.o(.text._ZN14SerialProtocol12startSendingEv)
    SerialProtocol::onUartReceive(unsigned char*, unsigned short) 0x0800d7a1   Thumb Code    72  serialprotocol.o(.text._ZN14SerialProtocol13onUartReceiveEPht)
    SerialProtocol::pushToSendQueue(unsigned char*) 0x0800d7e9   Thumb Code   104  serialprotocol.o(.text._ZN14SerialProtocol15pushToSendQueueEPh)
    SerialProtocol::sendOneAckFrame()        0x0800d851   Thumb Code    52  serialprotocol.o(.text._ZN14SerialProtocol15sendOneAckFrameEv)
    SerialProtocol::notifySendResult(unsigned char) 0x0800d889   Thumb Code    38  serialprotocol.o(.text._ZN14SerialProtocol16notifySendResultEh)
    SerialProtocol::onUartTxComplete()       0x0800d8b1   Thumb Code    16  serialprotocol.o(.text._ZN14SerialProtocol16onUartTxCompleteEv)
    SerialProtocol::popFromSendQueue(unsigned char*) 0x0800d8c1   Thumb Code   116  serialprotocol.o(.text._ZN14SerialProtocol16popFromSendQueueEPh)
    SerialProtocol::calculateChecksum(unsigned char*) 0x0800d939   Thumb Code    46  serialprotocol.o(.text._ZN14SerialProtocol17calculateChecksumEPh)
    SerialProtocol::onInfraredSendComplete(unsigned char) 0x0800d969   Thumb Code    52  serialprotocol.o(.text._ZN14SerialProtocol22onInfraredSendCompleteEh)
    SerialProtocol::init(__UART_HandleTypeDef*, IRManager*) 0x0800d9a1   Thumb Code    92  serialprotocol.o(.text._ZN14SerialProtocol4initEP20__UART_HandleTypeDefP9IRManager)
    SerialProtocol::process()                0x0800da01   Thumb Code   830  serialprotocol.o(.text._ZN14SerialProtocol7processEv)
    SerialProtocol::getTickMs()              0x0800dd41   Thumb Code    18  serialprotocol.o(.text._ZN14SerialProtocol9getTickMsEv)
    SerialProtocol::sendFrame(unsigned char*, unsigned char) 0x0800dd59   Thumb Code    76  serialprotocol.o(.text._ZN14SerialProtocol9sendFrameEPhh)
    SerialProtocol::SerialProtocol()         0x0800dda9   Thumb Code   160  serialprotocol.o(.text._ZN14SerialProtocolC2Ev)
    SerialProtocol::SerialProtocol__sub_object() 0x0800dda9   Thumb Code   160  serialprotocol.o(.text._ZN14SerialProtocolC2Ev)
    Serial1Protocol::getInstance()           0x0800de49   Thumb Code    74  serial1protocol.o(.text._ZN15Serial1Protocol11getInstanceEv)
    Serial1Protocol::Serial1Protocol()       0x0800de99   Thumb Code   160  serial1protocol.o(.text._ZN15Serial1ProtocolC2Ev)
    Serial1Protocol::Serial1Protocol__sub_object() 0x0800de99   Thumb Code   160  serial1protocol.o(.text._ZN15Serial1ProtocolC2Ev)
    IRManager::Clear_Data()                  0x0800df39   Thumb Code   180  module_ired.o(.text._ZN9IRManager10Clear_DataEv)
    IRManager::IR_SendBit(unsigned char)     0x0800dff1   Thumb Code   146  module_ired.o(.text._ZN9IRManager10IR_SendBitEh)
    IRManager::isDataSame(unsigned char*, unsigned char*) 0x0800e089   Thumb Code    28  module_ired.o(.text._ZN9IRManager10isDataSameEPhS0_)
    IRManager::IR_WriteByte(unsigned char)   0x0800e0a9   Thumb Code    78  module_ired.o(.text._ZN9IRManager12IR_WriteByteEh)
    IRManager::IR_SendLeader()               0x0800e0f9   Thumb Code    58  module_ired.o(.text._ZN9IRManager13IR_SendLeaderEv)
    IRManager::Ired_Type_Get()               0x0800e139   Thumb Code    70  module_ired.o(.text._ZN9IRManager13Ired_Type_GetEv)
    IRManager::handleNewData(unsigned char*) 0x0800e181   Thumb Code   388  module_ired.o(.text._ZN9IRManager13handleNewDataEPh)
    IRManager::Period_Measure_Init(TIM_HandleTypeDef*, unsigned int, unsigned int*) 0x0800e309   Thumb Code   132  module_ired.o(.text._ZN9IRManager19Period_Measure_InitEP17TIM_HandleTypeDefjPj)
    IRManager::Red_Ray_DATA_Procss(unsigned int*, HAL_TIM_ActiveChannel) 0x0800e391   Thumb Code  1624  module_ired.o(.text._ZN9IRManager19Red_Ray_DATA_ProcssEPj21HAL_TIM_ActiveChannel)
    IRManager::Enable_Capture_And_DMA()      0x0800e9f9   Thumb Code   598  module_ired.o(.text._ZN9IRManager22Enable_Capture_And_DMAEv)
    IRManager::ProcessCaptureCallback(TIM_HandleTypeDef*) 0x0800ec51   Thumb Code   708  module_ired.o(.text._ZN9IRManager22ProcessCaptureCallbackEP17TIM_HandleTypeDef)
    IRManager::storeToPendingAndCheck(unsigned char*) 0x0800ef19   Thumb Code    30  module_ired.o(.text._ZN9IRManager22storeToPendingAndCheckEPh)
    IRManager::Disable_Capture_And_DMA()     0x0800ef39   Thumb Code   254  module_ired.o(.text._ZN9IRManager23Disable_Capture_And_DMAEv)
    IRManager::init(TIM_HandleTypeDef*, TIM_HandleTypeDef*, TIM_HandleTypeDef*, TIM_HandleTypeDef*, TIM_HandleTypeDef*) 0x0800f039   Thumb Code   302  module_ired.o(.text._ZN9IRManager4initEP17TIM_HandleTypeDefS1_S1_S1_S1_)
    IRManager::IR_Send(unsigned char*, unsigned char) 0x0800f169   Thumb Code   226  module_ired.o(.text._ZN9IRManager7IR_SendEPhh)
    IRManager::process()                     0x0800f251   Thumb Code  1190  module_ired.o(.text._ZN9IRManager7processEv)
    IRManager::IRManager(unsigned char)      0x0800f6f9   Thumb Code   556  module_ired.o(.text._ZN9IRManagerC2Eh)
    IRManager::IRManager__sub_object(unsigned char) 0x0800f6f9   Thumb Code   556  module_ired.o(.text._ZN9IRManagerC2Eh)
    TimeStamp::getInstance()                 0x0800f929   Thumb Code    74  bsp_timestamp.o(.text._ZN9TimeStamp11getInstanceEv)
    TimeStamp::overflowCallback()            0x0800f979   Thumb Code    80  bsp_timestamp.o(.text._ZN9TimeStamp16overflowCallbackEv)
    TimeStamp::init(TIM_HandleTypeDef*)      0x0800f9c9   Thumb Code    52  bsp_timestamp.o(.text._ZN9TimeStamp4initEP17TIM_HandleTypeDef)
    TimeStamp::TimeStamp()                   0x0800fa01   Thumb Code    10  bsp_timestamp.o(.text._ZN9TimeStampC2Ev)
    TimeStamp::TimeStamp__sub_object()       0x0800fa01   Thumb Code    10  bsp_timestamp.o(.text._ZN9TimeStampC2Ev)
    TimeStamp::getMicroseconds() const       0x0800fa11   Thumb Code   186  bsp_timestamp.o(.text._ZNK9TimeStamp15getMicrosecondsEv)
    TimeStamp::getMilliseconds() const       0x0800fad1   Thumb Code    26  bsp_timestamp.o(.text._ZNK9TimeStamp15getMillisecondsEv)
    delay_us                                 0x0800fc39   Thumb Code    76  main.o(.text.delay_us)
    main                                     0x0800fc89   Thumb Code   214  main.o(.text.main)
    __cxa_guard_acquire                      0x0800fd5f   Thumb Code    44  cxa_guard.cpp.o(.text.unlikely.__cxa_guard_acquire)
    __cxa_guard_release                      0x0800fd8b   Thumb Code     8  cxa_guard.cpp.o(.text.unlikely.__cxa_guard_release)
    abort_message                            0x0800fd93   Thumb Code     4  abort_message.cpp.o(.text.unlikely.abort_message)
    _fp_init                                 0x0800fd97   Thumb Code    26  fpinit.o(x$fpl$fpinit)
    __fplib_config_fpu_vfp                   0x0800fdaf   Thumb Code     0  fpinit.o(x$fpl$fpinit)
    __fplib_config_pureend_doubles           0x0800fdaf   Thumb Code     0  fpinit.o(x$fpl$fpinit)
    D1CorePrescTable                         0x0800fdb0   Data          16  system_stm32h7xx.o(.rodata.D1CorePrescTable)
    UARTPrescTable                           0x0800fdd8   Data          24  stm32h7xx_hal_uart.o(.rodata.UARTPrescTable)
    Region$$Table$$Base                      0x0800fe84   Number         0  anon$$obj.o(Region$$Table)
    Region$$Table$$Limit                     0x0800fea4   Number         0  anon$$obj.o(Region$$Table)
    SHT$$INIT_ARRAY$$Base                    0x0800fea4   Number         0  main.o(.init_array)
    SHT$$INIT_ARRAY$$Limit                   0x0800fea8   Number         0  init_aeabi.o(.init_array)
    SystemCoreClock                          0x24000000   Data           4  system_stm32h7xx.o(.data.SystemCoreClock)
    SystemD2Clock                            0x24000004   Data           4  system_stm32h7xx.o(.data.SystemD2Clock)
    uwTickFreq                               0x24000008   Data           1  stm32h7xx_hal.o(.data.uwTickFreq)
    uwTickPrio                               0x2400000c   Data           4  stm32h7xx_hal.o(.data.uwTickPrio)
    __libspace_start                         0x24000010   Data          96  libspace.o(.bss)
    __temporary_stack_top$libspace           0x24000070   Data           0  libspace.o(.bss)
    TimeStamp::s_overflow_count_             0x24000080   Data           8  bsp_timestamp.o(.bss._ZN9TimeStamp17s_overflow_count_E)
    TimeStamp::s_htim_                       0x24000088   Data           4  bsp_timestamp.o(.bss._ZN9TimeStamp7s_htim_E)
    g_irManager                              0x240001f0   Data        4352  main.o(.bss.g_irManager)
    g_serialProto                            0x240012f0   Data           4  main.o(.bss.g_serialProto)
    g_serialProto1                           0x240012f4   Data           4  main.o(.bss.g_serialProto1)
    hdma_tim1_ch1                            0x240012f8   Data         120  tim.o(.bss.hdma_tim1_ch1)
    hdma_tim1_ch2                            0x24001370   Data         120  tim.o(.bss.hdma_tim1_ch2)
    hdma_tim1_ch3                            0x240013e8   Data         120  tim.o(.bss.hdma_tim1_ch3)
    hdma_tim1_ch4                            0x24001460   Data         120  tim.o(.bss.hdma_tim1_ch4)
    hdma_tim3_ch1                            0x240014d8   Data         120  tim.o(.bss.hdma_tim3_ch1)
    hdma_tim3_ch2                            0x24001550   Data         120  tim.o(.bss.hdma_tim3_ch2)
    hdma_tim3_ch3                            0x240015c8   Data         120  tim.o(.bss.hdma_tim3_ch3)
    hdma_tim4_ch1                            0x24001640   Data         120  tim.o(.bss.hdma_tim4_ch1)
    hdma_tim4_ch2                            0x240016b8   Data         120  tim.o(.bss.hdma_tim4_ch2)
    hdma_tim4_ch3                            0x24001730   Data         120  tim.o(.bss.hdma_tim4_ch3)
    hdma_tim8_ch1                            0x240017a8   Data         120  tim.o(.bss.hdma_tim8_ch1)
    hdma_tim8_ch2                            0x24001820   Data         120  tim.o(.bss.hdma_tim8_ch2)
    hdma_tim8_ch3                            0x24001898   Data         120  tim.o(.bss.hdma_tim8_ch3)
    hdma_tim8_ch4                            0x24001910   Data         120  tim.o(.bss.hdma_tim8_ch4)
    hdma_usart2_rx                           0x24001988   Data         120  usart.o(.bss.hdma_usart2_rx)
    hdma_usart2_tx                           0x24001a00   Data         120  usart.o(.bss.hdma_usart2_tx)
    htim1                                    0x24001a78   Data          76  tim.o(.bss.htim1)
    htim2                                    0x24001ac4   Data          76  tim.o(.bss.htim2)
    htim3                                    0x24001b10   Data          76  tim.o(.bss.htim3)
    htim4                                    0x24001b5c   Data          76  tim.o(.bss.htim4)
    htim5                                    0x24001ba8   Data          76  tim.o(.bss.htim5)
    htim8                                    0x24001bf4   Data          76  tim.o(.bss.htim8)
    huart2                                   0x24001c40   Data         148  usart.o(.bss.huart2)
    step1                                    0x24001cd4   Data           2  module_ired.o(.bss.step1)
    step2                                    0x24001cd6   Data           2  module_ired.o(.bss.step2)
    step3                                    0x24001cd8   Data           2  module_ired.o(.bss.step3)
    step4                                    0x24001cda   Data           2  module_ired.o(.bss.step4)
    step5                                    0x24001cdc   Data           2  module_ired.o(.bss.step5)
    uart2_data_rec                           0x24001cde   Data          30  main.o(.bss.uart2_data_rec)
    uart2_data_snd                           0x24001cfc   Data          30  main.o(.bss.uart2_data_snd)
    uart_tx_complete                         0x24001d1a   Data           1  main.o(.bss.uart_tx_complete)
    uwTick                                   0x24001d1c   Data           4  stm32h7xx_hal.o(.bss.uwTick)



==============================================================================

Memory Map of the image

  Image Entry point : 0x080002cd

  Load Region LR_IROM1 (Base: 0x08000000, Size: 0x0000feb8, Max: 0x00100000, ABSOLUTE)

    Execution Region ER_IROM1 (Exec base: 0x08000000, Load base: 0x08000000, Size: 0x0000fea8, Max: 0x00100000, ABSOLUTE)

    Exec Addr    Load Addr    Size         Type   Attr      Idx    E Section Name        Object

    0x08000000   0x08000000   0x000002cc   Data   RO            3    RESET               startup_stm32h723xx.o
    0x080002cc   0x080002cc   0x00000008   Code   RO         1895  * !!!main             c_w.l(__main.o)
    0x080002d4   0x080002d4   0x0000005c   Code   RO         2104    !!!scatter          c_w.l(__scatter.o)
    0x08000330   0x08000330   0x0000001a   Code   RO         2108    !!handler_copy      c_w.l(__scatter_copy.o)
    0x0800034a   0x0800034a   0x00000002   PAD
    0x0800034c   0x0800034c   0x00000002   Code   RO         2105    !!handler_null      c_w.l(__scatter.o)
    0x0800034e   0x0800034e   0x00000002   PAD
    0x08000350   0x08000350   0x0000001c   Code   RO         2110    !!handler_zi        c_w.l(__scatter_zi.o)
    0x0800036c   0x0800036c   0x00000002   Code   RO         2025    .ARM.Collect$$libinit$$00000000  c_w.l(libinit.o)
    0x0800036e   0x0800036e   0x00000004   Code   RO         1921    .ARM.Collect$$libinit$$00000001  c_w.l(libinit2.o)
    0x08000372   0x08000372   0x00000000   Code   RO         1924    .ARM.Collect$$libinit$$00000004  c_w.l(libinit2.o)
    0x08000372   0x08000372   0x00000000   Code   RO         1926    .ARM.Collect$$libinit$$00000006  c_w.l(libinit2.o)
    0x08000372   0x08000372   0x00000000   Code   RO         1929    .ARM.Collect$$libinit$$0000000C  c_w.l(libinit2.o)
    0x08000372   0x08000372   0x00000000   Code   RO         1931    .ARM.Collect$$libinit$$0000000E  c_w.l(libinit2.o)
    0x08000372   0x08000372   0x00000000   Code   RO         1933    .ARM.Collect$$libinit$$00000010  c_w.l(libinit2.o)
    0x08000372   0x08000372   0x00000000   Code   RO         1936    .ARM.Collect$$libinit$$00000013  c_w.l(libinit2.o)
    0x08000372   0x08000372   0x00000000   Code   RO         1938    .ARM.Collect$$libinit$$00000015  c_w.l(libinit2.o)
    0x08000372   0x08000372   0x00000000   Code   RO         1940    .ARM.Collect$$libinit$$00000017  c_w.l(libinit2.o)
    0x08000372   0x08000372   0x00000000   Code   RO         1942    .ARM.Collect$$libinit$$00000019  c_w.l(libinit2.o)
    0x08000372   0x08000372   0x00000000   Code   RO         1944    .ARM.Collect$$libinit$$0000001B  c_w.l(libinit2.o)
    0x08000372   0x08000372   0x00000000   Code   RO         1946    .ARM.Collect$$libinit$$0000001D  c_w.l(libinit2.o)
    0x08000372   0x08000372   0x00000000   Code   RO         1948    .ARM.Collect$$libinit$$0000001F  c_w.l(libinit2.o)
    0x08000372   0x08000372   0x00000000   Code   RO         1950    .ARM.Collect$$libinit$$00000021  c_w.l(libinit2.o)
    0x08000372   0x08000372   0x00000000   Code   RO         1952    .ARM.Collect$$libinit$$00000023  c_w.l(libinit2.o)
    0x08000372   0x08000372   0x00000000   Code   RO         1954    .ARM.Collect$$libinit$$00000025  c_w.l(libinit2.o)
    0x08000372   0x08000372   0x00000000   Code   RO         1956    .ARM.Collect$$libinit$$00000027  c_w.l(libinit2.o)
    0x08000372   0x08000372   0x00000000   Code   RO         1960    .ARM.Collect$$libinit$$0000002E  c_w.l(libinit2.o)
    0x08000372   0x08000372   0x00000000   Code   RO         1962    .ARM.Collect$$libinit$$00000030  c_w.l(libinit2.o)
    0x08000372   0x08000372   0x00000000   Code   RO         1964    .ARM.Collect$$libinit$$00000032  c_w.l(libinit2.o)
    0x08000372   0x08000372   0x00000004   Code   RO         1965    .ARM.Collect$$libinit$$00000033  c_w.l(libinit2.o)
    0x08000376   0x08000376   0x00000000   Code   RO         1966    .ARM.Collect$$libinit$$00000034  c_w.l(libinit2.o)
    0x08000376   0x08000376   0x00000002   Code   RO         1967    .ARM.Collect$$libinit$$00000035  c_w.l(libinit2.o)
    0x08000378   0x08000378   0x00000002   Code   RO         2073    .ARM.Collect$$libshutdown$$00000000  c_w.l(libshutdown.o)
    0x0800037a   0x0800037a   0x00000000   Code   RO         2087    .ARM.Collect$$libshutdown$$00000002  c_w.l(libshutdown2.o)
    0x0800037a   0x0800037a   0x00000000   Code   RO         2089    .ARM.Collect$$libshutdown$$00000004  c_w.l(libshutdown2.o)
    0x0800037a   0x0800037a   0x00000000   Code   RO         2092    .ARM.Collect$$libshutdown$$00000007  c_w.l(libshutdown2.o)
    0x0800037a   0x0800037a   0x00000000   Code   RO         2095    .ARM.Collect$$libshutdown$$0000000A  c_w.l(libshutdown2.o)
    0x0800037a   0x0800037a   0x00000000   Code   RO         2097    .ARM.Collect$$libshutdown$$0000000C  c_w.l(libshutdown2.o)
    0x0800037a   0x0800037a   0x00000000   Code   RO         2100    .ARM.Collect$$libshutdown$$0000000F  c_w.l(libshutdown2.o)
    0x0800037a   0x0800037a   0x00000002   Code   RO         2101    .ARM.Collect$$libshutdown$$00000010  c_w.l(libshutdown2.o)
    0x0800037c   0x0800037c   0x00000000   Code   RO         1914    .ARM.Collect$$rtentry$$00000000  c_w.l(__rtentry.o)
    0x0800037c   0x0800037c   0x00000000   Code   RO         1978    .ARM.Collect$$rtentry$$00000002  c_w.l(__rtentry2.o)
    0x0800037c   0x0800037c   0x00000006   Code   RO         1990    .ARM.Collect$$rtentry$$00000004  c_w.l(__rtentry4.o)
    0x08000382   0x08000382   0x00000000   Code   RO         1980    .ARM.Collect$$rtentry$$00000009  c_w.l(__rtentry2.o)
    0x08000382   0x08000382   0x00000004   Code   RO         1981    .ARM.Collect$$rtentry$$0000000A  c_w.l(__rtentry2.o)
    0x08000386   0x08000386   0x00000000   Code   RO         1983    .ARM.Collect$$rtentry$$0000000C  c_w.l(__rtentry2.o)
    0x08000386   0x08000386   0x00000008   Code   RO         1984    .ARM.Collect$$rtentry$$0000000D  c_w.l(__rtentry2.o)
    0x0800038e   0x0800038e   0x00000002   Code   RO         2036    .ARM.Collect$$rtexit$$00000000  c_w.l(rtexit.o)
    0x08000390   0x08000390   0x00000000   Code   RO         2053    .ARM.Collect$$rtexit$$00000002  c_w.l(rtexit2.o)
    0x08000390   0x08000390   0x00000004   Code   RO         2054    .ARM.Collect$$rtexit$$00000003  c_w.l(rtexit2.o)
    0x08000394   0x08000394   0x00000006   Code   RO         2055    .ARM.Collect$$rtexit$$00000004  c_w.l(rtexit2.o)
    0x0800039a   0x0800039a   0x00000002   PAD
    0x0800039c   0x0800039c   0x00000048   Code   RO            4    .text               startup_stm32h723xx.o
    0x080003e4   0x080003e4   0x000000f0   Code   RO         1883    .text               c_w.l(lludivv7m.o)
    0x080004d4   0x080004d4   0x00000058   Code   RO         1885    .text               c_w.l(memcmp.o)
    0x0800052c   0x0800052c   0x0000008a   Code   RO         1887    .text               c_w.l(rt_memcpy_v6.o)
    0x080005b6   0x080005b6   0x00000044   Code   RO         1889    .text               c_w.l(rt_memclr.o)
    0x080005fa   0x080005fa   0x0000004e   Code   RO         1891    .text               c_w.l(rt_memclr_w.o)
    0x08000648   0x08000648   0x00000006   Code   RO         1893    .text               c_w.l(heapauxi.o)
    0x0800064e   0x0800064e   0x00000002   PAD
    0x08000650   0x08000650   0x0000002c   Code   RO         1900    .text               c_w.l(init_aeabi.o)
    0x0800067c   0x0800067c   0x00000064   Code   RO         1919    .text               c_w.l(rt_memcpy_w.o)
    0x080006e0   0x080006e0   0x00000016   Code   RO         1994    .text               c_w.l(abort.o)
    0x080006f6   0x080006f6   0x00000002   PAD
    0x080006f8   0x080006f8   0x0000000c   Code   RO         2000    .text               c_w.l(sys_exit.o)
    0x08000704   0x08000704   0x0000004a   Code   RO         2004    .text               c_w.l(sys_stackheap_outer.o)
    0x0800074e   0x0800074e   0x00000012   Code   RO         2006    .text               c_w.l(exit.o)
    0x08000760   0x08000760   0x0000000e   Code   RO         2008    .text               c_w.l(defsig_abrt_outer.o)
    0x0800076e   0x0800076e   0x00000002   PAD
    0x08000770   0x08000770   0x00000008   Code   RO         2030    .text               c_w.l(libspace.o)
    0x08000778   0x08000778   0x00000002   Code   RO         2033    .text               c_w.l(use_no_semi.o)
    0x0800077a   0x0800077a   0x00000000   Code   RO         2035    .text               c_w.l(indicate_semi.o)
    0x0800077a   0x0800077a   0x0000000a   Code   RO         2042    .text               c_w.l(defsig_exit.o)
    0x08000784   0x08000784   0x00000030   Code   RO         2044    .text               c_w.l(defsig_abrt_inner.o)
    0x080007b4   0x080007b4   0x00000032   Code   RO         2061    .text               c_w.l(defsig_general.o)
    0x080007e6   0x080007e6   0x0000000e   Code   RO         2065    .text               c_w.l(sys_wrch.o)
    0x080007f4   0x080007f4   0x00000004   PAD
    0x080007f8   0x080007f8   0x00000004   Code   RO          158    .text.BusFault_Handler  stm32h7xx_it.o
    0x080007fc   0x080007fc   0x00000004   PAD
    0x08000800   0x08000800   0x00000010   Code   RO          170    .text.DMA1_Stream0_IRQHandler  stm32h7xx_it.o
    0x08000810   0x08000810   0x00000010   Code   RO          172    .text.DMA1_Stream1_IRQHandler  stm32h7xx_it.o
    0x08000820   0x08000820   0x00000010   Code   RO          174    .text.DMA1_Stream2_IRQHandler  stm32h7xx_it.o
    0x08000830   0x08000830   0x00000010   Code   RO          176    .text.DMA1_Stream3_IRQHandler  stm32h7xx_it.o
    0x08000840   0x08000840   0x00000010   Code   RO          178    .text.DMA1_Stream4_IRQHandler  stm32h7xx_it.o
    0x08000850   0x08000850   0x00000010   Code   RO          180    .text.DMA1_Stream5_IRQHandler  stm32h7xx_it.o
    0x08000860   0x08000860   0x00000010   Code   RO          182    .text.DMA1_Stream6_IRQHandler  stm32h7xx_it.o
    0x08000870   0x08000870   0x00000010   Code   RO          188    .text.DMA1_Stream7_IRQHandler  stm32h7xx_it.o
    0x08000880   0x08000880   0x00000010   Code   RO          192    .text.DMA2_Stream0_IRQHandler  stm32h7xx_it.o
    0x08000890   0x08000890   0x00000010   Code   RO          194    .text.DMA2_Stream1_IRQHandler  stm32h7xx_it.o
    0x080008a0   0x080008a0   0x00000010   Code   RO          196    .text.DMA2_Stream2_IRQHandler  stm32h7xx_it.o
    0x080008b0   0x080008b0   0x00000010   Code   RO          198    .text.DMA2_Stream3_IRQHandler  stm32h7xx_it.o
    0x080008c0   0x080008c0   0x00000010   Code   RO          200    .text.DMA2_Stream4_IRQHandler  stm32h7xx_it.o
    0x080008d0   0x080008d0   0x00000010   Code   RO          202    .text.DMA2_Stream5_IRQHandler  stm32h7xx_it.o
    0x080008e0   0x080008e0   0x00000010   Code   RO          204    .text.DMA2_Stream6_IRQHandler  stm32h7xx_it.o
    0x080008f0   0x080008f0   0x00000010   Code   RO          206    .text.DMA2_Stream7_IRQHandler  stm32h7xx_it.o
    0x08000900   0x08000900   0x000001ca   Code   RO          557    .text.DMA_CalcBaseAndBitshift  stm32h7xx_hal_dma.o
    0x08000aca   0x08000aca   0x00000006   PAD
    0x08000ad0   0x08000ad0   0x00000178   Code   RO          559    .text.DMA_CalcDMAMUXChannelBaseAndMask  stm32h7xx_hal_dma.o
    0x08000c48   0x08000c48   0x0000012a   Code   RO          561    .text.DMA_CalcDMAMUXRequestGenBaseAndMask  stm32h7xx_hal_dma.o
    0x08000d72   0x08000d72   0x00000006   PAD
    0x08000d78   0x08000d78   0x000000f0   Code   RO          555    .text.DMA_CheckFifoParam  stm32h7xx_hal_dma.o
    0x08000e68   0x08000e68   0x00000514   Code   RO          567    .text.DMA_SetConfig  stm32h7xx_hal_dma.o
    0x0800137c   0x0800137c   0x00000004   PAD
    0x08001380   0x08001380   0x00000022   Code   RO           33    .text.DWT_Init      main.o
    0x080013a2   0x080013a2   0x00000006   PAD
    0x080013a8   0x080013a8   0x00000002   Code   RO          164    .text.DebugMon_Handler  stm32h7xx_it.o
    0x080013aa   0x080013aa   0x00000006   PAD
    0x080013b0   0x080013b0   0x0000000e   Code   RO           29    .text.Error_Handler  main.o
    0x080013be   0x080013be   0x00000002   PAD
    0x080013c0   0x080013c0   0x00000028   Code   RO         1673    .text.ExitRun0Mode  system_stm32h7xx.o
    0x080013e8   0x080013e8   0x00000978   Code   RO          571    .text.HAL_DMA_Abort  stm32h7xx_hal_dma.o
    0x08001d60   0x08001d60   0x000006aa   Code   RO          573    .text.HAL_DMA_Abort_IT  stm32h7xx_hal_dma.o
    0x0800240a   0x0800240a   0x00000006   PAD
    0x08002410   0x08002410   0x000011c0   Code   RO          577    .text.HAL_DMA_IRQHandler  stm32h7xx_hal_dma.o
    0x080035d0   0x080035d0   0x00000960   Code   RO          553    .text.HAL_DMA_Init  stm32h7xx_hal_dma.o
    0x08003f30   0x08003f30   0x00000702   Code   RO          569    .text.HAL_DMA_Start_IT  stm32h7xx_hal_dma.o
    0x08004632   0x08004632   0x00000006   PAD
    0x08004638   0x08004638   0x000003a8   Code   RO          501    .text.HAL_GPIO_Init  stm32h7xx_hal_gpio.o
    0x080049e0   0x080049e0   0x0000000c   Code   RO          805    .text.HAL_GetTick   stm32h7xx_hal.o
    0x080049ec   0x080049ec   0x00000004   PAD
    0x080049f0   0x080049f0   0x0000001a   Code   RO          803    .text.HAL_IncTick   stm32h7xx_hal.o
    0x08004a0a   0x08004a0a   0x00000006   PAD
    0x08004a10   0x08004a10   0x0000007a   Code   RO          793    .text.HAL_Init      stm32h7xx_hal.o
    0x08004a8a   0x08004a8a   0x00000006   PAD
    0x08004a90   0x08004a90   0x00000086   Code   RO          795    .text.HAL_InitTick  stm32h7xx_hal.o
    0x08004b16   0x08004b16   0x00000002   PAD
    0x08004b18   0x08004b18   0x00000080   Code   RO          259    .text.HAL_MPU_ConfigRegion  stm32h7xx_hal_cortex.o
    0x08004b98   0x08004b98   0x00000022   Code   RO          251    .text.HAL_MPU_Disable  stm32h7xx_hal_cortex.o
    0x08004bba   0x08004bba   0x00000006   PAD
    0x08004bc0   0x08004bc0   0x00000030   Code   RO          253    .text.HAL_MPU_Enable  stm32h7xx_hal_cortex.o
    0x08004bf0   0x08004bf0   0x00000024   Code   RO          215    .text.HAL_MspInit   stm32h7xx_hal_msp.o
    0x08004c14   0x08004c14   0x00000004   PAD
    0x08004c18   0x08004c18   0x00000014   Code   RO          239    .text.HAL_NVIC_DisableIRQ  stm32h7xx_hal_cortex.o
    0x08004c2c   0x08004c2c   0x00000004   PAD
    0x08004c30   0x08004c30   0x00000014   Code   RO          235    .text.HAL_NVIC_EnableIRQ  stm32h7xx_hal_cortex.o
    0x08004c44   0x08004c44   0x00000004   PAD
    0x08004c48   0x08004c48   0x0000002e   Code   RO          227    .text.HAL_NVIC_SetPriority  stm32h7xx_hal_cortex.o
    0x08004c76   0x08004c76   0x00000002   PAD
    0x08004c78   0x08004c78   0x00000010   Code   RO          223    .text.HAL_NVIC_SetPriorityGrouping  stm32h7xx_hal_cortex.o
    0x08004c88   0x08004c88   0x000000a2   Code   RO          710    .text.HAL_PWREx_ConfigSupply  stm32h7xx_hal_pwr_ex.o
    0x08004d2a   0x08004d2a   0x00000006   PAD
    0x08004d30   0x08004d30   0x00000026   Code   RO          351    .text.HAL_RCCEx_GetD3PCLK1Freq  stm32h7xx_hal_rcc_ex.o
    0x08004d56   0x08004d56   0x00000002   PAD
    0x08004d58   0x08004d58   0x00000298   Code   RO          347    .text.HAL_RCCEx_GetPLL2ClockFreq  stm32h7xx_hal_rcc_ex.o
    0x08004ff0   0x08004ff0   0x00000298   Code   RO          349    .text.HAL_RCCEx_GetPLL3ClockFreq  stm32h7xx_hal_rcc_ex.o
    0x08005288   0x08005288   0x00000fec   Code   RO          335    .text.HAL_RCCEx_PeriphCLKConfig  stm32h7xx_hal_rcc_ex.o
    0x08006274   0x08006274   0x00000004   PAD
    0x08006278   0x08006278   0x00000498   Code   RO          304    .text.HAL_RCC_ClockConfig  stm32h7xx_hal_rcc.o
    0x08006710   0x08006710   0x00000056   Code   RO          314    .text.HAL_RCC_GetHCLKFreq  stm32h7xx_hal_rcc.o
    0x08006766   0x08006766   0x00000002   PAD
    0x08006768   0x08006768   0x00000026   Code   RO          316    .text.HAL_RCC_GetPCLK1Freq  stm32h7xx_hal_rcc.o
    0x0800678e   0x0800678e   0x00000002   PAD
    0x08006790   0x08006790   0x00000026   Code   RO          318    .text.HAL_RCC_GetPCLK2Freq  stm32h7xx_hal_rcc.o
    0x080067b6   0x080067b6   0x00000002   PAD
    0x080067b8   0x080067b8   0x000002fc   Code   RO          306    .text.HAL_RCC_GetSysClockFreq  stm32h7xx_hal_rcc.o
    0x08006ab4   0x08006ab4   0x00000004   PAD
    0x08006ab8   0x08006ab8   0x00000a20   Code   RO          302    .text.HAL_RCC_OscConfig  stm32h7xx_hal_rcc.o
    0x080074d8   0x080074d8   0x00000010   Code   RO          247    .text.HAL_SYSTICK_Config  stm32h7xx_hal_cortex.o
    0x080074e8   0x080074e8   0x00000008   Code   RO         1463    .text.HAL_TIMEx_Break2Callback  stm32h7xx_hal_tim_ex.o
    0x080074f0   0x080074f0   0x00000008   Code   RO         1461    .text.HAL_TIMEx_BreakCallback  stm32h7xx_hal_tim_ex.o
    0x080074f8   0x080074f8   0x00000008   Code   RO         1457    .text.HAL_TIMEx_CommutCallback  stm32h7xx_hal_tim_ex.o
    0x08007500   0x08007500   0x0000017c   Code   RO         1441    .text.HAL_TIMEx_MasterConfigSynchronization  stm32h7xx_hal_tim_ex.o
    0x0800767c   0x0800767c   0x00000004   PAD
    0x08007680   0x08007680   0x000000a8   Code   RO         1124    .text.HAL_TIM_Base_Init  stm32h7xx_hal_tim.o
    0x08007728   0x08007728   0x000007f0   Code   RO          105    .text.HAL_TIM_Base_MspInit  tim.o
    0x08007f18   0x08007f18   0x00000128   Code   RO         1138    .text.HAL_TIM_Base_Start_IT  stm32h7xx_hal_tim.o
    0x08008040   0x08008040   0x000001d0   Code   RO         1320    .text.HAL_TIM_ConfigClockSource  stm32h7xx_hal_tim.o
    0x08008210   0x08008210   0x00000008   Code   RO         1346    .text.HAL_TIM_ErrorCallback  stm32h7xx_hal_tim.o
    0x08008218   0x08008218   0x00000018   Code   RO           35    .text.HAL_TIM_IC_CaptureCallback  main.o
    0x08008230   0x08008230   0x00000008   Code   RO         1340    .text.HAL_TIM_IC_CaptureHalfCpltCallback  stm32h7xx_hal_tim.o
    0x08008238   0x08008238   0x00000130   Code   RO         1284    .text.HAL_TIM_IC_ConfigChannel  stm32h7xx_hal_tim.o
    0x08008368   0x08008368   0x000000a8   Code   RO         1198    .text.HAL_TIM_IC_Init  stm32h7xx_hal_tim.o
    0x08008410   0x08008410   0x00000008   Code   RO         1200    .text.HAL_TIM_IC_MspInit  stm32h7xx_hal_tim.o
    0x08008418   0x08008418   0x00000490   Code   RO         1214    .text.HAL_TIM_IC_Start_DMA  stm32h7xx_hal_tim.o
    0x080088a8   0x080088a8   0x000001ae   Code   RO         1220    .text.HAL_TIM_IC_Stop_DMA  stm32h7xx_hal_tim.o
    0x08008a56   0x08008a56   0x00000002   PAD
    0x08008a58   0x08008a58   0x00000250   Code   RO         1258    .text.HAL_TIM_IRQHandler  stm32h7xx_hal_tim.o
    0x08008ca8   0x08008ca8   0x00000060   Code   RO           95    .text.HAL_TIM_MspPostInit  tim.o
    0x08008d08   0x08008d08   0x00000008   Code   RO         1262    .text.HAL_TIM_OC_DelayElapsedCallback  stm32h7xx_hal_tim.o
    0x08008d10   0x08008d10   0x000001b0   Code   RO         1294    .text.HAL_TIM_PWM_ConfigChannel  stm32h7xx_hal_tim.o
    0x08008ec0   0x08008ec0   0x000000a8   Code   RO         1178    .text.HAL_TIM_PWM_Init  stm32h7xx_hal_tim.o
    0x08008f68   0x08008f68   0x00000008   Code   RO         1180    .text.HAL_TIM_PWM_MspInit  stm32h7xx_hal_tim.o
    0x08008f70   0x08008f70   0x00000008   Code   RO         1264    .text.HAL_TIM_PWM_PulseFinishedCallback  stm32h7xx_hal_tim.o
    0x08008f78   0x08008f78   0x000002a2   Code   RO         1186    .text.HAL_TIM_PWM_Start  stm32h7xx_hal_tim.o
    0x0800921a   0x0800921a   0x00000006   PAD
    0x08009220   0x08009220   0x0000017c   Code   RO         1188    .text.HAL_TIM_PWM_Stop  stm32h7xx_hal_tim.o
    0x0800939c   0x0800939c   0x00000004   PAD
    0x080093a0   0x080093a0   0x00000022   Code   RO           37    .text.HAL_TIM_PeriodElapsedCallback  main.o
    0x080093c2   0x080093c2   0x00000006   PAD
    0x080093c8   0x080093c8   0x00000008   Code   RO         1268    .text.HAL_TIM_TriggerCallback  stm32h7xx_hal_tim.o
    0x080093d0   0x080093d0   0x0000007c   Code   RO         1646    .text.HAL_UARTEx_DisableFifoMode  stm32h7xx_hal_uart_ex.o
    0x0800944c   0x0800944c   0x00000004   PAD
    0x08009450   0x08009450   0x000000b0   Code   RO         1656    .text.HAL_UARTEx_ReceiveToIdle_DMA  stm32h7xx_hal_uart_ex.o
    0x08009500   0x08009500   0x00000038   Code   RO           39    .text.HAL_UARTEx_RxEventCallback  main.o
    0x08009538   0x08009538   0x00000008   Code   RO         1628    .text.HAL_UARTEx_RxFifoFullCallback  stm32h7xx_hal_uart_ex.o
    0x08009540   0x08009540   0x0000008c   Code   RO         1650    .text.HAL_UARTEx_SetRxFifoThreshold  stm32h7xx_hal_uart_ex.o
    0x080095cc   0x080095cc   0x00000004   PAD
    0x080095d0   0x080095d0   0x0000008c   Code   RO         1648    .text.HAL_UARTEx_SetTxFifoThreshold  stm32h7xx_hal_uart_ex.o
    0x0800965c   0x0800965c   0x00000004   PAD
    0x08009660   0x08009660   0x00000008   Code   RO         1630    .text.HAL_UARTEx_TxFifoEmptyCallback  stm32h7xx_hal_uart_ex.o
    0x08009668   0x08009668   0x00000008   Code   RO         1626    .text.HAL_UARTEx_WakeupCallback  stm32h7xx_hal_uart_ex.o
    0x08009670   0x08009670   0x00000008   Code   RO         1568    .text.HAL_UART_ErrorCallback  stm32h7xx_hal_uart.o
    0x08009678   0x08009678   0x000006fe   Code   RO         1564    .text.HAL_UART_IRQHandler  stm32h7xx_hal_uart.o
    0x08009d76   0x08009d76   0x00000002   PAD
    0x08009d78   0x08009d78   0x000000aa   Code   RO         1476    .text.HAL_UART_Init  stm32h7xx_hal_uart.o
    0x08009e22   0x08009e22   0x00000006   PAD
    0x08009e28   0x08009e28   0x000001b0   Code   RO          138    .text.HAL_UART_MspInit  usart.o
    0x08009fd8   0x08009fd8   0x00000008   Code   RO         1578    .text.HAL_UART_RxCpltCallback  stm32h7xx_hal_uart.o
    0x08009fe0   0x08009fe0   0x00000008   Code   RO         1580    .text.HAL_UART_RxHalfCpltCallback  stm32h7xx_hal_uart.o
    0x08009fe8   0x08009fe8   0x00000108   Code   RO         1516    .text.HAL_UART_Transmit_DMA  stm32h7xx_hal_uart.o
    0x0800a0f0   0x0800a0f0   0x00000038   Code   RO           41    .text.HAL_UART_TxCpltCallback  main.o
    0x0800a128   0x0800a128   0x00000008   Code   RO         1576    .text.HAL_UART_TxHalfCpltCallback  stm32h7xx_hal_uart.o
    0x0800a130   0x0800a130   0x00000004   Code   RO          154    .text.HardFault_Handler  stm32h7xx_it.o
    0x0800a134   0x0800a134   0x00000004   PAD
    0x0800a138   0x0800a138   0x00000166   Code   RO           83    .text.MX_DMA_Init   dma.o
    0x0800a29e   0x0800a29e   0x00000002   PAD
    0x0800a2a0   0x0800a2a0   0x00000108   Code   RO           75    .text.MX_GPIO_Init  gpio.o
    0x0800a3a8   0x0800a3a8   0x0000011a   Code   RO           91    .text.MX_TIM1_Init  tim.o
    0x0800a4c2   0x0800a4c2   0x00000006   PAD
    0x0800a4c8   0x0800a4c8   0x000000dc   Code   RO           93    .text.MX_TIM2_Init  tim.o
    0x0800a5a4   0x0800a5a4   0x00000004   PAD
    0x0800a5a8   0x0800a5a8   0x000000fc   Code   RO           97    .text.MX_TIM3_Init  tim.o
    0x0800a6a4   0x0800a6a4   0x00000004   PAD
    0x0800a6a8   0x0800a6a8   0x00000102   Code   RO           99    .text.MX_TIM4_Init  tim.o
    0x0800a7aa   0x0800a7aa   0x00000006   PAD
    0x0800a7b0   0x0800a7b0   0x00000086   Code   RO          101    .text.MX_TIM5_Init  tim.o
    0x0800a836   0x0800a836   0x00000002   PAD
    0x0800a838   0x0800a838   0x0000011c   Code   RO          103    .text.MX_TIM8_Init  tim.o
    0x0800a954   0x0800a954   0x00000004   PAD
    0x0800a958   0x0800a958   0x00000094   Code   RO          136    .text.MX_USART2_UART_Init  usart.o
    0x0800a9ec   0x0800a9ec   0x00000004   PAD
    0x0800a9f0   0x0800a9f0   0x00000004   Code   RO          156    .text.MemManage_Handler  stm32h7xx_it.o
    0x0800a9f4   0x0800a9f4   0x00000004   PAD
    0x0800a9f8   0x0800a9f8   0x00000004   Code   RO          152    .text.NMI_Handler   stm32h7xx_it.o
    0x0800a9fc   0x0800a9fc   0x00000004   PAD
    0x0800aa00   0x0800aa00   0x0000006c   Code   RO          233    .text.NVIC_EncodePriority  stm32h7xx_hal_cortex.o
    0x0800aa6c   0x0800aa6c   0x00000004   PAD
    0x0800aa70   0x0800aa70   0x00000002   Code   RO          166    .text.PendSV_Handler  stm32h7xx_it.o
    0x0800aa72   0x0800aa72   0x00000006   PAD
    0x0800aa78   0x0800aa78   0x000001ca   Code   RO          337    .text.RCCEx_PLL2_Config  stm32h7xx_hal_rcc_ex.o
    0x0800ac42   0x0800ac42   0x00000006   PAD
    0x0800ac48   0x0800ac48   0x000001ca   Code   RO          339    .text.RCCEx_PLL3_Config  stm32h7xx_hal_rcc_ex.o
    0x0800ae12   0x0800ae12   0x00000006   PAD
    0x0800ae18   0x0800ae18   0x00000002   Code   RO          162    .text.SVC_Handler   stm32h7xx_it.o
    0x0800ae1a   0x0800ae1a   0x00000006   PAD
    0x0800ae20   0x0800ae20   0x00000052   Code   RO          249    .text.SysTick_Config  stm32h7xx_hal_cortex.o
    0x0800ae72   0x0800ae72   0x00000006   PAD
    0x0800ae78   0x0800ae78   0x00000008   Code   RO          168    .text.SysTick_Handler  stm32h7xx_it.o
    0x0800ae80   0x0800ae80   0x000002e4   Code   RO         1671    .text.SystemCoreClockUpdate  system_stm32h7xx.o
    0x0800b164   0x0800b164   0x00000004   PAD
    0x0800b168   0x0800b168   0x00000166   Code   RO         1669    .text.SystemInit    system_stm32h7xx.o
    0x0800b2ce   0x0800b2ce   0x00000002   PAD
    0x0800b2d0   0x0800b2d0   0x00000010   Code   RO          190    .text.TIM5_IRQHandler  stm32h7xx_it.o
    0x0800b2e0   0x0800b2e0   0x00000010   Code   RO          186    .text.TIM8_TRG_COM_TIM14_IRQHandler  stm32h7xx_it.o
    0x0800b2f0   0x0800b2f0   0x000001c4   Code   RO         1128    .text.TIM_Base_SetConfig  stm32h7xx_hal_tim.o
    0x0800b4b4   0x0800b4b4   0x00000004   PAD
    0x0800b4b8   0x0800b4b8   0x00000036   Code   RO         1162    .text.TIM_CCxChannelCmd  stm32h7xx_hal_tim.o
    0x0800b4ee   0x0800b4ee   0x00000002   PAD
    0x0800b4f0   0x0800b4f0   0x000000d4   Code   RO         1216    .text.TIM_DMACaptureCplt  stm32h7xx_hal_tim.o
    0x0800b5c4   0x0800b5c4   0x00000004   PAD
    0x0800b5c8   0x0800b5c8   0x00000074   Code   RO         1218    .text.TIM_DMACaptureHalfCplt  stm32h7xx_hal_tim.o
    0x0800b63c   0x0800b63c   0x00000004   PAD
    0x0800b640   0x0800b640   0x0000009a   Code   RO         1148    .text.TIM_DMAError  stm32h7xx_hal_tim.o
    0x0800b6da   0x0800b6da   0x00000006   PAD
    0x0800b6e0   0x0800b6e0   0x00000034   Code   RO         1318    .text.TIM_ETR_SetConfig  stm32h7xx_hal_tim.o
    0x0800b714   0x0800b714   0x00000004   PAD
    0x0800b718   0x0800b718   0x00000030   Code   RO         1324    .text.TIM_ITRx_SetConfig  stm32h7xx_hal_tim.o
    0x0800b748   0x0800b748   0x00000150   Code   RO         1272    .text.TIM_OC1_SetConfig  stm32h7xx_hal_tim.o
    0x0800b898   0x0800b898   0x0000016c   Code   RO         1274    .text.TIM_OC2_SetConfig  stm32h7xx_hal_tim.o
    0x0800ba04   0x0800ba04   0x00000004   PAD
    0x0800ba08   0x0800ba08   0x0000016a   Code   RO         1276    .text.TIM_OC3_SetConfig  stm32h7xx_hal_tim.o
    0x0800bb72   0x0800bb72   0x00000006   PAD
    0x0800bb78   0x0800bb78   0x000000da   Code   RO         1278    .text.TIM_OC4_SetConfig  stm32h7xx_hal_tim.o
    0x0800bc52   0x0800bc52   0x00000006   PAD
    0x0800bc58   0x0800bc58   0x000000d0   Code   RO         1280    .text.TIM_OC5_SetConfig  stm32h7xx_hal_tim.o
    0x0800bd28   0x0800bd28   0x000000d2   Code   RO         1282    .text.TIM_OC6_SetConfig  stm32h7xx_hal_tim.o
    0x0800bdfa   0x0800bdfa   0x00000006   PAD
    0x0800be00   0x0800be00   0x00000050   Code   RO         1322    .text.TIM_TI1_ConfigInputStage  stm32h7xx_hal_tim.o
    0x0800be50   0x0800be50   0x0000013e   Code   RO         1286    .text.TIM_TI1_SetConfig  stm32h7xx_hal_tim.o
    0x0800bf8e   0x0800bf8e   0x00000002   PAD
    0x0800bf90   0x0800bf90   0x00000052   Code   RO         1326    .text.TIM_TI2_ConfigInputStage  stm32h7xx_hal_tim.o
    0x0800bfe2   0x0800bfe2   0x00000006   PAD
    0x0800bfe8   0x0800bfe8   0x0000006c   Code   RO         1288    .text.TIM_TI2_SetConfig  stm32h7xx_hal_tim.o
    0x0800c054   0x0800c054   0x00000004   PAD
    0x0800c058   0x0800c058   0x0000006a   Code   RO         1290    .text.TIM_TI3_SetConfig  stm32h7xx_hal_tim.o
    0x0800c0c2   0x0800c0c2   0x00000006   PAD
    0x0800c0c8   0x0800c0c8   0x0000006c   Code   RO         1292    .text.TIM_TI4_SetConfig  stm32h7xx_hal_tim.o
    0x0800c134   0x0800c134   0x00000004   PAD
    0x0800c138   0x0800c138   0x00000086   Code   RO         1644    .text.UARTEx_SetNbDataToProcess  stm32h7xx_hal_uart_ex.o
    0x0800c1be   0x0800c1be   0x00000002   PAD
    0x0800c1c0   0x0800c1c0   0x00000148   Code   RO         1480    .text.UART_AdvFeatureConfig  stm32h7xx_hal_uart.o
    0x0800c308   0x0800c308   0x00000146   Code   RO         1484    .text.UART_CheckIdleState  stm32h7xx_hal_uart.o
    0x0800c44e   0x0800c44e   0x00000002   PAD
    0x0800c450   0x0800c450   0x0000001e   Code   RO         1566    .text.UART_DMAAbortOnError  stm32h7xx_hal_uart.o
    0x0800c46e   0x0800c46e   0x00000002   PAD
    0x0800c470   0x0800c470   0x00000080   Code   RO         1522    .text.UART_DMAError  stm32h7xx_hal_uart.o
    0x0800c4f0   0x0800c4f0   0x000000f6   Code   RO         1612    .text.UART_DMAReceiveCplt  stm32h7xx_hal_uart.o
    0x0800c5e6   0x0800c5e6   0x00000002   PAD
    0x0800c5e8   0x0800c5e8   0x00000036   Code   RO         1614    .text.UART_DMARxHalfCplt  stm32h7xx_hal_uart.o
    0x0800c61e   0x0800c61e   0x00000002   PAD
    0x0800c620   0x0800c620   0x0000007a   Code   RO         1518    .text.UART_DMATransmitCplt  stm32h7xx_hal_uart.o
    0x0800c69a   0x0800c69a   0x00000006   PAD
    0x0800c6a0   0x0800c6a0   0x00000016   Code   RO         1520    .text.UART_DMATxHalfCplt  stm32h7xx_hal_uart.o
    0x0800c6b6   0x0800c6b6   0x00000002   PAD
    0x0800c6b8   0x0800c6b8   0x0000009e   Code   RO         1536    .text.UART_EndRxTransfer  stm32h7xx_hal_uart.o
    0x0800c756   0x0800c756   0x00000002   PAD
    0x0800c758   0x0800c758   0x00000044   Code   RO         1572    .text.UART_EndTransmit_IT  stm32h7xx_hal_uart.o
    0x0800c79c   0x0800c79c   0x00000004   PAD
    0x0800c7a0   0x0800c7a0   0x0000005c   Code   RO         1534    .text.UART_EndTxTransfer  stm32h7xx_hal_uart.o
    0x0800c7fc   0x0800c7fc   0x00000004   PAD
    0x0800c800   0x0800c800   0x00000a4e   Code   RO         1482    .text.UART_SetConfig  stm32h7xx_hal_uart.o
    0x0800d24e   0x0800d24e   0x00000002   PAD
    0x0800d250   0x0800d250   0x0000012e   Code   RO         1526    .text.UART_Start_Receive_DMA  stm32h7xx_hal_uart.o
    0x0800d37e   0x0800d37e   0x00000002   PAD
    0x0800d380   0x0800d380   0x0000010c   Code   RO         1498    .text.UART_WaitOnFlagUntilTimeout  stm32h7xx_hal_uart.o
    0x0800d48c   0x0800d48c   0x00000004   PAD
    0x0800d490   0x0800d490   0x00000010   Code   RO          184    .text.USART2_IRQHandler  stm32h7xx_it.o
    0x0800d4a0   0x0800d4a0   0x00000004   Code   RO          160    .text.UsageFault_Handler  stm32h7xx_it.o
    0x0800d4a4   0x0800d4a4   0x00000004   PAD
    0x0800d4a8   0x0800d4a8   0x00000010   Code   RO           45    .text._GLOBAL__sub_I_main.cpp  main.o
    0x0800d4b8   0x0800d4b8   0x000000cc   Code   RO           31    .text._Z18SystemClock_Configv  main.o
    0x0800d584   0x0800d584   0x00000004   PAD
    0x0800d588   0x0800d588   0x00000056   Code   RO           27    .text._ZL10MPU_Configv  main.o
    0x0800d5de   0x0800d5de   0x00000002   PAD
    0x0800d5e0   0x0800d5e0   0x0000005e   Code   RO         1759    .text._ZN14SerialProtocol10buildFrameEPhhS0_  serialprotocol.o
    0x0800d63e   0x0800d63e   0x00000002   PAD
    0x0800d640   0x0800d640   0x000000f2   Code   RO         1765    .text._ZN14SerialProtocol10parseFrameEPhtS0_S0_  serialprotocol.o
    0x0800d732   0x0800d732   0x00000006   PAD
    0x0800d738   0x0800d738   0x0000004a   Code   RO         1753    .text._ZN14SerialProtocol11getInstanceEv  serialprotocol.o
    0x0800d782   0x0800d782   0x00000006   PAD
    0x0800d788   0x0800d788   0x00000014   Code   RO         1769    .text._ZN14SerialProtocol12startSendingEv  serialprotocol.o
    0x0800d79c   0x0800d79c   0x00000004   PAD
    0x0800d7a0   0x0800d7a0   0x00000048   Code   RO         1787    .text._ZN14SerialProtocol13onUartReceiveEPht  serialprotocol.o
    0x0800d7e8   0x0800d7e8   0x00000068   Code   RO         1779    .text._ZN14SerialProtocol15pushToSendQueueEPh  serialprotocol.o
    0x0800d850   0x0800d850   0x00000034   Code   RO         1775    .text._ZN14SerialProtocol15sendOneAckFrameEv  serialprotocol.o
    0x0800d884   0x0800d884   0x00000004   PAD
    0x0800d888   0x0800d888   0x00000026   Code   RO         1771    .text._ZN14SerialProtocol16notifySendResultEh  serialprotocol.o
    0x0800d8ae   0x0800d8ae   0x00000002   PAD
    0x0800d8b0   0x0800d8b0   0x00000010   Code   RO         1789    .text._ZN14SerialProtocol16onUartTxCompleteEv  serialprotocol.o
    0x0800d8c0   0x0800d8c0   0x00000074   Code   RO         1781    .text._ZN14SerialProtocol16popFromSendQueueEPh  serialprotocol.o
    0x0800d934   0x0800d934   0x00000004   PAD
    0x0800d938   0x0800d938   0x0000002e   Code   RO         1763    .text._ZN14SerialProtocol17calculateChecksumEPh  serialprotocol.o
    0x0800d966   0x0800d966   0x00000002   PAD
    0x0800d968   0x0800d968   0x00000034   Code   RO         1777    .text._ZN14SerialProtocol22onInfraredSendCompleteEh  serialprotocol.o
    0x0800d99c   0x0800d99c   0x00000004   PAD
    0x0800d9a0   0x0800d9a0   0x0000005c   Code   RO         1757    .text._ZN14SerialProtocol4initEP20__UART_HandleTypeDefP9IRManager  serialprotocol.o
    0x0800d9fc   0x0800d9fc   0x00000004   PAD
    0x0800da00   0x0800da00   0x0000033e   Code   RO         1785    .text._ZN14SerialProtocol7processEv  serialprotocol.o
    0x0800dd3e   0x0800dd3e   0x00000002   PAD
    0x0800dd40   0x0800dd40   0x00000012   Code   RO         1761    .text._ZN14SerialProtocol9getTickMsEv  serialprotocol.o
    0x0800dd52   0x0800dd52   0x00000006   PAD
    0x0800dd58   0x0800dd58   0x0000004c   Code   RO         1767    .text._ZN14SerialProtocol9sendFrameEPhh  serialprotocol.o
    0x0800dda4   0x0800dda4   0x00000004   PAD
    0x0800dda8   0x0800dda8   0x000000a0   Code   RO         1755    .text._ZN14SerialProtocolC2Ev  serialprotocol.o
    0x0800de48   0x0800de48   0x0000004a   Code   RO         1800    .text._ZN15Serial1Protocol11getInstanceEv  serial1protocol.o
    0x0800de92   0x0800de92   0x00000006   PAD
    0x0800de98   0x0800de98   0x000000a0   Code   RO         1802    .text._ZN15Serial1ProtocolC2Ev  serial1protocol.o
    0x0800df38   0x0800df38   0x000000b4   Code   RO         1719    .text._ZN9IRManager10Clear_DataEv  module_ired.o
    0x0800dfec   0x0800dfec   0x00000004   PAD
    0x0800dff0   0x0800dff0   0x00000092   Code   RO         1723    .text._ZN9IRManager10IR_SendBitEh  module_ired.o
    0x0800e082   0x0800e082   0x00000006   PAD
    0x0800e088   0x0800e088   0x0000001c   Code   RO         1693    .text._ZN9IRManager10isDataSameEPhS0_  module_ired.o
    0x0800e0a4   0x0800e0a4   0x00000004   PAD
    0x0800e0a8   0x0800e0a8   0x0000004e   Code   RO         1725    .text._ZN9IRManager12IR_WriteByteEh  module_ired.o
    0x0800e0f6   0x0800e0f6   0x00000002   PAD
    0x0800e0f8   0x0800e0f8   0x0000003a   Code   RO         1721    .text._ZN9IRManager13IR_SendLeaderEv  module_ired.o
    0x0800e132   0x0800e132   0x00000006   PAD
    0x0800e138   0x0800e138   0x00000046   Code   RO         1750    .text._ZN9IRManager13Ired_Type_GetEv  module_ired.o
    0x0800e17e   0x0800e17e   0x00000002   PAD
    0x0800e180   0x0800e180   0x00000184   Code   RO         1699    .text._ZN9IRManager13handleNewDataEPh  module_ired.o
    0x0800e304   0x0800e304   0x00000004   PAD
    0x0800e308   0x0800e308   0x00000084   Code   RO         1689    .text._ZN9IRManager19Period_Measure_InitEP17TIM_HandleTypeDefjPj  module_ired.o
    0x0800e38c   0x0800e38c   0x00000004   PAD
    0x0800e390   0x0800e390   0x00000668   Code   RO         1717    .text._ZN9IRManager19Red_Ray_DATA_ProcssEPj21HAL_TIM_ActiveChannel  module_ired.o
    0x0800e9f8   0x0800e9f8   0x00000256   Code   RO         1731    .text._ZN9IRManager22Enable_Capture_And_DMAEv  module_ired.o
    0x0800ec4e   0x0800ec4e   0x00000002   PAD
    0x0800ec50   0x0800ec50   0x000002c4   Code   RO         1733    .text._ZN9IRManager22ProcessCaptureCallbackEP17TIM_HandleTypeDef  module_ired.o
    0x0800ef14   0x0800ef14   0x00000004   PAD
    0x0800ef18   0x0800ef18   0x0000001e   Code   RO         1695    .text._ZN9IRManager22storeToPendingAndCheckEPh  module_ired.o
    0x0800ef36   0x0800ef36   0x00000002   PAD
    0x0800ef38   0x0800ef38   0x000000fe   Code   RO         1729    .text._ZN9IRManager23Disable_Capture_And_DMAEv  module_ired.o
    0x0800f036   0x0800f036   0x00000002   PAD
    0x0800f038   0x0800f038   0x0000012e   Code   RO         1687    .text._ZN9IRManager4initEP17TIM_HandleTypeDefS1_S1_S1_S1_  module_ired.o
    0x0800f166   0x0800f166   0x00000002   PAD
    0x0800f168   0x0800f168   0x000000e2   Code   RO         1727    .text._ZN9IRManager7IR_SendEPhh  module_ired.o
    0x0800f24a   0x0800f24a   0x00000006   PAD
    0x0800f250   0x0800f250   0x000004a6   Code   RO         1737    .text._ZN9IRManager7processEv  module_ired.o
    0x0800f6f6   0x0800f6f6   0x00000002   PAD
    0x0800f6f8   0x0800f6f8   0x0000022c   Code   RO         1685    .text._ZN9IRManagerC2Eh  module_ired.o
    0x0800f924   0x0800f924   0x00000004   PAD
    0x0800f928   0x0800f928   0x0000004a   Code   RO         1859    .text._ZN9TimeStamp11getInstanceEv  bsp_timestamp.o
    0x0800f972   0x0800f972   0x00000006   PAD
    0x0800f978   0x0800f978   0x00000050   Code   RO         1863    .text._ZN9TimeStamp16overflowCallbackEv  bsp_timestamp.o
    0x0800f9c8   0x0800f9c8   0x00000034   Code   RO         1861    .text._ZN9TimeStamp4initEP17TIM_HandleTypeDef  bsp_timestamp.o
    0x0800f9fc   0x0800f9fc   0x00000004   PAD
    0x0800fa00   0x0800fa00   0x0000000a   Code   RO         1857    .text._ZN9TimeStampC2Ev  bsp_timestamp.o
    0x0800fa0a   0x0800fa0a   0x00000006   PAD
    0x0800fa10   0x0800fa10   0x000000ba   Code   RO         1865    .text._ZNK9TimeStamp15getMicrosecondsEv  bsp_timestamp.o
    0x0800faca   0x0800faca   0x00000006   PAD
    0x0800fad0   0x0800fad0   0x0000001a   Code   RO         1867    .text._ZNK9TimeStamp15getMillisecondsEv  bsp_timestamp.o
    0x0800faea   0x0800faea   0x00000006   PAD
    0x0800faf0   0x0800faf0   0x00000038   Code   RO          241    .text.__NVIC_DisableIRQ  stm32h7xx_hal_cortex.o
    0x0800fb28   0x0800fb28   0x00000030   Code   RO          237    .text.__NVIC_EnableIRQ  stm32h7xx_hal_cortex.o
    0x0800fb58   0x0800fb58   0x00000010   Code   RO          229    .text.__NVIC_GetPriorityGrouping  stm32h7xx_hal_cortex.o
    0x0800fb68   0x0800fb68   0x00000042   Code   RO          231    .text.__NVIC_SetPriority  stm32h7xx_hal_cortex.o
    0x0800fbaa   0x0800fbaa   0x00000006   PAD
    0x0800fbb0   0x0800fbb0   0x0000003c   Code   RO          225    .text.__NVIC_SetPriorityGrouping  stm32h7xx_hal_cortex.o
    0x0800fbec   0x0800fbec   0x00000004   PAD
    0x0800fbf0   0x0800fbf0   0x00000012   Code   RO           11    .text.__cxx_global_var_init  main.o
    0x0800fc02   0x0800fc02   0x00000006   PAD
    0x0800fc08   0x0800fc08   0x00000012   Code   RO           13    .text.__cxx_global_var_init.1  main.o
    0x0800fc1a   0x0800fc1a   0x00000006   PAD
    0x0800fc20   0x0800fc20   0x00000012   Code   RO           15    .text.__cxx_global_var_init.2  main.o
    0x0800fc32   0x0800fc32   0x00000006   PAD
    0x0800fc38   0x0800fc38   0x0000004c   Code   RO           43    .text.delay_us      main.o
    0x0800fc84   0x0800fc84   0x00000004   PAD
    0x0800fc88   0x0800fc88   0x000000d6   Code   RO           25    .text.main          main.o
    0x0800fd5e   0x0800fd5e   0x0000002c   Code   RO         1906    .text.unlikely.__cxa_guard_acquire  libcppabi_w.l(cxa_guard.cpp.o)
    0x0800fd8a   0x0800fd8a   0x00000008   Code   RO         1908    .text.unlikely.__cxa_guard_release  libcppabi_w.l(cxa_guard.cpp.o)
    0x0800fd92   0x0800fd92   0x00000004   Code   RO         1974    .text.unlikely.abort_message  libcppabi_w.l(abort_message.cpp.o)
    0x0800fd96   0x0800fd96   0x0000001a   Code   RO         1998    x$fpl$fpinit        fz_wv.l(fpinit.o)
    0x0800fdb0   0x0800fdb0   0x00000010   Data   RO         1677    .rodata.D1CorePrescTable  system_stm32h7xx.o
    0x0800fdc0   0x0800fdc0   0x00000008   Data   RO          587    .rodata.DMA_CalcBaseAndBitshift.flagBitshiftOffset  stm32h7xx_hal_dma.o
    0x0800fdc8   0x0800fdc8   0x00000008   Data   RO         1661    .rodata.UARTEx_SetNbDataToProcess.denominator  stm32h7xx_hal_uart_ex.o
    0x0800fdd0   0x0800fdd0   0x00000008   Data   RO         1660    .rodata.UARTEx_SetNbDataToProcess.numerator  stm32h7xx_hal_uart_ex.o
    0x0800fdd8   0x0800fdd8   0x00000018   Data   RO         1616    .rodata.UARTPrescTable  stm32h7xx_hal_uart.o
    0x0800fdf0   0x0800fdf0   0x00000093   Data   RO         1912    .rodata.str1.1      libcppabi_w.l(cxa_guard.cpp.o)
    0x0800fe83   0x0800fe83   0x00000001   PAD
    0x0800fe84   0x0800fe84   0x00000020   Data   RO         2103    Region$$Table       anon$$obj.o
    0x0800fea4   0x0800fea4   0x00000004   Data   RO           66    .init_array         main.o
    0x0800fea8   0x0800fea4   0x00000000   Data   RO         1898    .init_array         c_w.l(init_aeabi.o)


    Execution Region RW_IRAM1 (Exec base: 0x20000000, Load base: 0x0800fea8, Size: 0x00000000, Max: 0x00020000, ABSOLUTE)

    **** No section assigned to this execution region ****


    Execution Region RW_IRAM2 (Exec base: 0x24000000, Load base: 0x0800fea8, Size: 0x00002320, Max: 0x00050000, ABSOLUTE)

    Exec Addr    Load Addr    Size         Type   Attr      Idx    E Section Name        Object

    0x24000000   0x0800fea8   0x00000004   Data   RW         1675    .data.SystemCoreClock  system_stm32h7xx.o
    0x24000004   0x0800feac   0x00000004   Data   RW         1676    .data.SystemD2Clock  system_stm32h7xx.o
    0x24000008   0x0800feb0   0x00000001   Data   RW          902    .data.uwTickFreq    stm32h7xx_hal.o
    0x24000009   0x0800feb1   0x00000003   PAD
    0x2400000c   0x0800feb4   0x00000004   Data   RW          901    .data.uwTickPrio    stm32h7xx_hal.o
    0x24000010        -       0x00000060   Zero   RW         2031    .bss                c_w.l(libspace.o)
    0x24000070        -       0x00000004   Zero   RW         1792    .bss._ZGVZN14SerialProtocol11getInstanceEvE8instance  serialprotocol.o
    0x24000074        -       0x00000004   Zero   RW         1849    .bss._ZGVZN15Serial1Protocol11getInstanceEvE8instance  serial1protocol.o
    0x24000078        -       0x00000004   Zero   RW         1874    .bss._ZGVZN9TimeStamp11getInstanceEvE8instance  bsp_timestamp.o
    0x2400007c   0x0800feb8   0x00000004   PAD
    0x24000080        -       0x00000008   Zero   RW         1872    .bss._ZN9TimeStamp17s_overflow_count_E  bsp_timestamp.o
    0x24000088        -       0x00000004   Zero   RW         1871    .bss._ZN9TimeStamp7s_htim_E  bsp_timestamp.o
    0x2400008c        -       0x000000c0   Zero   RW         1791    .bss._ZZN14SerialProtocol11getInstanceEvE8instance  serialprotocol.o
    0x2400014c        -       0x000000a0   Zero   RW         1848    .bss._ZZN15Serial1Protocol11getInstanceEvE8instance  serial1protocol.o
    0x240001ec        -       0x00000001   Zero   RW         1873    .bss._ZZN9TimeStamp11getInstanceEvE8instance  bsp_timestamp.o
    0x240001ed   0x0800feb8   0x00000003   PAD
    0x240001f0        -       0x00001100   Zero   RW           51    .bss.g_irManager    main.o
    0x240012f0        -       0x00000004   Zero   RW           63    .bss.g_serialProto  main.o
    0x240012f4        -       0x00000004   Zero   RW           64    .bss.g_serialProto1  main.o
    0x240012f8        -       0x00000078   Zero   RW          115    .bss.hdma_tim1_ch1  tim.o
    0x24001370        -       0x00000078   Zero   RW          116    .bss.hdma_tim1_ch2  tim.o
    0x240013e8        -       0x00000078   Zero   RW          118    .bss.hdma_tim1_ch3  tim.o
    0x24001460        -       0x00000078   Zero   RW          117    .bss.hdma_tim1_ch4  tim.o
    0x240014d8        -       0x00000078   Zero   RW          119    .bss.hdma_tim3_ch1  tim.o
    0x24001550        -       0x00000078   Zero   RW          120    .bss.hdma_tim3_ch2  tim.o
    0x240015c8        -       0x00000078   Zero   RW          121    .bss.hdma_tim3_ch3  tim.o
    0x24001640        -       0x00000078   Zero   RW          122    .bss.hdma_tim4_ch1  tim.o
    0x240016b8        -       0x00000078   Zero   RW          123    .bss.hdma_tim4_ch2  tim.o
    0x24001730        -       0x00000078   Zero   RW          124    .bss.hdma_tim4_ch3  tim.o
    0x240017a8        -       0x00000078   Zero   RW          125    .bss.hdma_tim8_ch1  tim.o
    0x24001820        -       0x00000078   Zero   RW          126    .bss.hdma_tim8_ch2  tim.o
    0x24001898        -       0x00000078   Zero   RW          127    .bss.hdma_tim8_ch3  tim.o
    0x24001910        -       0x00000078   Zero   RW          128    .bss.hdma_tim8_ch4  tim.o
    0x24001988        -       0x00000078   Zero   RW          143    .bss.hdma_usart2_rx  usart.o
    0x24001a00        -       0x00000078   Zero   RW          144    .bss.hdma_usart2_tx  usart.o
    0x24001a78        -       0x0000004c   Zero   RW          109    .bss.htim1          tim.o
    0x24001ac4        -       0x0000004c   Zero   RW          110    .bss.htim2          tim.o
    0x24001b10        -       0x0000004c   Zero   RW          111    .bss.htim3          tim.o
    0x24001b5c        -       0x0000004c   Zero   RW          112    .bss.htim4          tim.o
    0x24001ba8        -       0x0000004c   Zero   RW          113    .bss.htim5          tim.o
    0x24001bf4        -       0x0000004c   Zero   RW          114    .bss.htim8          tim.o
    0x24001c40        -       0x00000094   Zero   RW          142    .bss.huart2         usart.o
    0x24001cd4        -       0x00000002   Zero   RW         1739    .bss.step1          module_ired.o
    0x24001cd6        -       0x00000002   Zero   RW         1740    .bss.step2          module_ired.o
    0x24001cd8        -       0x00000002   Zero   RW         1741    .bss.step3          module_ired.o
    0x24001cda        -       0x00000002   Zero   RW         1742    .bss.step4          module_ired.o
    0x24001cdc        -       0x00000002   Zero   RW         1743    .bss.step5          module_ired.o
    0x24001cde        -       0x0000001e   Zero   RW           47    .bss.uart2_data_rec  main.o
    0x24001cfc        -       0x0000001e   Zero   RW           48    .bss.uart2_data_snd  main.o
    0x24001d1a        -       0x00000001   Zero   RW           53    .bss.uart_tx_complete  main.o
    0x24001d1b   0x0800feb8   0x00000001   PAD
    0x24001d1c        -       0x00000004   Zero   RW          903    .bss.uwTick         stm32h7xx_hal.o
    0x24001d20        -       0x00000200   Zero   RW            2    HEAP                startup_stm32h723xx.o
    0x24001f20        -       0x00000400   Zero   RW            1    STACK               startup_stm32h723xx.o


==============================================================================

Image component sizes


      Code (inc. data)   RO Data    RW Data    ZI Data      Debug   Object Name

       428          0          0          0         17      16524   bsp_timestamp.o
       358          0          0          0          0       5273   dma.o
       264          0          0          0          0       2969   gpio.o
       868          0          4          0       4421      23039   main.o
      6584         46          0          0         10      31450   module_ired.o
       234          0          0          0        164      24125   serial1protocol.o
      2102          0          0          0        196      23040   serialprotocol.o
        72         30        716          0       1536        840   startup_stm32h723xx.o
       294          0          0          5          4      14602   stm32h7xx_hal.o
       764          0          0          0          0      11482   stm32h7xx_hal_cortex.o
     15540          8          8          0          0      12461   stm32h7xx_hal_dma.o
       936          0          0          0          0       6989   stm32h7xx_hal_gpio.o
        36          0          0          0          0       2214   stm32h7xx_hal_msp.o
       162          0          0          0          0       9307   stm32h7xx_hal_pwr_ex.o
      4694         66          0          0          0      11378   stm32h7xx_hal_rcc.o
      6358         96          0          0          0      18630   stm32h7xx_hal_rcc_ex.o
      8888         50          0          0          0      37542   stm32h7xx_hal_tim.o
       404          0          0          0          0      18119   stm32h7xx_hal_tim_ex.o
      7038        342         24          0          0      29419   stm32h7xx_hal_uart.o
       738          0         16          0          0       8877   stm32h7xx_hal_uart_ex.o
       338          0          0          0          0       2878   stm32h7xx_it.o
      1138         62         16          8          0       5538   system_stm32h7xx.o
      3558          0          0          0       2136      14195   tim.o
       580          0          0          0        388      11339   usart.o

    ----------------------------------------------------------------------
     62894        708        816         16       8880     342230   Object Totals
         0          0         32          0          0          0   (incl. Generated)
       518          8          0          3          8          0   (incl. Padding)

    ----------------------------------------------------------------------

      Code (inc. data)   RO Data    RW Data    ZI Data      Debug   Library Member Name

         8          0          0          0          0         68   __main.o
         0          0          0          0          0          0   __rtentry.o
        12          0          0          0          0          0   __rtentry2.o
         6          0          0          0          0          0   __rtentry4.o
        94          8          0          0          0          0   __scatter.o
        26          0          0          0          0          0   __scatter_copy.o
        28          0          0          0          0          0   __scatter_zi.o
        22          0          0          0          0         80   abort.o
        48         34          0          0          0         76   defsig_abrt_inner.o
        14          0          0          0          0         80   defsig_abrt_outer.o
        10          0          0          0          0         68   defsig_exit.o
        50          0          0          0          0         88   defsig_general.o
        18          0          0          0          0         80   exit.o
         6          0          0          0          0        152   heapauxi.o
         0          0          0          0          0          0   indicate_semi.o
        44          8          0          0          0         80   init_aeabi.o
         2          0          0          0          0          0   libinit.o
        10          0          0          0          0          0   libinit2.o
         2          0          0          0          0          0   libshutdown.o
         2          0          0          0          0          0   libshutdown2.o
         8          4          0          0         96         68   libspace.o
       240          0          0          0          0        100   lludivv7m.o
        88          0          0          0          0         76   memcmp.o
        68          0          0          0          0         68   rt_memclr.o
        78          0          0          0          0         80   rt_memclr_w.o
       138          0          0          0          0         68   rt_memcpy_v6.o
       100          0          0          0          0         80   rt_memcpy_w.o
         2          0          0          0          0          0   rtexit.o
        10          0          0          0          0          0   rtexit2.o
        12          4          0          0          0         68   sys_exit.o
        74          0          0          0          0         80   sys_stackheap_outer.o
        14          0          0          0          0         76   sys_wrch.o
         2          0          0          0          0         68   use_no_semi.o
        26          0          0          0          0        116   fpinit.o
         4          0          0          0          0         36   abort_message.cpp.o
        52          0        147          0          0         76   cxa_guard.cpp.o

    ----------------------------------------------------------------------
      1334         58        148          0         96       1832   Library Totals
        16          0          1          0          0          0   (incl. Padding)

    ----------------------------------------------------------------------

      Code (inc. data)   RO Data    RW Data    ZI Data      Debug   Library Name

      1236         58          0          0         96       1604   c_w.l
        26          0          0          0          0        116   fz_wv.l
        56          0        147          0          0        112   libcppabi_w.l

    ----------------------------------------------------------------------
      1334         58        148          0         96       1832   Library Totals

    ----------------------------------------------------------------------

==============================================================================


      Code (inc. data)   RO Data    RW Data    ZI Data      Debug   

     64228        766        964         16       8976     342818   Grand Totals
     64228        766        964         16       8976     342818   ELF Image Totals
     64228        766        964         16          0          0   ROM Totals

==============================================================================

    Total RO  Size (Code + RO Data)                65192 (  63.66kB)
    Total RW  Size (RW Data + ZI Data)              8992 (   8.78kB)
    Total ROM Size (Code + RO Data + RW Data)      65208 (  63.68kB)

==============================================================================

